0 %, 22274 MiB
0 %, 22274 MiB
0 %, 22274 MiB
100 %, 22274 MiB
100 %, 22274 MiB
100 %, 22282 MiB
0 %, 22284 MiB
0 %, 22284 MiB
0 %, 22288 MiB
0 %, 22288 MiB
0 %, 22292 MiB
0 %, 22294 MiB
0 %, 22296 MiB
0 %, 22300 MiB
0 %, 22306 MiB
0 %, 22308 MiB
0 %, 22310 MiB
0 %, 22312 MiB
0 %, 22312 MiB
0 %, 22316 MiB
0 %, 22316 MiB
0 %, 22318 MiB
82 %, 22320 MiB
0 %, 22324 MiB
65 %, 22328 MiB
0 %, 22328 MiB
88 %, 22330 MiB
0 %, 22332 MiB
0 %, 22336 MiB
0 %, 22336 MiB
0 %, 22336 MiB
0 %, 22336 MiB
0 %, 22336 MiB
0 %, 22336 MiB
0 %, 22336 MiB
0 %, 22336 MiB
0 %, 22336 MiB
0 %, 22336 MiB
0 %, 22336 MiB
