0 %, 21974 MiB
0 %, 21974 MiB
0 %, 21974 MiB
0 %, 21974 MiB
0 %, 21974 MiB
0 %, 22012 MiB
69 %, 22018 MiB
0 %, 22018 MiB
75 %, 22024 MiB
0 %, 22026 MiB
50 %, 22028 MiB
0 %, 22030 MiB
49 %, 22032 MiB
0 %, 22034 MiB
73 %, 22036 MiB
0 %, 22038 MiB
64 %, 22040 MiB
0 %, 22042 MiB
75 %, 22044 MiB
0 %, 22044 MiB
48 %, 22048 MiB
0 %, 22052 MiB
70 %, 22056 MiB
0 %, 22060 MiB
72 %, 22064 MiB
0 %, 22066 MiB
55 %, 22068 MiB
0 %, 22070 MiB
64 %, 22076 MiB
0 %, 22076 MiB
67 %, 22080 MiB
0 %, 22080 MiB
72 %, 22084 MiB
32 %, 22086 MiB
43 %, 22088 MiB
5 %, 22092 MiB
40 %, 22094 MiB
29 %, 22096 MiB
66 %, 22096 MiB
50 %, 22096 MiB
42 %, 22096 MiB
73 %, 22096 MiB
40 %, 22096 MiB
0 %, 22096 MiB
54 %, 22096 MiB
85 %, 22096 MiB
73 %, 22096 MiB
75 %, 22096 MiB
5 %, 22096 MiB
100 %, 22096 MiB
43 %, 22096 MiB
52 %, 22096 MiB
46 %, 22096 MiB
100 %, 22096 MiB
67 %, 22096 MiB
85 %, 22096 MiB
71 %, 22096 MiB
63 %, 22096 MiB
46 %, 22098 MiB
70 %, 22098 MiB
42 %, 22098 MiB
96 %, 22098 MiB
58 %, 22098 MiB
100 %, 22098 MiB
46 %, 22098 MiB
80 %, 22100 MiB
26 %, 22100 MiB
70 %, 22100 MiB
61 %, 22102 MiB
84 %, 22104 MiB
16 %, 22106 MiB
100 %, 22106 MiB
42 %, 22106 MiB
100 %, 22106 MiB
56 %, 22108 MiB
17 %, 22112 MiB
50 %, 22114 MiB
0 %, 22116 MiB
35 %, 22116 MiB
32 %, 22118 MiB
81 %, 22120 MiB
69 %, 22122 MiB
45 %, 22124 MiB
100 %, 22124 MiB
2 %, 22124 MiB
100 %, 22124 MiB
0 %, 22128 MiB
100 %, 22128 MiB
1 %, 22128 MiB
100 %, 22128 MiB
6 %, 22128 MiB
98 %, 22130 MiB
3 %, 22130 MiB
37 %, 22132 MiB
0 %, 22134 MiB
91 %, 22136 MiB
7 %, 22138 MiB
100 %, 22140 MiB
27 %, 22142 MiB
100 %, 22144 MiB
0 %, 22146 MiB
100 %, 22148 MiB
3 %, 22150 MiB
100 %, 22152 MiB
0 %, 22152 MiB
100 %, 22154 MiB
0 %, 22154 MiB
100 %, 22154 MiB
13 %, 22154 MiB
100 %, 22154 MiB
15 %, 22158 MiB
87 %, 22160 MiB
6 %, 22162 MiB
100 %, 22164 MiB
2 %, 22166 MiB
100 %, 22168 MiB
3 %, 22172 MiB
100 %, 22174 MiB
0 %, 22176 MiB
100 %, 22178 MiB
0 %, 22178 MiB
0 %, 22178 MiB
1 %, 22178 MiB
23 %, 22180 MiB
40 %, 22182 MiB
