P 45.389 1000000000
SEED 45.411 1000000000 6000
F 45.432 1000000000 1
T 46.788 1000000000 1 5998 1
T 47.063 1000000000 2 5998 1
P 61.935 8
P 61.935 1
SEED 61.942 8 6000
P 61.942 2
SEED 61.949 1 6000
P 61.951 3
P 61.952 4
P 61.952 5
P 61.963 6
P 61.968 7
SEED 63.702 2 6000
F 63.706 8 1
F 63.708 1 1
SEED 63.712 3 6000
SEED 63.715 4 6000
SEED 63.717 5 6000
SEED 63.724 6 6000
SEED 63.750 7 6000
F 63.780 2 1
F 63.795 3 1
F 63.821 4 1
F 63.862 6 1
F 63.921 7 1
P 64.187 8
P 64.197 1
P 64.208 2
P 64.219 3
P 64.224 4
P 64.240 5
P 64.266 6
P 64.298 7
T 65.382 8 1 5917 1
F 65.387 5 1
F 65.407 1 2
F 65.455 3 2
F 65.467 2 2
F 65.475 8 2
F 65.503 4 2
F 65.548 6 2
F 65.594 7 2
F 65.892 5 2
P 65.946 8
P 65.946 1
P 65.946 2
P 65.947 3
P 65.947 4
P 65.947 5
P 65.947 6
P 65.947 7
F 65.950 1 3
F 65.951 3 3
F 65.952 4 3
F 65.953 6 3
F 65.960 2 3
F 65.988 8 3
F 66.048 7 3
F 66.331 5 3
T 66.453 1 1 5932 3
T 66.453 8 2 5995 3
T 67.789 2 1 5982 3
P 67.937 8
P 67.937 1
F 67.937 8 4
P 67.937 2
F 67.938 1 4
P 67.940 3
F 67.941 2 4
P 67.941 4
P 67.943 5
F 67.941 3 4
P 67.943 6
F 67.945 4 4
P 67.945 7
F 67.955 5 4
F 67.959 6 4
F 67.960 7 4
T 69.124 3 1 5958 4
P 69.937 4
F 69.937 4 5
P 69.938 5
F 69.938 5 5
P 69.940 6
F 69.941 6 5
P 69.943 7
F 69.944 7 5
F 69.945 8 5
P 69.945 8
P 69.949 1
P 69.949 2
P 69.949 3
F 69.950 1 5
F 69.951 2 5
F 69.952 3 5
T 70.458 4 1 5915 5
T 71.793 6 1 5989 5
P 71.938 7
P 71.939 8
P 71.939 1
F 71.939 7 6
P 71.939 2
F 71.940 8 6
P 71.941 3
F 71.941 1 6
P 71.942 4
F 71.944 2 6
P 71.944 5
F 71.945 3 6
P 71.946 6
F 71.947 4 6
F 71.951 5 6
F 71.951 6 6
T 73.126 7 1 5871 6
P 73.937 7
F 73.937 7 7
P 73.937 8
F 73.938 8 7
P 73.939 1
F 73.940 1 7
P 73.941 2
F 73.942 2 7
P 73.942 3
F 73.945 3 7
P 73.945 4
P 73.947 5
F 73.946 4 7
P 73.947 6
F 73.950 5 7
F 73.951 6 7
T 74.194 5 1 5867 7
T 74.194 1 2 5985 7
T 74.194 8 3 6048 7
T 74.194 2 2 6035 7
T 74.194 3 2 6011 7
T 74.194 4 2 5968 7
T 74.194 6 2 6042 7
T 74.194 7 2 5924 7
T 74.370 5 2 5920 7
T 74.371 1 3 6038 7
T 74.371 8 4 6101 7
T 74.371 2 3 6088 7
T 74.371 3 3 6064 7
T 74.371 4 3 6021 7
T 74.371 6 3 6095 7
T 74.371 7 3 5977 7
T 74.564 5 3 5973 7
T 74.564 1 4 6091 7
T 74.564 8 5 6154 7
T 74.564 2 4 6141 7
T 74.564 3 4 6117 7
T 74.564 4 4 6074 7
T 74.564 6 4 6148 7
T 74.564 7 4 6030 7
T 74.753 5 4 6026 7
T 74.753 1 5 6144 7
T 74.753 8 6 6207 7
T 74.753 2 5 6194 7
T 74.753 3 5 6170 7
T 74.753 4 5 6127 7
T 74.753 6 5 6201 7
T 74.753 7 5 6083 7
T 74.944 5 5 6079 7
T 74.944 1 6 6197 7
T 74.944 8 7 6260 7
T 74.944 2 6 6247 7
T 74.944 3 6 6223 7
T 74.944 4 6 6180 7
T 74.944 6 6 6254 7
T 74.944 7 6 6136 7
T 75.136 5 6 6132 7
T 75.136 1 7 6250 7
T 75.136 8 8 6260 7
T 75.136 2 7 6300 7
T 75.136 3 7 6276 7
T 75.136 4 7 6233 7
T 75.136 6 7 6307 7
T 75.136 7 7 6189 7
T 75.301 5 7 6185 7
T 75.301 1 8 6250 7
T 75.301 2 8 6300 7
T 75.301 3 8 6276 7
T 75.301 4 8 6233 7
T 75.302 6 8 6307 7
T 75.302 7 8 6189 7
T 75.353 5 8 6185 7
P 75.939 1
F 75.940 1 8
P 75.940 2
F 75.940 2 8
P 75.942 3
F 75.944 3 8
P 75.944 4
F 75.946 4 8
P 75.947 5
F 75.947 5 8
P 75.958 6
F 75.960 6 8
P 75.962 7
F 75.962 7 8
P 75.965 8
F 75.966 8 8
T 76.445 3 9 6329 8
T 76.511 1 9 6303 8
T 76.512 6 9 6360 8
T 76.604 8 9 6313 8
T 76.604 2 9 6353 8
T 76.604 4 9 6286 8
T 76.604 7 9 6242 8
T 76.604 5 9 6238 8
P 77.941 4
F 77.941 4 9
P 77.941 5
F 77.942 5 9
P 77.944 6
F 77.946 6 9
P 77.946 7
F 77.948 7 9
P 77.950 8
F 77.951 8 9
P 77.952 1
F 77.953 1 9
P 77.956 2
P 77.958 3
F 77.959 2 9
F 77.969 3 9
T 78.495 8 10 6366 9
T 78.640 6 10 6413 9
T 78.640 2 10 6406 9
T 78.640 4 10 6339 9
T 78.640 7 10 6295 9
T 78.640 5 10 6291 9
T 78.650 3 10 6382 9
T 78.650 1 10 6356 9
P 79.942 2
F 79.942 2 10
P 79.942 3
P 79.945 4
F 79.945 3 10
P 79.945 5
F 79.945 4 10
P 79.947 6
F 79.948 5 10
P 79.948 7
F 79.949 6 10
P 79.950 8
P 79.952 1
F 79.957 7 10
F 79.958 8 10
F 79.958 1 10
T 80.380 2 11 6459 10
T 80.511 3 11 6435 10
T 80.612 8 11 6419 10
T 80.612 6 11 6466 10
T 80.612 4 11 6392 10
T 80.612 7 11 6348 10
T 80.612 5 11 6344 10
T 80.612 1 11 6409 10
P 81.940 2
F 81.941 2 11
P 81.941 3
F 81.941 3 11
P 81.943 4
P 81.945 5
P 81.945 6
P 81.945 7
F 81.945 4 11
P 81.945 8
P 81.946 1
F 81.946 5 11
F 81.948 6 11
F 81.950 7 11
F 81.958 8 11
F 81.962 1 11
T 82.490 2 12 6512 11
T 82.642 3 12 6488 11
T 82.642 6 12 6519 11
T 82.643 4 12 6445 11
T 82.643 7 12 6401 11
T 82.643 5 12 6397 11
T 82.643 1 12 6462 11
T 82.643 8 12 6472 11
P 83.943 4
P 83.943 5
P 83.943 6
P 83.943 7
P 83.944 8
F 83.944 4 12
P 83.944 1
F 83.946 5 12
F 83.947 6 12
P 83.947 2
F 83.949 7 12
F 83.951 8 12
P 83.952 3
F 83.956 1 12
F 83.957 2 12
F 83.957 3 12
T 84.499 4 13 6498 12
T 84.593 2 13 6565 12
T 84.593 3 13 6541 12
T 84.593 6 13 6572 12
T 84.593 7 13 6454 12
T 84.593 5 13 6450 12
T 84.593 1 13 6515 12
T 84.593 8 13 6525 12
P 85.940 8
F 85.941 8 13
P 85.941 1
F 85.944 1 13
P 85.944 2
F 85.945 2 13
P 85.946 3
F 85.948 3 13
P 85.948 4
F 85.948 4 13
P 85.950 5
F 85.952 5 13
P 85.952 6
F 85.953 6 13
P 85.956 7
F 85.957 7 13
T 86.491 1 14 6568 13
T 86.586 4 14 6551 13
T 86.586 2 14 6618 13
T 86.586 3 14 6594 13
T 86.586 6 14 6625 13
T 86.586 7 14 6507 13
T 86.586 5 14 6503 13
T 86.586 8 14 6578 13
P 87.943 8
P 87.943 1
F 87.943 8 14
P 87.943 2
F 87.944 1 14
P 87.946 3
F 87.946 2 14
P 87.947 4
F 87.948 3 14
P 87.950 5
F 87.952 4 14
P 87.952 6
F 87.953 5 14
P 87.955 7
F 87.955 6 14
F 87.959 7 14
T 88.432 8 15 6631 14
T 88.535 1 15 6621 14
T 88.535 4 15 6604 14
T 88.535 6 15 6678 14
T 88.589 2 15 6671 14
T 88.589 3 15 6647 14
T 88.589 7 15 6560 14
T 88.589 5 15 6556 14
P 89.944 2
P 89.944 3
P 89.945 4
P 89.945 5
F 89.945 2 15
P 89.945 6
F 89.946 3 15
P 89.947 7
F 89.948 4 15
P 89.949 8
F 89.950 5 15
P 89.952 1
F 89.953 6 15
F 89.955 7 15
F 89.956 8 15
F 89.957 1 15
T 90.535 2 16 6724 15
T 90.644 8 16 6684 15
T 90.644 1 16 6674 15
T 90.644 4 16 6657 15
T 90.644 6 16 6731 15
T 90.644 3 16 6700 15
T 90.644 7 16 6613 15
T 90.645 5 16 6609 15
P 91.945 8
F 91.945 8 16
P 91.946 1
P 91.947 2
P 91.948 3
P 91.948 4
P 91.948 5
P 91.948 6
P 91.948 7
F 91.949 1 16
F 91.949 2 16
F 91.951 3 16
F 91.952 4 16
F 91.955 5 16
F 91.955 6 16
F 91.955 7 16
T 92.431 8 17 6737 16
T 92.517 1 17 6727 16
T 92.517 6 17 6784 16
T 92.517 7 17 6666 16
T 92.573 2 17 6777 16
T 92.573 4 17 6710 16
T 92.573 3 17 6753 16
T 92.573 5 17 6662 16
P 93.943 5
P 93.943 6
F 93.944 5 17
P 93.944 7
F 93.944 6 17
P 93.946 8
F 93.947 7 17
P 93.948 1
F 93.948 8 17
P 93.950 2
F 93.952 1 17
P 93.952 3
F 93.953 2 17
P 93.954 4
F 93.958 3 17
F 93.959 4 17
T 94.416 3 18 6806 17
T 94.493 8 18 6790 17
T 94.493 5 18 6715 17
T 94.587 1 18 6780 17
T 94.587 6 18 6837 17
T 94.587 7 18 6719 17
T 94.587 2 18 6830 17
T 94.587 4 18 6763 17
P 95.946 7
F 95.947 7 18
P 95.947 8
F 95.947 8 18
P 95.949 1
F 95.949 1 18
P 95.950 2
F 95.952 2 18
F 95.954 3 18
P 95.955 3
P 95.956 4
F 95.957 4 18
P 95.957 5
P 95.959 6
F 95.957 5 18
F 95.963 6 18
T 96.384 7 19 6772 18
T 96.431 8 19 6843 18
T 96.488 1 19 6833 18
T 96.583 3 19 6859 18
T 96.583 5 19 6768 18
T 96.583 6 19 6890 18
T 96.583 2 19 6883 18
T 96.583 4 19 6816 18
P 97.947 3
P 97.947 4
P 97.948 5
P 97.948 6
F 97.948 3 19
P 97.948 7
F 97.949 4 19
P 97.950 8
F 97.950 5 19
P 97.950 1
F 97.951 6 19
P 97.953 2
F 97.955 7 19
F 97.957 8 19
F 97.959 1 19
F 97.960 2 19
T 98.431 3 20 6912 19
T 98.496 8 20 6896 19
T 98.496 5 20 6821 19
T 98.591 7 20 6825 19
T 98.591 1 20 6886 19
T 98.591 6 20 6943 19
T 98.591 2 20 6936 19
T 98.591 4 20 6869 19
P 99.945 5
F 99.945 5 20
P 99.945 6
F 99.946 6 20
P 99.947 7
F 99.948 7 20
P 99.949 8
P 99.951 1
P 99.951 2
P 99.951 3
F 99.952 8 20
P 99.952 4
F 99.952 1 20
F 99.954 2 20
F 99.954 3 20
F 99.956 4 20
T 100.393 5 21 6874 20
T 100.409 1 21 6939 20
T 100.409 6 21 6996 20
T 100.557 3 21 6965 20
T 100.557 8 21 6949 20
T 100.558 2 21 6989 20
T 100.558 4 21 6922 20
T 100.567 7 21 6878 20
P 101.947 8
F 101.948 8 21
P 101.948 1
F 101.948 1 21
P 101.949 2
F 101.951 2 21
P 101.951 3
P 101.953 4
P 101.954 5
F 101.954 3 21
P 101.954 6
F 101.954 4 21
P 101.956 7
F 101.956 5 21
F 101.959 6 21
F 101.962 7 21
T 102.399 8 22 7002 21
T 102.452 1 22 6992 21
T 102.556 5 22 6927 21
T 102.556 3 22 7018 21
T 102.556 2 22 7042 21
T 102.556 4 22 6975 21
T 102.575 6 22 7049 21
T 102.576 7 22 6931 21
P 103.948 7
F 103.949 7 22
P 103.949 8
F 103.949 8 22
P 103.951 1
F 103.953 1 22
P 103.953 2
F 103.954 2 22
P 103.955 3
F 103.956 3 22
P 103.957 4
F 103.957 4 22
P 103.959 5
F 103.966 5 22
P 103.967 6
F 103.978 6 22
T 104.411 7 23 6984 22
T 104.474 3 23 7071 22
T 104.585 8 23 7055 22
T 104.585 1 23 7045 22
T 104.585 5 23 6980 22
T 104.585 2 23 7095 22
T 104.585 4 23 7028 22
T 104.585 6 23 7102 22
P 105.950 5
F 105.950 5 23
P 105.951 6
F 105.951 6 23
P 105.952 7
F 105.955 7 23
P 105.955 8
F 105.957 8 23
F 105.958 1 23
P 105.958 1
P 105.961 2
P 105.961 3
P 105.961 4
F 105.962 2 23
F 105.964 3 23
F 105.966 4 23
T 106.411 5 24 7033 23
T 106.471 1 24 7098 23
T 106.471 4 24 7081 23
T 106.565 7 24 7037 23
T 106.565 3 24 7124 23
T 106.565 8 24 7108 23
T 106.565 2 24 7148 23
T 106.565 6 24 7155 23
P 107.946 4
F 107.947 4 24
P 107.947 5
F 107.948 5 24
P 107.949 6
P 107.950 7
P 107.950 8
F 107.950 6 24
P 107.952 1
F 107.952 7 24
P 107.954 2
F 107.955 8 24
P 107.957 3
F 107.959 1 24
F 107.961 2 24
F 107.963 3 24
T 108.404 4 25 7134 24
T 108.461 5 25 7086 24
T 108.602 1 25 7151 24
T 108.602 7 25 7090 24
T 108.602 3 25 7177 24
T 108.602 8 25 7161 24
T 108.602 6 25 7208 24
T 108.611 2 25 7201 24
P 109.948 3
F 109.948 3 25
P 109.948 4
F 109.949 4 25
P 109.950 5
F 109.952 5 25
P 109.952 6
F 109.953 6 25
P 109.954 7
P 109.957 8
F 109.958 7 25
P 109.958 1
F 109.958 8 25
P 109.959 2
F 109.960 1 25
F 109.963 2 25
T 110.446 3 26 7230 25
T 110.590 4 26 7187 25
T 110.590 5 26 7139 25
T 110.591 1 26 7204 25
T 110.591 7 26 7143 25
T 110.591 8 26 7214 25
T 110.591 2 26 7254 25
T 110.598 6 26 7261 25
P 111.949 8
F 111.950 8 26
P 111.950 1
F 111.950 1 26
P 111.952 2
F 111.952 2 26
P 111.953 3
P 111.955 4
F 111.954 3 26
P 111.956 5
F 111.960 4 26
P 111.961 6
F 111.962 5 26
P 111.963 7
F 111.968 6 26
F 111.969 7 26
T 112.425 8 27 7267 26
T 112.490 1 27 7257 26
T 112.491 2 27 7307 26
T 112.586 3 27 7283 26
T 112.586 4 27 7240 26
T 112.586 5 27 7192 26
T 112.586 7 27 7196 26
T 112.586 6 27 7314 26
P 113.949 4
F 113.949 4 27
P 113.949 5
F 113.951 5 27
P 113.952 6
F 113.952 6 27
P 113.954 7
F 113.954 7 27
P 113.956 8
F 113.958 8 27
P 113.958 1
F 113.959 1 27
F 113.960 2 27
P 113.961 2
P 113.965 3
F 113.966 3 27
T 114.322 4 28 7293 27
T 114.425 5 28 7245 27
T 114.520 8 28 7320 27
T 114.520 1 28 7310 27
T 114.520 3 28 7336 27
T 114.520 6 28 7367 27
T 114.539 2 28 7360 27
T 114.539 7 28 7249 27
P 115.948 8
F 115.948 8 28
P 115.948 1
F 115.949 1 28
P 115.950 2
F 115.952 2 28
P 115.952 3
F 115.952 3 28
P 115.954 4
P 115.956 5
F 115.956 4 28
P 115.956 6
F 115.957 5 28
P 115.959 7
F 115.961 6 28
F 115.962 7 28
T 116.375 8 29 7373 28
T 116.469 4 29 7346 28
T 116.470 1 29 7363 28
T 116.470 2 29 7413 28
T 116.532 6 29 7420 28
T 116.532 7 29 7302 28
T 116.553 5 29 7298 28
T 116.553 3 29 7389 28
P 117.949 1
P 117.949 2
P 117.950 3
P 117.950 4
F 117.950 1 29
P 117.950 5
F 117.951 2 29
P 117.952 6
F 117.952 3 29
P 117.953 7
F 117.954 4 29
P 117.955 8
F 117.956 5 29
F 117.958 6 29
F 117.959 7 29
F 117.961 8 29
T 118.425 5 30 7350 29
T 118.530 4 30 7399 29
T 118.530 1 30 7416 29
T 118.530 2 30 7466 29
T 118.530 6 30 7473 29
T 118.581 8 30 7426 29
T 118.581 7 30 7355 29
T 118.581 3 30 7442 29
P 119.950 4
P 119.950 5
P 119.950 6
F 119.951 4 30
P 119.951 7
F 119.952 5 30
P 119.953 8
F 119.954 6 30
P 119.955 1
P 119.956 2
P 119.956 3
F 119.957 7 30
F 119.957 8 30
F 119.959 1 30
F 119.962 2 30
F 119.965 3 30
T 120.377 4 31 7452 30
T 120.444 5 31 7403 30
T 120.444 6 31 7526 30
T 120.540 1 31 7469 30
T 120.540 8 31 7479 30
T 120.540 7 31 7408 30
T 120.560 2 31 7519 30
T 120.560 3 31 7495 30
P 121.948 5
F 121.948 5 31
P 121.949 6
P 121.950 7
P 121.950 8
P 121.951 1
F 121.951 6 31
P 121.951 2
F 121.951 7 31
P 121.952 3
F 121.953 8 31
P 121.959 4
F 121.961 1 31
F 121.962 2 31
F 121.964 3 31
F 121.965 4 31
T 122.418 5 32 7456 31
T 122.519 6 32 7579 31
T 122.519 1 32 7522 31
T 122.519 8 32 7532 31
T 122.577 4 32 7505 31
T 122.577 7 32 7461 31
T 122.577 2 32 7572 31
T 122.577 3 32 7548 31
P 123.952 4
F 123.952 4 32
P 123.952 5
F 123.953 5 32
P 123.955 6
F 123.956 6 32
P 123.957 7
F 123.958 7 32
P 123.958 8
F 123.959 8 32
P 123.960 1
P 123.962 2
P 123.963 3
F 123.963 1 32
F 123.964 2 32
F 123.967 3 32
T 124.330 4 33 7558 32
T 124.483 5 33 7509 32
T 124.483 8 33 7585 32
T 124.483 3 33 7601 32
T 124.544 6 33 7632 32
T 124.544 1 33 7575 32
T 124.564 7 33 7514 32
T 124.565 2 33 7625 32
P 125.953 4
F 125.953 4 33
P 125.953 5
F 125.954 5 33
P 125.956 6
F 125.957 6 33
P 125.957 7
F 125.959 7 33
P 125.960 8
F 125.960 8 33
P 125.962 1
P 125.962 2
P 125.962 3
F 125.963 1 33
F 125.966 2 33
F 125.969 3 33
T 126.428 2 34 7678 33
T 126.534 4 34 7611 33
T 126.534 5 34 7562 33
T 126.534 8 34 7638 33
T 126.534 6 34 7685 33
T 126.586 3 34 7654 33
T 126.586 1 34 7628 33
T 126.586 7 34 7567 33
P 127.954 4
P 127.954 5
P 127.954 6
P 127.954 7
F 127.954 4 34
P 127.954 8
F 127.956 5 34
P 127.956 1
F 127.957 6 34
P 127.957 2
F 127.958 7 34
P 127.961 3
F 127.961 8 34
F 127.963 1 34
F 127.966 2 34
F 127.967 3 34
T 128.474 6 35 7738 34
T 128.617 2 35 7731 34
T 128.617 4 35 7664 34
T 128.617 5 35 7615 34
T 128.617 8 35 7691 34
T 128.617 1 35 7681 34
T 128.617 7 35 7620 34
T 128.627 3 35 7707 34
P 129.954 7
F 129.954 7 35
P 129.954 8
F 129.957 8 35
P 129.957 1
F 129.959 1 35
P 129.960 2
F 129.961 2 35
P 129.962 3
F 129.962 3 35
P 129.968 4
F 129.970 4 35
P 129.971 5
F 129.971 5 35
P 129.974 6
F 129.977 6 35
T 130.450 8 36 7744 35
T 130.585 4 36 7717 35
T 130.585 5 36 7668 35
T 130.585 1 36 7734 35
T 130.585 7 36 7673 35
T 130.585 3 36 7760 35
T 130.604 6 36 7791 35
T 130.604 2 36 7784 35
P 131.952 1
P 131.952 2
P 131.952 3
P 131.952 4
P 131.952 5
F 131.952 1 36
P 131.953 6
F 131.953 2 36
P 131.954 7
F 131.955 3 36
P 131.956 8
F 131.957 4 36
F 131.959 5 36
F 131.961 6 36
F 131.963 7 36
F 131.963 8 36
T 132.416 3 37 7813 36
T 132.513 8 37 7797 36
T 132.513 1 37 7787 36
T 132.513 7 37 7726 36
T 132.513 6 37 7844 36
T 132.563 4 37 7770 36
T 132.563 5 37 7721 36
T 132.563 2 37 7837 36
P 133.955 5
F 133.955 5 37
P 133.956 6
P 133.957 7
F 133.956 6 37
P 133.957 8
F 133.960 7 37
P 133.960 1
F 133.960 8 37
P 133.961 2
F 133.963 1 37
P 133.963 3
F 133.963 2 37
P 133.965 4
F 133.968 3 37
F 133.970 4 37
T 134.474 7 38 7779 37
T 134.640 3 38 7866 37
T 134.640 8 38 7850 37
T 134.640 1 38 7840 37
T 134.640 6 38 7897 37
T 134.640 5 38 7774 37
T 134.640 2 38 7890 37
T 134.641 4 38 7823 37
P 135.956 4
P 135.956 5
P 135.956 6
F 135.956 4 38
P 135.957 7
F 135.957 5 38
P 135.959 8
F 135.959 6 38
P 135.961 1
F 135.962 7 38
P 135.963 2
F 135.963 8 38
P 135.966 3
F 135.967 1 38
F 135.969 2 38
F 135.972 3 38
T 136.455 4 39 7876 38
T 136.599 7 39 7832 38
T 136.599 3 39 7919 38
T 136.599 8 39 7903 38
T 136.599 6 39 7950 38
T 136.599 5 39 7827 38
T 136.599 2 39 7943 38
T 136.608 1 39 7893 38
P 137.957 5
F 137.957 5 39
P 137.958 6
P 137.959 7
F 137.960 6 39
P 137.960 8
F 137.960 7 39
P 137.961 1
F 137.963 8 39
P 137.964 2
F 137.964 1 39
P 137.966 3
P 137.968 4
F 137.969 2 39
F 137.969 3 39
F 137.971 4 39
T 138.491 5 40 7880 39
T 138.592 4 40 7929 39
T 138.592 7 40 7885 39
T 138.592 3 40 7972 39
T 138.593 8 40 7956 39
T 138.593 6 40 8003 39
T 138.593 2 40 7996 39
T 138.593 1 40 7946 39
P 139.955 8
F 139.956 8 40
P 139.956 1
F 139.957 1 40
P 139.958 2
F 139.960 2 40
P 139.960 3
F 139.961 3 40
P 139.962 4
F 139.964 4 40
P 139.964 5
F 139.967 5 40
P 139.968 6
F 139.970 6 40
P 139.970 7
F 139.973 7 40
T 140.457 5 41 7933 40
T 140.601 7 41 7938 40
T 140.601 3 41 8025 40
T 140.601 8 41 8009 40
T 140.601 6 41 8056 40
T 140.601 2 41 8049 40
T 140.601 1 41 7999 40
T 140.611 4 41 7982 40
P 141.958 6
F 141.959 6 41
P 141.959 7
F 141.959 7 41
P 141.960 8
P 141.962 1
P 141.962 2
P 141.962 3
F 141.963 8 41
P 141.963 4
F 141.963 1 41
P 141.964 5
F 141.965 2 41
F 141.972 3 41
F 141.975 4 41
F 141.977 5 41
T 142.478 8 42 8062 41
T 142.622 5 42 7986 41
T 142.622 7 42 7991 41
T 142.622 3 42 8078 41
T 142.622 6 42 8109 41
T 142.623 2 42 8102 41
T 142.623 1 42 8052 41
T 142.632 4 42 8035 41
P 143.957 8
F 143.957 8 42
P 143.957 1
F 143.958 1 42
P 143.959 2
P 143.961 3
F 143.961 2 42
P 143.961 4
F 143.962 3 42
P 143.963 5
P 143.965 6
P 143.965 7
F 143.966 4 42
F 143.967 5 42
F 143.969 6 42
F 143.971 7 42
T 144.438 1 43 8105 42
T 144.537 8 43 8115 42
T 144.537 5 43 8039 42
T 144.537 6 43 8162 42
T 144.537 4 43 8088 42
T 144.588 7 43 8044 42
T 144.588 3 43 8131 42
T 144.589 2 43 8155 42
P 145.960 2
F 145.960 2 43
P 145.960 3
F 145.961 3 43
P 145.962 4
P 145.964 5
P 145.965 6
F 145.965 4 43
P 145.965 7
F 145.966 5 43
P 145.967 8
F 145.968 6 43
P 145.969 1
F 145.970 7 43
F 145.972 8 43
F 145.972 1 43
T 146.480 2 44 8208 43
T 146.616 1 44 8158 43
T 146.616 5 44 8092 43
T 146.616 6 44 8215 43
T 146.616 4 44 8141 43
T 146.616 3 44 8184 43
T 146.636 8 44 8168 43
T 146.636 7 44 8097 43
P 147.961 6
F 147.961 6 44
P 147.961 7
F 147.962 7 44
P 147.963 8
F 147.966 8 44
P 147.966 1
F 147.967 1 44
P 147.968 2
F 147.968 2 44
P 147.970 3
F 147.973 3 44
P 147.973 4
F 147.973 4 44
P 147.975 5
F 147.979 5 44
T 148.475 6 45 8268 44
T 148.584 2 45 8261 44
T 148.584 1 45 8211 44
T 148.584 5 45 8145 44
T 148.584 4 45 8194 44
T 148.584 3 45 8237 44
T 148.584 8 45 8221 44
T 148.584 7 45 8150 44
P 149.961 7
F 149.962 7 45
P 149.962 8
F 149.963 8 45
P 149.965 1
P 149.967 2
F 149.967 1 45
P 149.967 3
F 149.968 2 45
P 149.969 4
F 149.971 3 45
P 149.972 5
F 149.972 4 45
P 149.974 6
F 149.976 5 45
F 149.980 6 45
T 150.509 8 46 8274 45
T 150.623 6 46 8321 45
T 150.623 2 46 8314 45
T 150.623 1 46 8264 45
T 150.624 5 46 8198 45
T 150.624 4 46 8247 45
T 150.624 3 46 8290 45
T 150.624 7 46 8203 45
P 151.958 8
P 151.959 1
F 151.959 8 46
P 151.959 2
F 151.960 1 46
P 151.961 3
F 151.963 2 46
P 151.963 4
F 151.964 3 46
P 151.966 5
F 151.968 4 46
P 151.969 6
F 151.969 5 46
P 151.972 7
F 151.974 6 46
F 151.979 7 46
T 152.418 4 47 8300 46
T 152.506 2 47 8367 46
T 152.506 1 47 8317 46
T 152.506 5 47 8251 46
T 152.566 8 47 8327 46
T 152.566 6 47 8374 46
T 152.566 3 47 8343 46
T 152.566 7 47 8256 46
P 153.961 4
F 153.961 4 47
P 153.961 5
F 153.963 5 47
F 153.964 6 47
P 153.965 6
P 153.966 7
F 153.967 7 47
P 153.967 8
F 153.968 8 47
P 153.969 1
F 153.971 1 47
P 153.972 2
P 153.974 3
F 153.975 2 47
F 153.976 3 47
T 154.442 1 48 8370 47
T 154.589 4 48 8353 47
T 154.589 2 48 8420 47
T 154.589 5 48 8304 47
T 154.589 8 48 8380 47
T 154.589 6 48 8427 47
T 154.608 3 48 8396 47
T 154.608 7 48 8309 47
P 155.961 8
F 155.961 8 48
P 155.961 1
P 155.963 2
F 155.962 1 48
P 155.964 3
F 155.965 2 48
P 155.966 4
F 155.966 3 48
P 155.967 5
F 155.969 4 48
P 155.970 6
F 155.971 5 48
P 155.973 7
F 155.975 6 48
F 155.977 7 48
T 156.400 4 49 8406 48
T 156.453 1 49 8423 48
T 156.453 8 49 8433 48
T 156.550 2 49 8473 48
T 156.550 5 49 8357 48
T 156.550 6 49 8480 48
T 156.550 7 49 8362 48
T 156.561 3 49 8449 48
P 157.963 5
F 157.963 5 49
P 157.963 6
F 157.964 6 49
P 157.966 7
F 157.967 7 49
P 157.968 8
P 157.970 1
F 157.971 8 49
P 157.971 2
F 157.972 1 49
P 157.973 3
F 157.975 2 49
P 157.975 4
F 157.976 3 49
F 157.979 4 49
T 158.434 5 50 8410 49
T 158.581 1 50 8476 49
T 158.581 2 50 8526 49
T 158.582 6 50 8533 49
T 158.582 7 50 8415 49
T 158.582 3 50 8502 49
T 158.601 4 50 8459 49
T 158.601 8 50 8486 49
P 159.964 4
F 159.964 4 50
P 159.964 5
P 159.966 6
P 159.966 7
P 159.967 8
F 159.967 5 50
P 159.967 1
F 159.968 6 50
P 159.969 2
P 159.971 3
F 159.969 7 50
F 159.972 8 50
F 159.973 1 50
F 159.978 2 50
F 159.978 3 50
T 160.336 4 51 8512 50
T 160.451 6 51 8586 50
T 160.560 5 51 8463 50
T 160.560 1 51 8529 50
T 160.561 2 51 8579 50
T 160.561 7 51 8468 50
T 160.561 3 51 8555 50
T 160.561 8 51 8539 50
P 161.963 7
F 161.964 7 51
P 161.964 8
P 161.966 1
P 161.966 2
F 161.966 8 51
F 161.967 1 51
P 161.968 3
F 161.970 2 51
P 161.970 4
F 161.971 3 51
P 161.972 5
P 161.972 6
F 161.973 4 51
F 161.976 5 51
F 161.979 6 51
T 162.282 6 52 8639 51
T 162.387 7 52 8521 51
T 162.490 1 52 8582 51
T 162.491 2 52 8632 51
T 162.491 8 52 8592 51
T 162.546 4 52 8565 51
T 162.546 5 52 8516 51
T 162.546 3 52 8608 51
P 163.965 7
F 163.966 7 52
P 163.966 8
F 163.968 8 52
P 163.968 1
F 163.969 1 52
F 163.970 2 52
P 163.974 2
P 163.984 3
F 163.985 3 52
P 163.985 4
P 163.987 5
P 163.987 6
F 163.988 4 52
F 163.989 5 52
F 163.991 6 52
T 164.437 3 53 8661 52
T 164.585 6 53 8692 52
T 164.585 7 53 8574 52
T 164.585 8 53 8645 52
T 164.585 4 53 8618 52
T 164.585 5 53 8569 52
T 164.605 1 53 8635 52
T 164.605 2 53 8685 52
P 165.967 8
P 165.967 1
P 165.967 2
F 165.967 8 53
P 165.967 3
F 165.968 1 53
P 165.968 4
F 165.969 2 53
P 165.970 5
P 165.974 6
F 165.974 3 53
P 165.974 7
F 165.975 4 53
F 165.977 5 53
F 165.978 6 53
F 165.978 7 53
T 166.421 8 54 8698 53
T 166.522 4 54 8671 53
T 166.522 5 54 8622 53
T 166.522 1 54 8688 53
T 166.522 2 54 8738 53
T 166.575 3 54 8714 53
T 166.575 6 54 8745 53
T 166.575 7 54 8627 53
P 167.967 4
P 167.967 5
P 167.967 6
P 167.967 7
P 167.967 8
P 167.968 1
P 167.968 2
P 167.968 3
F 167.968 4 54
F 167.968 5 54
F 167.970 6 54
F 167.973 7 54
F 167.976 8 54
F 167.977 1 54
F 167.977 2 54
F 167.978 3 54
T 168.438 5 55 8675 54
T 168.535 8 55 8751 54
T 168.535 1 55 8741 54
T 168.535 3 55 8767 54
T 168.535 7 55 8680 54
T 168.589 4 55 8724 54
T 168.590 2 55 8791 54
T 168.590 6 55 8798 54
P 169.965 6
F 169.965 6 55
P 169.965 7
P 169.967 8
F 169.966 7 55
P 169.967 1
P 169.968 2
P 169.968 3
P 169.968 4
P 169.968 5
F 169.970 8 55
F 169.970 1 55
F 169.972 2 55
F 169.972 3 55
F 169.972 4 55
F 169.972 5 55
T 170.437 5 56 8728 55
T 170.498 7 56 8733 55
T 170.498 6 56 8851 55
T 170.598 8 56 8804 55
T 170.598 1 56 8794 55
T 170.598 4 56 8777 55
T 170.598 2 56 8844 55
T 170.609 3 56 8820 55
P 171.969 8
F 171.969 8 56
P 171.969 1
F 171.972 1 56
P 171.972 2
F 171.974 2 56
P 171.974 3
F 171.975 3 56
P 171.976 4
F 171.977 4 56
P 171.979 5
F 171.982 5 56
P 171.982 6
F 171.982 6 56
P 171.983 7
F 171.984 7 56
T 172.559 4 57 8830 56
T 172.676 5 57 8781 56
T 172.677 7 57 8786 56
T 172.677 6 57 8904 56
T 172.677 8 57 8857 56
T 172.677 1 57 8847 56
T 172.677 2 57 8897 56
T 172.677 3 57 8873 56
P 173.969 1
F 173.969 1 57
P 173.969 2
F 173.970 2 57
P 173.971 3
P 173.972 4
P 173.972 5
F 173.972 3 57
F 173.974 4 57
P 173.975 6
F 173.975 5 57
P 173.978 7
P 173.979 8
F 173.980 6 57
F 173.981 7 57
F 173.984 8 57
T 174.543 7 58 8839 57
T 174.659 4 58 8883 57
T 174.659 5 58 8834 57
T 174.659 6 58 8957 57
T 174.660 8 58 8910 57
T 174.660 1 58 8900 57
T 174.660 2 58 8950 57
T 174.660 3 58 8926 57
P 175.967 2
F 175.968 2 58
P 175.968 3
F 175.970 3 58
F 175.971 4 58
P 175.972 4
P 175.974 5
F 175.975 5 58
P 175.975 6
P 175.976 7
F 175.975 6 58
P 175.976 8
F 175.978 7 58
P 175.979 1
F 175.980 8 58
F 175.987 1 58
T 176.409 3 59 8979 58
T 176.475 8 59 8963 58
T 176.612 7 59 8892 58
T 176.612 4 59 8936 58
T 176.612 5 59 8887 58
T 176.612 6 59 9010 58
T 176.612 2 59 9003 58
T 176.623 1 59 8953 58
P 177.968 3
F 177.969 3 59
P 177.969 4
P 177.971 5
F 177.970 4 59
P 177.971 6
P 177.971 7
P 177.973 8
P 177.973 1
P 177.973 2
F 177.974 5 59
F 177.974 6 59
F 177.975 7 59
F 177.977 8 59
F 177.978 1 59
F 177.981 2 59
T 178.425 3 60 9032 59
T 178.564 4 60 8989 59
T 178.564 5 60 8940 59
T 178.564 6 60 9063 59
T 178.564 2 60 9056 59
T 178.564 1 60 9006 59
T 178.584 8 60 9016 59
T 178.584 7 60 8945 59
P 179.967 3
F 179.968 3 60
P 179.968 4
F 179.968 4 60
P 179.970 5
F 179.973 5 60
P 179.973 6
F 179.973 6 60
P 179.974 7
F 179.977 7 60
P 179.977 8
F 179.978 8 60
P 179.980 1
F 179.982 1 60
P 179.983 2
F 179.985 2 60
T 180.296 3 61 9085 60
T 180.419 7 61 8998 60
T 180.516 4 61 9042 60
T 180.516 5 61 8993 60
T 180.516 1 61 9059 60
T 180.516 8 61 9069 60
T 180.538 6 61 9116 60
T 180.538 2 61 9109 60
P 181.969 7
P 181.969 8
P 181.969 1
F 181.970 7 61
P 181.970 2
P 181.970 3
P 181.970 4
P 181.972 5
F 181.972 8 61
P 181.972 6
F 181.973 1 61
F 181.975 2 61
F 181.977 3 61
F 181.986 4 61
F 181.988 5 61
F 181.988 6 61
T 182.413 5 62 9046 61
T 182.484 8 62 9122 61
T 182.485 6 62 9169 61
T 182.588 3 62 9138 61
T 182.588 7 62 9051 61
T 182.588 4 62 9095 61
T 182.588 1 62 9112 61
T 182.588 2 62 9162 61
P 183.967 2
P 183.967 3
P 183.967 4
P 183.967 5
F 183.968 2 62
P 183.968 6
F 183.968 3 62
P 183.970 7
F 183.970 4 62
P 183.972 8
F 183.972 5 62
P 183.973 1
F 183.975 6 62
F 183.977 7 62
F 183.979 8 62
F 183.980 1 62
T 184.329 6 63 9222 62
T 184.449 2 63 9215 62
T 184.587 5 63 9099 62
T 184.587 8 63 9175 62
T 184.588 3 63 9191 62
T 184.588 7 63 9104 62
T 184.588 1 63 9165 62
T 184.598 4 63 9148 62
P 185.968 1
F 185.969 1 63
P 185.969 2
F 185.970 2 63
P 185.971 3
F 185.971 3 63
P 185.972 4
F 185.973 4 63
P 185.975 5
F 185.977 5 63
P 185.977 6
F 185.977 6 63
P 185.978 7
F 185.979 7 63
P 185.980 8
F 185.985 8 63
T 186.352 1 64 9218 63
T 186.404 6 64 9275 63
T 186.467 5 64 9152 63
T 186.467 4 64 9201 63
T 186.529 2 64 9268 63
T 186.529 8 64 9228 63
T 186.529 3 64 9244 63
T 186.529 7 64 9157 63
P 187.970 4
P 187.971 5
P 187.971 6
P 187.971 7
P 187.971 8
F 187.971 4 64
P 187.971 1
F 187.972 5 64
P 187.973 2
F 187.974 6 64
P 187.975 3
F 187.976 7 64
F 187.978 8 64
F 187.980 1 64
F 187.982 2 64
F 187.982 3 64
P 189.970 2
P 189.971 3
P 189.971 4
F 189.971 2 65
P 189.971 5
F 189.971 3 65
P 189.974 6
F 189.974 4 65
P 189.975 7
F 189.979 5 65
P 189.979 8
F 189.980 6 65
P 189.982 1
F 189.982 7 65
F 189.985 8 65
F 189.988 1 65
P 191.973 1
P 191.974 2
P 191.974 3
P 191.974 4
P 191.974 5
F 191.974 1 66
P 191.975 6
F 191.975 2 66
P 191.975 7
F 191.976 3 66
P 191.978 8
F 191.981 4 66
F 191.982 5 66
F 191.984 6 66
F 191.986 7 66
F 191.986 8 66
P 193.970 4
P 193.970 5
F 193.970 4 67
P 193.970 6
F 193.971 5 67
P 193.972 7
P 193.974 8
P 193.974 1
F 193.975 6 67
P 193.975 2
F 193.976 7 67
P 193.978 3
F 193.978 8 67
F 193.980 1 67
F 193.982 2 67
F 193.987 3 67
P 195.972 4
P 195.972 5
P 195.972 6
P 195.973 7
P 195.973 8
F 195.973 4 68
P 195.973 1
F 195.974 5 68
P 195.975 2
F 195.976 6 68
P 195.976 3
F 195.978 7 68
F 195.980 8 68
F 195.981 1 68
F 195.983 2 68
F 195.985 3 68
P 197.973 4
P 197.974 5
F 197.974 4 69
P 197.974 6
P 197.976 7
F 197.975 5 69
P 197.977 8
P 197.979 1
F 197.978 6 69
P 197.979 2
P 197.982 3
F 197.981 7 69
F 197.982 8 69
F 197.984 1 69
F 197.986 2 69
F 197.988 3 69
P 199.970 7
F 199.971 7 70
P 199.971 8
F 199.972 8 70
P 199.973 1
F 199.974 1 70
P 199.976 2
F 199.978 2 70
P 199.979 3
F 199.981 3 70
P 199.988 4
F 199.993 4 70
P 199.996 5
F 200.004 5 70
P 200.005 6
F 200.010 6 70
P 201.974 6
F 201.975 6 71
P 201.975 7
P 201.977 8
P 201.977 1
F 201.978 7 71
P 201.978 2
P 201.980 3
F 201.979 8 71
P 201.980 4
P 201.981 5
F 201.981 1 71
F 201.985 2 71
F 201.986 3 71
F 201.988 4 71
F 201.991 5 71
P 203.973 1
P 203.974 2
P 203.974 3
F 203.974 1 72
P 203.974 4
F 203.975 2 72
P 203.976 5
F 203.977 3 72
P 203.978 6
P 203.980 7
P 203.981 8
F 203.981 4 72
F 203.983 5 72
F 203.985 6 72
F 203.987 7 72
F 203.987 8 72
P 205.974 5
P 205.974 6
P 205.974 7
P 205.974 8
P 205.974 1
F 205.975 5 73
P 205.975 2
F 205.975 6 73
P 205.977 3
P 205.979 4
F 205.978 7 73
F 205.981 8 73
F 205.982 1 73
F 205.985 2 73
F 205.987 3 73
F 205.987 4 73
P 207.976 2
P 207.977 3
F 207.977 2 74
P 207.977 4
F 207.978 3 74
P 207.979 5
F 207.981 4 74
P 207.981 6
F 207.983 5 74
P 207.984 7
P 207.985 8
P 207.985 1
F 207.987 6 74
F 207.987 7 74
F 207.991 8 74
F 207.992 1 74
P 209.974 6
P 209.974 7
F 209.975 6 75
P 209.975 8
F 209.975 7 75
P 209.977 1
F 209.978 8 75
P 209.980 2
F 209.980 1 75
P 209.981 3
P 209.983 4
F 209.985 2 75
P 209.985 5
F 209.986 3 75
F 209.988 4 75
F 209.993 5 75
P 211.976 1
P 211.977 2
F 211.977 1 76
P 211.977 3
F 211.977 2 76
P 211.979 4
F 211.981 3 76
F 211.982 4 76
P 211.983 5
F 211.984 5 76
F 211.988 6 76
P 211.989 6
P 211.994 7
F 211.995 7 76
P 211.999 8
F 211.999 8 76
P 213.976 2
F 213.977 2 77
P 213.977 3
P 213.979 4
P 213.979 5
P 213.979 6
F 213.980 3 77
P 213.980 7
F 213.981 4 77
P 213.983 8
F 213.985 5 77
P 213.986 1
F 213.987 6 77
F 213.988 7 77
F 213.993 8 77
F 213.996 1 77
P 215.975 1
P 215.976 2
F 215.976 1 78
P 215.976 3
F 215.976 2 78
P 215.978 4
F 215.979 3 78
P 215.981 5
F 215.981 4 78
P 215.983 6
F 215.985 5 78
P 215.986 7
F 215.987 6 78
P 215.988 8
F 215.992 7 78
F 215.995 8 78
P 217.979 3
P 217.979 4
F 217.979 3 79
P 217.980 5
P 217.981 6
F 217.980 4 79
P 217.982 7
F 217.985 5 79
P 217.985 8
F 217.985 6 79
F 217.988 7 79
P 217.988 1
F 217.992 8 79
P 217.995 2
F 217.995 1 79
F 218.001 2 79
P 219.976 6
P 219.976 7
P 219.977 8
P 219.977 1
F 219.977 6 80
P 219.977 2
F 219.979 7 80
P 219.980 3
F 219.980 8 80
P 219.981 4
F 219.982 1 80
P 219.984 5
F 219.987 2 80
F 219.988 3 80
F 219.989 4 80
F 219.991 5 80
P 221.979 2
P 221.979 3
F 221.979 2 81
P 221.980 4
P 221.982 5
F 221.980 3 81
P 221.982 6
F 221.984 4 81
F 221.985 5 81
P 221.985 7
F 221.987 6 81
P 221.991 8
F 221.994 7 81
P 221.996 1
F 221.998 8 81
F 222.003 1 81
P 223.980 2
P 223.980 3
P 223.980 4
P 223.980 5
P 223.980 6
P 223.980 7
P 223.980 8
P 223.981 1
F 223.981 2 82
F 223.981 3 82
F 223.982 4 82
F 223.982 5 82
F 223.982 6 82
F 223.985 7 82
F 223.986 8 82
F 223.986 1 82
P 225.980 6
F 225.980 6 83
P 225.980 7
F 225.984 7 83
P 225.984 8
F 225.987 8 83
P 225.987 1
F 225.988 1 83
P 225.989 2
F 225.991 2 83
P 225.992 3
F 225.995 3 83
P 225.996 4
F 225.999 4 83
P 225.999 5
F 226.000 5 83
P 227.980 2
F 227.980 2 84
P 227.980 3
P 227.983 4
P 227.984 5
F 227.984 3 84
P 227.984 6
F 227.985 4 84
P 227.986 7
F 227.989 5 84
P 227.989 8
F 227.990 6 84
P 227.991 1
F 227.993 7 84
F 227.995 8 84
F 227.996 1 84
P 229.980 5
F 229.981 5 85
P 229.981 6
F 229.982 6 85
P 229.983 7
F 229.986 7 85
P 229.986 8
F 229.987 8 85
P 229.988 1
F 229.991 1 85
P 229.992 2
F 229.994 2 85
P 229.995 3
F 229.998 3 85
P 230.000 4
F 230.002 4 85
P 231.979 3
F 231.980 3 86
P 231.980 4
F 231.981 4 86
P 231.982 5
F 231.985 5 86
P 231.985 6
F 231.988 6 86
P 231.988 7
F 231.991 7 86
P 231.992 8
F 231.993 8 86
P 231.996 1
F 232.000 1 86
P 232.000 2
F 232.002 2 86
P 233.979 7
F 233.979 7 87
P 233.979 8
F 233.982 8 87
P 233.983 1
F 233.985 1 87
P 233.985 2
F 233.985 2 87
P 233.987 3
F 233.987 3 87
P 233.988 4
F 233.989 4 87
P 233.991 5
F 233.995 5 87
P 233.996 6
F 233.997 6 87
P 235.980 3
P 235.981 4
P 235.981 5
F 235.981 3 88
P 235.981 6
F 235.982 4 88
P 235.983 7
F 235.984 5 88
P 235.985 8
P 235.987 1
F 235.988 6 88
P 235.989 2
F 235.990 7 88
F 235.991 8 88
F 235.994 1 88
F 236.001 2 88
P 237.982 3
P 237.982 4
P 237.982 5
F 237.982 3 89
P 237.982 6
F 237.983 4 89
P 237.985 7
F 237.985 5 89
P 237.987 8
F 237.988 6 89
P 237.989 1
F 237.990 7 89
P 237.992 2
F 237.992 8 89
F 237.996 1 89
F 237.998 2 89
P 239.985 4
F 239.985 4 90
P 239.985 5
F 239.986 5 90
P 239.988 6
P 239.990 7
P 239.990 8
F 239.991 6 90
P 239.991 1
F 239.992 7 90
P 239.993 2
F 239.994 8 90
P 239.994 3
F 239.998 1 90
F 239.999 2 90
F 240.002 3 90
