P 45.704 1000000000
SEED 45.733 1000000000 8000
F 45.773 1000000000 1
T 48.831 1000000000 1 12571 1
T 49.085 1000000000 2 12571 1
P 63.842 1
P 63.843 2
P 63.843 3
P 63.849 4
SEED 63.856 1 8000
SEED 63.870 2 8000
P 63.877 5
SEED 63.883 3 8000
P 63.884 6
P 63.925 7
P 63.972 8
P 66.340 5
P 66.351 6
P 66.361 7
P 66.372 8
P 66.382 1
P 66.393 2
P 66.403 3
P 66.414 4
SEED 70.140 4 8000
SEED 70.143 5 8000
F 70.145 1 1
F 70.149 2 1
F 70.152 3 1
SEED 70.157 6 8000
SEED 70.162 7 8000
SEED 70.167 8 8000
P 70.167 3
P 70.168 4
P 70.193 5
P 70.194 6
F 70.203 5 1
P 70.218 7
F 70.231 6 1
P 70.232 8
F 70.238 7 1
P 70.245 1
P 70.264 2
F 70.310 4 1
F 71.712 8 1
F 71.741 1 2
F 71.779 5 2
P 71.784 8
P 71.784 1
P 71.785 2
P 71.785 3
P 71.785 4
P 71.785 5
P 71.786 6
P 71.786 7
F 71.801 2 2
F 71.822 6 2
F 71.826 3 2
F 71.854 7 2
F 71.867 4 2
F 72.107 8 2
F 72.159 1 3
F 72.195 2 3
F 72.200 5 3
F 72.215 3 3
F 72.234 6 3
F 72.254 7 3
F 72.332 4 3
F 72.466 8 3
F 72.497 1 4
F 72.572 5 4
F 72.586 2 4
F 72.599 6 4
F 72.605 7 4
F 72.617 3 4
F 72.686 4 4
F 72.778 8 4
T 73.631 1 1 12585 4
P 73.775 3
F 73.775 3 5
P 73.775 4
F 73.777 4 5
P 73.777 5
P 73.779 6
F 73.779 5 5
P 73.779 7
F 73.779 6 5
P 73.780 8
F 73.782 7 5
P 73.782 1
F 73.782 8 5
P 73.783 2
F 73.785 1 5
F 73.786 2 5
P 75.776 7
P 75.777 8
P 75.777 1
P 75.777 2
P 75.777 3
P 75.777 4
F 75.777 7 6
P 75.777 5
F 75.778 8 6
P 75.779 6
F 75.779 1 6
F 75.781 2 6
F 75.782 3 6
F 75.784 4 6
F 75.787 5 6
F 75.788 6 6
T 76.594 2 1 12640 6
P 77.776 1
F 77.776 1 7
P 77.776 2
F 77.777 2 7
P 77.778 3
P 77.781 4
F 77.781 3 7
P 77.781 5
F 77.781 4 7
P 77.783 6
F 77.785 5 7
P 77.785 7
F 77.785 6 7
P 77.787 8
F 77.790 7 7
F 77.791 8 7
T 79.559 3 1 12568 7
P 79.777 7
P 79.777 8
F 79.777 7 8
P 79.778 1
F 79.779 8 8
P 79.779 2
F 79.780 1 8
P 79.781 3
F 79.783 2 8
P 79.784 4
F 79.784 3 8
P 79.786 5
F 79.788 4 8
P 79.789 6
F 79.789 5 8
F 79.791 6 8
P 81.777 5
F 81.778 5 9
P 81.778 6
P 81.779 7
F 81.778 6 9
P 81.780 8
F 81.781 7 9
P 81.781 1
F 81.781 8 9
P 81.784 2
F 81.785 1 9
P 81.785 3
F 81.786 2 9
P 81.788 4
F 81.792 3 9
F 81.792 4 9
T 82.518 5 1 12485 9
P 83.777 5
P 83.777 6
F 83.777 5 10
P 83.778 7
F 83.778 6 10
P 83.780 8
F 83.783 7 10
P 83.783 1
F 83.783 8 10
P 83.785 2
F 83.788 1 10
P 83.788 3
F 83.789 2 10
P 83.791 4
F 83.792 3 10
F 83.795 4 10
T 85.369 6 1 12672 10
P 85.781 5
P 85.782 6
P 85.782 7
F 85.782 5 11
P 85.782 8
F 85.782 6 11
P 85.784 1
F 85.784 7 11
P 85.785 2
F 85.788 8 11
P 85.788 3
F 85.789 1 11
P 85.792 4
F 85.793 2 11
F 85.795 3 11
F 85.798 4 11
P 87.782 4
F 87.783 4 12
P 87.783 5
F 87.786 5 12
P 87.786 6
F 87.787 6 12
P 87.788 7
F 87.792 7 12
P 87.792 8
F 87.795 8 12
P 87.795 1
F 87.798 1 12
P 87.800 2
F 87.805 2 12
P 87.805 3
F 87.806 3 12
P 89.785 5
P 89.785 6
P 89.785 7
P 89.786 8
F 89.786 5 13
P 89.786 1
F 89.788 6 13
P 89.789 2
F 89.789 7 13
P 89.790 3
F 89.791 8 13
P 89.792 4
F 89.801 1 13
F 89.802 2 13
F 89.803 3 13
F 89.806 4 13
P 91.785 4
P 91.785 5
F 91.786 4 14
P 91.786 6
F 91.787 5 14
P 91.788 7
F 91.791 6 14
P 91.791 8
F 91.792 7 14
P 91.793 1
F 91.794 8 14
P 91.796 2
F 91.797 1 14
P 91.799 3
F 91.801 2 14
F 91.807 3 14
P 93.785 4
P 93.785 5
F 93.786 4 15
P 93.786 6
F 93.787 5 15
P 93.789 7
F 93.791 6 15
P 93.792 8
F 93.793 7 15
P 93.794 1
F 93.797 8 15
P 93.797 2
F 93.798 1 15
F 93.801 2 15
F 93.802 3 15
P 93.809 3
P 95.784 1
P 95.785 2
F 95.785 1 16
P 95.785 3
F 95.786 2 16
P 95.788 4
F 95.789 3 16
P 95.791 5
F 95.792 4 16
P 95.793 6
F 95.797 5 16
F 95.798 6 16
P 95.800 7
P 95.804 8
F 95.806 7 16
F 95.809 8 16
P 97.788 3
F 97.788 3 17
P 97.788 4
F 97.790 4 17
P 97.790 5
F 97.791 5 17
P 97.792 6
F 97.794 6 17
P 97.796 7
F 97.797 7 17
P 97.802 8
F 97.806 8 17
F 97.809 1 17
P 97.811 1
P 97.818 2
F 97.822 2 17
P 99.785 5
P 99.785 6
F 99.786 5 18
P 99.786 7
P 99.788 8
F 99.787 6 18
P 99.788 1
F 99.790 7 18
P 99.790 2
F 99.791 8 18
P 99.794 3
F 99.794 1 18
P 99.796 4
F 99.798 2 18
F 99.800 3 18
F 99.802 4 18
P 101.787 8
P 101.787 1
P 101.787 2
P 101.787 3
F 101.787 8 19
P 101.788 4
F 101.789 1 19
P 101.790 5
F 101.790 2 19
F 101.793 3 19
P 101.794 6
P 101.798 7
F 101.798 4 19
F 101.799 5 19
F 101.801 6 19
F 101.815 7 19
P 103.786 6
P 103.787 7
P 103.787 8
F 103.787 6 20
P 103.787 1
F 103.788 7 20
P 103.789 2
F 103.790 8 20
P 103.792 3
F 103.795 1 20
P 103.795 4
F 103.796 2 20
P 103.798 5
F 103.798 3 20
F 103.804 4 20
F 103.806 5 20
P 105.788 3
P 105.789 4
F 105.789 3 21
P 105.789 5
F 105.789 4 21
P 105.792 6
F 105.794 5 21
P 105.795 7
F 105.797 6 21
P 105.798 8
P 105.800 1
F 105.799 7 21
P 105.800 2
F 105.801 8 21
F 105.810 1 21
F 105.811 2 21
P 107.787 1
P 107.787 2
F 107.788 1 22
P 107.788 3
F 107.789 2 22
P 107.791 4
P 107.795 5
F 107.795 3 22
P 107.795 6
F 107.797 4 22
P 107.798 7
F 107.799 5 22
P 107.799 8
F 107.801 6 22
F 107.806 7 22
F 107.808 8 22
P 109.787 1
P 109.787 2
P 109.788 3
F 109.788 1 23
P 109.788 4
F 109.789 2 23
P 109.791 5
F 109.791 3 23
P 109.793 6
P 109.793 7
F 109.795 4 23
P 109.795 8
F 109.796 5 23
F 109.798 6 23
F 109.799 7 23
F 109.801 8 23
P 111.789 6
P 111.790 7
F 111.790 6 24
P 111.790 8
F 111.791 7 24
P 111.792 1
F 111.793 8 24
P 111.794 2
F 111.795 1 24
P 111.797 3
P 111.798 4
F 111.799 2 24
P 111.799 5
F 111.800 3 24
F 111.802 4 24
F 111.804 5 24
P 113.789 5
P 113.789 6
P 113.790 7
P 113.790 8
F 113.790 5 25
P 113.790 1
F 113.791 6 25
P 113.792 2
F 113.793 7 25
P 113.795 3
F 113.796 8 25
P 113.799 4
F 113.800 1 25
F 113.813 2 25
F 113.815 3 25
F 113.815 4 25
P 115.792 6
F 115.793 6 26
P 115.793 7
P 115.796 8
F 115.797 7 26
P 115.797 1
F 115.798 8 26
P 115.800 2
F 115.803 1 26
P 115.803 3
F 115.804 2 26
P 115.806 4
F 115.808 3 26
P 115.808 5
F 115.811 4 26
F 115.814 5 26
P 117.791 7
F 117.792 7 27
P 117.792 8
F 117.795 8 27
P 117.796 1
F 117.797 1 27
P 117.798 2
P 117.800 3
P 117.800 4
P 117.800 5
P 117.801 6
F 117.802 2 27
F 117.803 3 27
F 117.804 4 27
F 117.804 5 27
F 117.807 6 27
P 119.789 4
P 119.789 5
P 119.790 6
P 119.790 7
F 119.790 4 28
P 119.790 8
F 119.791 5 28
P 119.792 1
F 119.792 6 28
P 119.793 2
F 119.794 7 28
P 119.796 3
F 119.799 8 28
F 119.800 1 28
F 119.801 2 28
F 119.802 3 28
P 121.791 2
P 121.792 3
F 121.792 2 29
P 121.792 4
F 121.793 3 29
P 121.795 5
F 121.797 4 29
P 121.797 6
F 121.798 5 29
P 121.801 7
F 121.803 6 29
P 121.803 8
F 121.805 7 29
P 121.807 1
F 121.812 8 29
F 121.814 1 29
P 123.789 8
P 123.790 1
P 123.790 2
P 123.790 3
F 123.790 8 30
P 123.791 4
F 123.791 1 30
P 123.793 5
F 123.793 2 30
P 123.794 6
F 123.795 3 30
P 123.796 7
F 123.797 4 30
F 123.800 5 30
F 123.803 6 30
F 123.806 7 30
P 125.790 4
P 125.790 5
P 125.791 6
P 125.791 7
F 125.791 4 31
P 125.791 8
P 125.792 1
P 125.792 2
F 125.795 5 31
P 125.795 3
F 125.795 6 31
F 125.798 7 31
F 125.802 8 31
F 125.802 1 31
F 125.816 2 31
F 125.817 3 31
P 127.791 6
F 127.791 6 32
P 127.791 7
F 127.792 7 32
P 127.794 8
F 127.797 8 32
P 127.797 1
P 127.801 2
P 127.802 3
F 127.802 1 32
P 127.802 4
F 127.803 2 32
P 127.805 5
F 127.807 3 32
F 127.809 4 32
F 127.812 5 32
P 129.788 1
P 129.789 2
F 129.789 1 33
P 129.789 3
F 129.790 2 33
F 129.793 3 33
P 129.793 4
F 129.795 4 33
P 129.797 5
F 129.799 5 33
P 129.800 6
F 129.802 6 33
P 129.805 7
P 129.808 8
F 129.809 7 33
F 129.811 8 33
P 131.790 2
P 131.790 3
P 131.790 4
P 131.790 5
F 131.790 2 34
P 131.791 6
F 131.791 3 34
P 131.794 7
F 131.794 4 34
P 131.797 8
F 131.797 5 34
P 131.800 1
F 131.802 6 34
F 131.805 7 34
F 131.807 8 34
F 131.811 1 34
P 133.791 7
P 133.791 8
P 133.792 1
P 133.792 2
F 133.792 7 35
P 133.792 3
F 133.794 8 35
P 133.794 4
F 133.794 1 35
P 133.795 5
F 133.796 2 35
P 133.797 6
F 133.801 3 35
F 133.803 4 35
F 133.806 5 35
F 133.809 6 35
P 135.790 2
P 135.791 3
P 135.791 4
F 135.791 2 36
P 135.792 5
F 135.792 3 36
P 135.794 6
P 135.796 7
F 135.794 4 36
P 135.796 8
P 135.798 1
F 135.799 5 36
F 135.800 6 36
F 135.806 7 36
F 135.806 8 36
F 135.809 1 36
P 137.792 5
P 137.792 6
F 137.793 5 37
P 137.793 7
F 137.794 6 37
P 137.796 8
F 137.799 7 37
P 137.799 1
F 137.800 8 37
P 137.801 2
F 137.805 1 37
P 137.805 3
F 137.806 2 37
P 137.809 4
F 137.812 3 37
F 137.814 4 37
P 139.791 1
P 139.792 2
P 139.792 3
P 139.792 4
F 139.792 1 38
P 139.792 5
P 139.793 6
P 139.793 7
P 139.793 8
F 139.794 2 38
F 139.795 3 38
F 139.799 4 38
F 139.801 5 38
F 139.801 6 38
F 139.801 7 38
F 139.802 8 38
P 141.791 2
F 141.791 2 39
P 141.791 3
F 141.794 3 39
P 141.795 4
F 141.797 4 39
P 141.803 5
F 141.805 5 39
P 141.805 6
F 141.810 6 39
P 141.811 7
F 141.815 7 39
P 141.816 8
F 141.817 8 39
P 141.820 1
F 141.821 1 39
P 143.792 4
F 143.793 4 40
P 143.793 5
F 143.794 5 40
P 143.796 6
F 143.798 6 40
P 143.799 7
F 143.799 7 40
P 143.801 8
F 143.804 8 40
P 143.805 1
F 143.806 1 40
P 143.808 2
F 143.811 2 40
F 143.814 3 40
P 143.816 3
P 145.794 6
P 145.795 7
P 145.795 8
F 145.795 6 41
P 145.796 1
F 145.797 7 41
P 145.798 2
F 145.798 8 41
P 145.800 3
F 145.801 1 41
P 145.804 4
F 145.805 2 41
P 145.807 5
F 145.807 3 41
F 145.811 4 41
F 145.814 5 41
P 147.794 8
P 147.794 1
F 147.795 8 42
P 147.795 2
F 147.796 1 42
P 147.797 3
F 147.800 2 42
P 147.800 4
F 147.802 3 42
P 147.803 5
F 147.806 4 42
P 147.806 6
F 147.807 5 42
P 147.810 7
F 147.811 6 42
F 147.817 7 42
P 149.796 2
P 149.796 3
P 149.796 4
F 149.797 2 43
P 149.797 5
P 149.799 6
F 149.798 3 43
P 149.799 7
F 149.799 4 43
P 149.800 8
F 149.803 5 43
P 149.804 1
F 149.805 6 43
F 149.808 7 43
F 149.810 8 43
F 149.813 1 43
P 151.795 8
P 151.795 1
P 151.795 2
F 151.796 8 44
P 151.796 3
F 151.796 1 44
P 151.799 4
F 151.799 2 44
P 151.800 5
P 151.802 6
F 151.810 3 44
P 151.810 7
F 151.812 4 44
F 151.815 5 44
F 151.817 6 44
F 151.818 7 44
P 153.797 6
P 153.798 7
F 153.798 6 45
P 153.798 8
F 153.799 7 45
F 153.802 8 45
P 153.802 1
F 153.805 1 45
P 153.807 2
P 153.808 3
F 153.809 2 45
P 153.810 4
F 153.812 3 45
P 153.813 5
F 153.817 4 45
F 153.818 5 45
P 155.797 8
P 155.797 1
P 155.798 2
P 155.798 3
P 155.798 4
P 155.798 5
P 155.798 6
P 155.798 7
F 155.799 8 46
F 155.801 1 46
F 155.802 2 46
F 155.802 3 46
F 155.804 4 46
F 155.806 5 46
F 155.807 6 46
F 155.807 7 46
P 157.799 7
F 157.800 7 47
P 157.800 8
F 157.800 8 47
P 157.802 1
F 157.805 1 47
P 157.806 2
F 157.806 2 47
P 157.810 3
F 157.814 3 47
P 157.815 4
F 157.817 4 47
P 157.818 5
F 157.822 5 47
P 157.822 6
F 157.827 6 47
P 159.799 1
P 159.799 2
P 159.799 3
P 159.800 4
F 159.800 1 48
P 159.800 5
F 159.801 2 48
P 159.802 6
F 159.803 3 48
P 159.803 7
F 159.805 4 48
P 159.807 8
F 159.808 5 48
F 159.815 6 48
F 159.817 7 48
F 159.818 8 48
P 161.799 2
P 161.799 3
P 161.800 4
P 161.800 5
F 161.800 2 49
P 161.800 6
F 161.802 3 49
P 161.802 7
F 161.802 4 49
P 161.804 8
F 161.806 5 49
P 161.808 1
F 161.811 6 49
F 161.812 7 49
F 161.813 8 49
F 161.818 1 49
P 163.801 4
P 163.802 5
P 163.802 6
P 163.802 7
P 163.802 8
P 163.802 1
F 163.802 4 50
P 163.802 2
F 163.805 5 50
P 163.805 3
F 163.806 6 50
F 163.807 7 50
F 163.809 8 50
F 163.811 1 50
F 163.818 2 50
F 163.820 3 50
P 165.801 1
P 165.801 2
P 165.801 3
P 165.801 4
P 165.801 5
F 165.802 1 51
P 165.802 6
F 165.803 2 51
P 165.804 7
F 165.805 3 51
P 165.806 8
F 165.807 4 51
F 165.810 5 51
F 165.812 6 51
F 165.814 7 51
F 165.817 8 51
P 167.803 1
P 167.803 2
F 167.804 1 52
P 167.804 3
F 167.805 2 52
P 167.807 4
P 167.809 5
P 167.809 6
P 167.809 7
P 167.809 8
F 167.811 3 52
F 167.811 4 52
F 167.813 5 52
F 167.813 6 52
F 167.815 7 52
F 167.815 8 52
P 169.802 7
P 169.802 8
P 169.802 1
P 169.802 2
P 169.802 3
P 169.803 4
P 169.803 5
P 169.803 6
F 169.803 7 53
F 169.805 8 53
F 169.805 1 53
F 169.805 2 53
F 169.807 3 53
F 169.807 4 53
F 169.808 5 53
F 169.810 6 53
P 171.804 6
P 171.804 7
P 171.804 8
F 171.804 6 54
P 171.804 1
F 171.805 7 54
P 171.807 2
F 171.807 8 54
P 171.808 3
P 171.810 4
F 171.811 1 54
P 171.811 5
F 171.812 2 54
F 171.814 3 54
F 171.814 4 54
F 171.822 5 54
P 173.804 5
P 173.804 6
P 173.804 7
P 173.804 8
P 173.804 1
F 173.805 5 55
P 173.805 2
F 173.807 6 55
P 173.807 3
F 173.808 7 55
P 173.809 4
F 173.811 8 55
F 173.820 1 55
F 173.824 2 55
F 173.825 3 55
F 173.827 4 55
P 175.802 2
P 175.803 3
P 175.803 4
P 175.803 5
P 175.804 6
F 175.804 2 56
P 175.804 7
F 175.805 3 56
P 175.806 8
F 175.806 4 56
P 175.808 1
F 175.808 5 56
F 175.812 6 56
F 175.813 7 56
F 175.816 8 56
F 175.816 1 56
P 177.805 1
P 177.805 2
P 177.805 3
P 177.806 4
F 177.806 1 57
P 177.806 5
F 177.808 2 57
P 177.808 6
F 177.808 3 57
P 177.810 7
F 177.810 4 57
P 177.812 8
F 177.814 5 57
F 177.816 6 57
F 177.819 7 57
F 177.819 8 57
P 179.804 1
P 179.804 2
P 179.804 3
P 179.805 4
P 179.805 5
P 179.805 6
P 179.805 7
P 179.805 8
F 179.805 1 58
F 179.806 2 58
F 179.807 3 58
F 179.809 4 58
F 179.810 5 58
F 179.810 6 58
F 179.811 7 58
F 179.811 8 58
P 181.805 2
P 181.805 3
P 181.805 4
P 181.805 5
F 181.806 2 59
P 181.806 6
F 181.807 3 59
P 181.808 7
P 181.810 8
F 181.809 4 59
P 181.810 1
F 181.811 5 59
F 181.814 6 59
F 181.817 7 59
F 181.819 8 59
F 181.822 1 59
