0 %, 21968 MiB
0 %, 21968 MiB
0 %, 21968 MiB
0 %, 21968 MiB
0 %, 21968 MiB
100 %, 21970 MiB
100 %, 21976 MiB
100 %, 21982 MiB
99 %, 21988 MiB
87 %, 21994 MiB
100 %, 22000 MiB
87 %, 22006 MiB
100 %, 22012 MiB
100 %, 22018 MiB
100 %, 22024 MiB
100 %, 22030 MiB
100 %, 22036 MiB
100 %, 22042 MiB
100 %, 22048 MiB
87 %, 22054 MiB
100 %, 22060 MiB
86 %, 22066 MiB
99 %, 22072 MiB
87 %, 22078 MiB
100 %, 22084 MiB
87 %, 22090 MiB
92 %, 22096 MiB
100 %, 22102 MiB
100 %, 22108 MiB
100 %, 22114 MiB
100 %, 22120 MiB
99 %, 22126 MiB
100 %, 22132 MiB
87 %, 22138 MiB
100 %, 22144 MiB
100 %, 22150 MiB
100 %, 22156 MiB
100 %, 22162 MiB
100 %, 22168 MiB
100 %, 22174 MiB
100 %, 22180 MiB
100 %, 22184 MiB
100 %, 22192 MiB
100 %, 22196 MiB
100 %, 22202 MiB
87 %, 22208 MiB
100 %, 22214 MiB
84 %, 22220 MiB
100 %, 22226 MiB
85 %, 22228 MiB
94 %, 22228 MiB
100 %, 22228 MiB
100 %, 22228 MiB
100 %, 22228 MiB
86 %, 22228 MiB
100 %, 22228 MiB
56 %, 22232 MiB
86 %, 22232 MiB
100 %, 22232 MiB
91 %, 22232 MiB
84 %, 22232 MiB
84 %, 22232 MiB
86 %, 22232 MiB
100 %, 22232 MiB
62 %, 22232 MiB
