P 70.351 1000000000
F 70.373 1000000000 1
T 71.834 1000000000 1 82 1
T 71.859 1000000000 2 82 1
T 71.872 1000000000 3 82 1
T 71.892 1000000000 4 82 1
T 71.912 1000000000 5 82 1
T 71.932 1000000000 6 82 1
T 71.952 1000000000 7 82 1
T 71.972 1000000000 8 82 1
T 71.992 1000000000 9 82 1
T 72.012 1000000000 10 82 1
T 72.032 1000000000 11 82 1
T 72.052 1000000000 12 82 1
T 72.072 1000000000 13 82 1
T 72.091 1000000000 14 82 1
T 72.111 1000000000 15 82 1
T 72.130 1000000000 16 82 1
T 72.150 1000000000 17 82 1
T 72.169 1000000000 18 82 1
T 72.189 1000000000 19 82 1
T 72.209 1000000000 20 82 1
T 72.228 1000000000 21 82 1
T 72.248 1000000000 22 82 1
T 72.267 1000000000 23 82 1
T 72.287 1000000000 24 82 1
T 72.306 1000000000 25 82 1
T 72.326 1000000000 26 82 1
T 72.345 1000000000 27 82 1
T 72.365 1000000000 28 82 1
T 72.384 1000000000 29 82 1
T 72.404 1000000000 30 82 1
T 72.423 1000000000 31 82 1
T 72.443 1000000000 32 82 1
T 72.463 1000000000 33 82 1
P 85.921 2
P 85.922 3
P 85.922 4
P 85.922 5
P 85.922 6
P 85.924 7
F 85.924 2 1
P 85.924 8
P 85.925 1
F 86.272 3 1
F 86.551 4 1
F 86.795 5 1
F 87.035 6 1
F 87.303 7 1
F 87.567 8 1
F 87.868 1 1
P 87.917 4
P 87.918 5
P 87.918 6
P 87.918 7
P 87.918 8
P 87.918 1
P 87.918 2
P 87.918 3
T 88.158 2 33 48 1
T 88.158 3 33 48 1
T 88.158 4 33 48 1
T 88.158 5 33 48 1
T 88.158 6 33 48 1
T 88.158 7 25 48 1
T 88.158 8 11 48 1
F 88.158 4 2
F 88.457 5 2
F 88.744 6 2
F 89.014 7 2
F 89.283 8 2
F 89.549 1 2
F 89.812 2 2
P 89.918 5
P 89.919 6
P 89.919 7
P 89.919 8
P 89.919 1
P 89.919 2
P 89.919 3
P 89.919 4
F 90.079 3 2
T 90.355 7 66 101 2
T 90.355 8 66 101 2
T 90.355 1 56 101 2
T 90.355 4 66 101 2
T 90.355 5 66 101 2
T 90.355 6 66 101 2
T 90.355 2 44 101 2
F 90.355 5 3
F 90.619 6 3
F 90.874 7 3
F 91.133 8 3
F 91.390 1 3
F 91.645 2 3
F 91.900 3 3
P 91.916 5
P 91.916 6
P 91.916 7
P 91.916 8
P 91.916 1
P 91.916 2
P 91.916 3
P 91.917 4
F 92.154 4 3
F 92.409 5 4
F 92.658 6 4
F 92.905 7 4
F 93.152 8 4
F 93.402 1 4
F 93.648 2 4
F 93.891 3 4
P 93.918 1
P 93.918 2
P 93.918 3
P 93.918 4
P 93.919 5
P 93.919 6
P 93.919 7
P 93.919 8
F 94.146 4 4
T 94.398 1 99 207 4
T 94.398 2 88 154 4
T 94.398 3 76 154 4
T 94.398 5 99 207 4
T 94.398 6 99 207 4
T 94.398 7 99 207 4
T 94.399 8 99 206 4
F 94.402 1 5
F 94.646 2 5
F 94.889 3 5
F 95.133 4 5
F 95.375 5 5
F 95.621 6 5
F 95.882 7 5
P 95.919 4
P 95.919 5
P 95.919 6
P 95.919 7
P 95.920 8
P 95.920 1
P 95.920 2
P 95.920 3
F 96.123 8 5
T 96.366 2 120 207 5
T 96.366 3 109 207 5
T 96.366 4 99 207 5
T 96.366 5 132 259 5
T 96.366 6 132 260 5
T 96.366 7 132 260 5
T 96.366 8 132 259 5
T 96.366 1 132 260 5
F 96.370 4 6
F 96.603 5 6
F 96.847 6 6
F 97.092 7 6
F 97.340 8 6
F 97.587 1 6
F 97.834 2 6
P 97.922 6
P 97.922 7
P 97.922 8
P 97.922 1
P 97.922 2
P 97.922 3
P 97.922 4
P 97.922 5
F 98.091 3 6
T 98.356 2 165 313 6
T 98.356 3 165 313 6
T 98.356 4 165 313 6
T 98.356 1 165 313 6
T 98.356 5 165 312 6
T 98.356 6 153 260 6
T 98.356 7 142 260 6
F 98.360 6 7
F 98.622 7 7
F 98.901 8 7
F 99.173 1 7
F 99.439 2 7
F 99.707 3 7
P 99.919 1
P 99.920 2
P 99.920 3
P 99.920 4
P 99.920 5
P 99.920 6
P 99.920 7
P 99.920 8
F 99.977 4 7
F 100.245 5 7
T 100.519 6 198 366 7
T 100.519 7 198 366 7
T 100.519 8 198 365 7
T 100.519 4 198 366 7
T 100.519 5 198 365 7
T 100.519 1 187 313 7
T 100.519 2 175 313 7
F 100.523 1 8
F 100.790 2 8
F 101.055 3 8
F 101.319 4 8
F 101.582 5 8
F 101.846 6 8
P 101.921 8
P 101.921 1
P 101.921 2
P 101.921 3
P 101.921 4
P 101.921 5
P 101.921 6
P 101.921 7
F 102.111 7 8
F 102.377 8 8
T 102.656 1 231 419 8
T 102.656 2 231 419 8
T 102.656 3 220 366 8
T 102.656 6 231 419 8
T 102.656 7 231 419 8
T 102.656 8 231 418 8
T 102.656 4 208 366 8
F 102.660 8 9
F 102.905 1 9
F 103.141 2 9
F 103.383 3 9
F 103.632 4 9
F 103.880 5 9
P 103.922 7
P 103.922 8
P 103.922 1
P 103.922 2
P 103.922 3
P 103.922 4
P 103.922 5
P 103.922 6
F 104.136 6 9
F 104.390 7 9
T 104.654 3 264 472 9
T 104.654 4 264 472 9
T 104.654 5 264 471 9
T 104.654 1 264 472 9
T 104.654 2 264 472 9
T 104.654 6 253 419 9
T 104.654 7 242 419 9
F 104.657 7 10
F 104.919 8 10
F 105.176 1 10
F 105.422 2 10
F 105.662 3 10
F 105.901 4 10
P 105.921 8
P 105.922 1
P 105.922 2
P 105.922 3
P 105.922 4
P 105.922 5
P 105.922 6
P 105.922 7
F 106.138 5 10
F 106.375 6 10
T 106.622 6 274 472 10
T 106.622 7 264 472 10
T 106.622 8 297 524 10
T 106.622 1 297 525 10
T 106.622 2 297 525 10
T 106.622 3 297 525 10
T 106.622 4 295 472 10
T 106.622 5 285 471 10
F 106.625 8 11
F 106.867 1 11
F 107.108 2 11
F 107.352 3 11
F 107.586 4 11
F 107.825 5 11
P 107.923 2
P 107.923 3
P 107.924 4
P 107.924 5
P 107.924 6
P 107.924 7
P 107.924 8
P 107.924 1
F 108.072 6 11
F 108.322 7 11
T 108.565 4 316 525 11
T 108.565 5 306 524 11
T 108.565 6 297 525 11
T 108.565 7 330 577 11
T 108.565 8 330 576 11
T 108.565 1 330 578 11
T 108.565 2 330 578 11
T 108.565 3 327 525 11
F 108.569 2 12
F 108.814 3 12
F 109.081 4 12
F 109.342 5 12
F 109.616 6 12
F 109.875 7 12
P 109.921 5
P 109.921 6
P 109.921 7
P 109.921 8
P 109.921 1
P 109.921 2
P 109.921 3
P 109.921 4
F 110.133 8 12
F 110.391 1 12
T 110.655 3 363 631 12
T 110.655 4 361 578 12
T 110.655 5 350 576 12
T 110.655 6 339 578 12
T 110.655 8 363 629 12
T 110.655 1 363 631 12
T 110.655 2 363 631 12
F 110.658 5 13
F 110.930 6 13
F 111.172 7 13
F 111.416 8 13
F 111.676 1 13
P 111.923 5
P 111.923 6
P 111.923 7
P 111.923 8
P 111.923 1
P 111.923 2
P 111.923 3
P 111.923 4
F 111.944 2 13
F 112.216 3 13
F 112.484 4 13
T 112.760 4 396 684 13
T 112.760 5 396 682 13
T 112.760 6 395 631 13
T 112.760 7 384 630 13
T 112.760 2 396 684 13
T 112.760 3 396 684 13
T 112.760 8 372 629 13
F 112.763 5 14
F 113.031 6 14
F 113.296 7 14
F 113.564 8 14
F 113.832 1 14
P 113.922 2
P 113.922 3
P 113.922 4
P 113.922 5
P 113.922 6
P 113.922 7
P 113.922 8
P 113.922 1
F 114.100 2 14
F 114.374 3 14
F 114.652 4 14
T 114.939 6 429 737 14
T 114.939 7 429 736 14
T 114.939 8 429 735 14
T 114.939 1 429 737 14
T 114.939 5 429 735 14
T 114.939 2 419 684 14
T 114.939 3 407 684 14
F 114.943 2 15
F 115.219 3 15
F 115.487 4 15
F 115.754 5 15
P 115.923 4
P 115.923 5
P 115.923 6
P 115.923 7
P 115.924 8
P 115.924 1
P 115.924 2
P 115.924 3
F 116.026 6 15
F 116.295 7 15
F 116.563 8 15
F 116.827 1 15
T 117.111 2 453 737 15
T 117.111 3 440 737 15
T 117.111 4 429 737 15
T 117.111 5 462 788 15
T 117.111 6 462 790 15
T 117.111 7 462 789 15
T 117.111 8 462 788 15
T 117.111 1 462 790 15
F 117.115 4 16
F 117.378 5 16
F 117.640 6 16
F 117.904 7 16
P 117.923 2
P 117.923 3
P 117.923 4
P 117.923 5
P 117.924 6
P 117.924 7
P 117.924 8
P 117.924 1
F 118.169 8 16
F 118.433 1 16
F 118.697 2 16
F 118.966 3 16
T 119.246 2 495 843 16
T 119.246 3 495 843 16
T 119.246 4 495 843 16
T 119.246 5 495 841 16
T 119.246 6 495 843 16
T 119.246 7 485 789 16
T 119.246 8 473 788 16
F 119.250 2 17
F 119.511 3 17
F 119.771 4 17
P 119.923 3
P 119.923 4
P 119.923 5
P 119.923 6
P 119.923 7
P 119.923 8
P 119.923 1
P 119.923 2
F 120.041 5 17
F 120.307 6 17
F 120.575 7 17
F 120.859 8 17
F 121.126 1 17
T 121.401 7 528 895 17
T 121.401 8 528 894 17
T 121.401 1 519 843 17
T 121.401 4 528 896 17
T 121.401 5 528 894 17
T 121.401 6 528 896 17
T 121.401 2 506 843 17
F 121.404 3 18
F 121.671 4 18
P 121.923 7
P 121.924 8
P 121.924 1
P 121.924 2
P 121.924 3
P 121.924 4
P 121.924 5
P 121.924 6
F 121.940 5 18
F 122.218 6 18
F 122.487 7 18
F 122.765 8 18
F 123.036 1 18
F 123.306 2 18
T 123.577 1 528 896 18
T 123.577 2 561 949 18
T 123.577 3 561 949 18
T 123.577 4 561 949 18
T 123.577 5 561 947 18
T 123.577 6 561 949 18
T 123.577 7 551 895 18
T 123.577 8 538 894 18
F 123.580 7 19
F 123.847 8 19
P 123.926 6
P 123.926 7
P 123.926 8
P 123.926 1
P 123.926 2
P 123.926 3
P 123.926 4
P 123.926 5
F 124.120 1 19
F 124.391 2 19
F 124.660 3 19
F 124.939 4 19
F 125.225 5 19
F 125.490 6 19
T 125.760 7 594 1001 19
T 125.760 8 584 947 19
T 125.760 1 571 949 19
T 125.760 3 594 1002 19
T 125.760 4 594 1002 19
T 125.760 5 594 1000 19
T 125.760 6 594 1002 19
F 125.764 6 20
P 125.925 6
P 125.925 7
P 125.925 8
P 125.925 1
P 125.925 2
P 125.925 3
P 125.925 4
P 125.925 5
F 126.032 7 20
F 126.299 8 20
F 126.564 1 20
F 126.830 2 20
F 127.094 3 20
F 127.361 4 20
F 127.632 5 20
T 127.926 8 627 1053 20
T 127.926 1 627 1055 20
T 127.926 2 627 1055 20
T 127.926 7 627 1054 20
T 127.927 3 627 1055 20
T 127.927 4 616 1002 20
T 127.927 5 604 1000 20
F 127.931 6 21
P 127.935 8
P 127.935 1
P 127.935 2
P 127.935 3
P 127.935 4
P 127.935 5
P 127.935 6
P 127.935 7
F 128.220 7 21
F 128.490 8 21
F 128.774 1 21
F 129.058 2 21
F 129.331 3 21
F 129.598 4 21
F 129.861 5 21
P 129.928 7
P 129.929 8
P 129.929 1
P 129.929 2
P 129.929 3
P 129.929 4
P 129.929 5
P 129.929 6
T 130.132 4 639 1055 21
T 130.132 5 627 1053 21
T 130.132 6 660 1108 21
T 130.132 7 660 1107 21
T 130.132 8 660 1106 21
T 130.132 1 660 1108 21
T 130.132 2 660 1108 21
T 130.132 3 651 1055 21
F 130.136 8 22
F 130.400 8 23
F 130.658 1 22
F 130.939 1 23
F 131.200 2 22
F 131.470 2 23
F 131.730 3 22
P 131.931 4
P 131.932 5
P 131.932 6
P 131.932 7
P 131.932 8
P 131.932 1
P 131.932 2
P 131.932 3
F 131.995 3 23
F 132.257 4 22
F 132.529 4 23
F 132.795 5 22
F 133.077 5 23
F 133.369 6 22
F 133.644 6 23
F 133.920 7 22
P 133.930 1
P 133.930 2
P 133.930 3
P 133.931 4
P 133.931 5
P 133.931 6
P 133.931 7
P 133.931 8
F 134.197 7 23
T 134.490 3 681 1108 23
T 134.490 4 670 1108 23
T 134.490 5 660 1106 23
T 134.490 6 693 1161 23
T 134.490 7 693 1160 23
T 134.490 8 693 1159 23
T 134.490 1 693 1161 23
T 134.490 2 693 1161 23
F 134.497 4 24
F 134.763 4 25
F 135.031 5 24
F 135.296 5 25
F 135.561 6 24
F 135.828 6 25
P 135.930 7
P 135.930 8
P 135.930 1
P 135.930 2
P 135.931 3
P 135.931 4
P 135.931 5
P 135.931 6
F 136.097 7 24
F 136.365 7 25
F 136.630 8 24
F 136.897 8 25
F 137.164 1 24
F 137.430 1 25
F 137.698 2 24
P 137.931 6
P 137.931 7
P 137.931 8
P 137.931 1
P 137.931 2
P 137.931 3
P 137.931 4
P 137.931 5
F 137.965 2 25
F 138.229 3 24
F 138.493 3 25
T 138.770 3 759 1267 25
T 138.770 4 759 1267 25
T 138.770 5 752 1212 25
T 138.770 8 759 1265 25
T 138.770 1 759 1267 25
T 138.770 2 759 1267 25
T 138.770 6 727 1214 25
T 138.770 7 703 1160 25
F 138.776 7 26
F 139.044 7 27
F 139.308 8 26
F 139.572 8 27
F 139.838 1 26
P 139.931 2
P 139.931 3
P 139.931 4
P 139.931 5
P 139.931 6
P 139.931 7
P 139.931 8
P 139.931 1
F 140.105 1 27
F 140.369 2 26
F 140.639 2 27
F 140.903 3 26
F 141.168 3 27
F 141.432 4 26
F 141.694 4 27
P 141.930 5
P 141.931 6
P 141.931 7
P 141.931 8
P 141.931 1
P 141.931 2
P 141.931 3
P 141.931 4
F 141.961 5 26
F 142.232 5 27
F 142.498 6 26
F 142.763 6 27
T 143.050 5 825 1371 27
T 143.050 7 825 1372 27
T 143.050 6 825 1373 27
T 143.050 4 825 1373 27
T 143.050 8 825 1371 27
T 143.050 1 814 1320 27
T 143.050 2 792 1320 27
T 143.050 3 768 1267 27
F 143.057 2 28
F 143.320 2 29
F 143.586 3 28
F 143.851 3 29
P 143.933 4
P 143.933 5
P 143.933 6
P 143.933 7
P 143.933 8
P 143.933 1
P 143.933 2
P 143.933 3
F 144.118 4 28
F 144.382 4 29
F 144.648 5 28
F 144.910 5 29
F 145.174 6 28
F 145.436 6 29
F 145.698 7 28
P 145.931 4
P 145.931 5
P 145.931 6
P 145.931 7
P 145.931 8
P 145.932 1
P 145.932 2
P 145.932 3
F 145.961 7 29
F 146.222 8 28
F 146.497 8 29
F 146.776 1 28
F 147.077 1 29
T 147.354 1 891 1479 29
T 147.354 3 891 1479 29
T 147.354 2 891 1479 29
T 147.354 7 891 1478 29
T 147.354 8 891 1477 29
T 147.354 4 881 1426 29
T 147.354 5 858 1424 29
T 147.354 6 835 1373 29
F 147.360 4 30
F 147.622 4 31
F 147.885 5 30
P 147.932 4
P 147.932 5
P 147.932 6
P 147.932 7
P 147.932 8
P 147.933 1
P 147.933 2
P 147.933 3
F 148.147 5 31
F 148.407 6 30
F 148.666 6 31
F 148.928 7 30
F 149.189 7 31
F 149.453 8 30
F 149.718 8 31
P 149.935 1
P 149.935 2
P 149.935 3
P 149.935 4
P 149.936 5
P 149.936 6
P 149.936 7
P 149.936 8
F 149.985 1 30
F 150.245 1 31
F 150.509 2 30
F 150.773 2 31
F 151.039 3 30
F 151.302 3 31
T 151.579 4 957 1585 31
T 151.579 6 957 1585 31
T 151.579 5 957 1583 31
T 151.579 2 957 1585 31
T 151.579 3 957 1585 31
T 151.579 7 948 1531 31
T 151.579 8 925 1530 31
T 151.579 1 900 1479 31
F 151.586 4 32
F 151.848 4 33
P 151.934 6
P 151.934 7
P 151.934 8
P 151.934 1
P 151.934 2
P 151.934 3
P 151.934 4
P 151.934 5
F 152.112 5 32
F 152.372 5 33
F 152.635 6 32
F 152.897 6 33
F 153.160 7 32
F 153.424 7 33
F 153.689 8 32
P 153.935 4
P 153.935 5
P 153.935 6
P 153.935 7
P 153.935 8
P 153.935 1
P 153.935 2
P 153.935 3
F 153.954 8 33
F 154.219 1 32
F 154.483 1 33
F 154.746 2 32
F 155.009 2 33
F 155.271 3 32
F 155.534 3 33
T 155.808 7 1023 1690 33
T 155.808 1 1011 1638 33
T 155.808 8 1023 1689 33
T 155.808 4 1023 1691 33
T 155.808 5 1023 1689 33
T 155.808 6 1023 1691 33
T 155.808 2 990 1638 33
T 155.808 3 967 1585 33
F 155.815 6 34
P 155.937 5
P 155.937 6
P 155.937 7
P 155.937 8
P 155.937 1
P 155.937 2
P 155.937 3
P 155.937 4
F 156.076 6 35
F 156.340 7 34
F 156.603 7 35
F 156.871 8 34
F 157.138 8 35
F 157.404 1 34
F 157.670 1 35
F 157.936 2 34
P 157.939 7
P 157.939 8
P 157.939 1
P 157.939 2
P 157.939 3
P 157.939 4
P 157.939 5
P 157.939 6
F 158.200 2 35
F 158.464 3 34
F 158.728 3 35
F 158.994 4 34
F 159.258 4 35
F 159.523 5 34
F 159.787 5 35
P 159.937 7
P 159.937 8
P 159.937 1
P 159.937 2
P 159.937 3
P 159.937 4
P 159.937 5
P 159.937 6
T 160.071 1 1077 1744 35
T 160.071 3 1033 1691 35
T 160.071 2 1055 1691 35
T 160.071 4 1089 1797 35
T 160.071 5 1089 1795 35
T 160.071 6 1089 1797 35
T 160.071 7 1089 1796 35
T 160.071 8 1089 1795 35
F 160.077 5 36
F 160.344 5 37
F 160.609 5 38
F 160.873 6 36
F 161.136 6 37
F 161.398 6 38
F 161.662 7 36
F 161.927 7 37
P 161.937 5
P 161.937 6
P 161.937 7
P 161.937 8
P 161.937 1
P 161.937 2
P 161.937 3
P 161.937 4
F 162.192 7 38
F 162.457 8 36
F 162.742 8 37
F 163.026 8 38
F 163.310 1 36
F 163.578 1 37
F 163.859 1 38
P 163.937 6
P 163.937 7
P 163.938 8
P 163.938 1
P 163.938 2
P 163.938 3
P 163.938 4
P 163.938 5
F 164.138 2 36
F 164.422 2 37
F 164.708 2 38
F 164.991 3 36
F 165.259 3 37
F 165.540 3 38
F 165.815 4 36
P 165.937 6
P 165.937 7
P 165.937 8
P 165.937 1
P 165.938 2
P 165.938 3
P 165.938 4
P 165.938 5
F 166.099 4 37
F 166.412 4 38
T 166.740 2 1155 1903 38
T 166.740 1 1155 1903 38
T 166.740 3 1143 1850 38
T 166.740 6 1155 1903 38
T 166.740 7 1155 1902 38
T 166.740 8 1155 1901 38
T 166.740 4 1122 1850 38
T 166.740 5 1099 1795 38
F 166.751 5 39
F 167.017 5 40
F 167.280 5 41
F 167.543 6 39
F 167.808 6 40
P 167.940 7
P 167.940 8
P 167.940 1
P 167.940 2
P 167.940 3
P 167.940 4
P 167.940 5
P 167.940 6
F 168.080 6 41
F 168.349 7 39
F 168.612 7 40
F 168.877 7 41
F 169.142 8 39
F 169.407 8 40
F 169.672 8 41
F 169.936 1 39
P 169.938 2
P 169.938 3
P 169.938 4
P 169.938 5
P 169.938 6
P 169.938 7
P 169.938 8
P 169.938 1
F 170.200 1 40
F 170.463 1 41
F 170.724 2 39
F 170.988 2 40
F 171.251 2 41
F 171.512 3 39
F 171.772 3 40
P 171.937 6
P 171.937 7
P 171.937 8
P 171.937 1
P 171.937 2
P 171.937 3
P 171.937 4
P 171.937 5
F 172.043 3 41
F 172.312 4 39
F 172.579 4 40
F 172.851 4 41
T 173.137 3 1218 1956 41
T 173.137 5 1254 2060 41
T 173.137 4 1184 1903 41
T 173.137 6 1254 2062 41
T 173.137 7 1254 2061 41
T 173.137 8 1254 2060 41
T 173.137 1 1254 2062 41
T 173.137 2 1252 2009 41
F 173.147 7 42
F 173.411 7 43
F 173.675 7 44
F 173.937 8 42
P 173.939 4
P 173.940 5
P 173.940 6
P 173.940 7
P 173.940 8
P 173.940 1
P 173.940 2
P 173.940 3
F 174.203 8 43
F 174.463 8 44
F 174.728 1 42
F 174.993 1 43
F 175.259 1 44
F 175.527 2 42
F 175.793 2 43
P 175.939 1
P 175.939 2
P 175.939 3
P 175.939 4
P 175.939 5
P 175.939 6
P 175.939 7
P 175.939 8
F 176.063 2 44
F 176.330 3 42
F 176.595 3 43
F 176.862 3 44
F 177.129 4 42
F 177.395 4 43
F 177.659 4 44
F 177.942 5 42
P 177.942 2
P 177.943 3
P 177.943 4
P 177.943 5
P 177.943 6
P 177.943 7
P 177.943 8
P 177.943 1
F 178.212 5 43
F 178.481 5 44
F 178.749 6 42
F 179.022 6 43
F 179.290 6 44
T 179.613 2 1345 2168 44
T 179.614 3 1312 2115 44
T 179.614 4 1278 2062 44
T 179.614 5 1353 2219 44
T 179.614 6 1353 2221 44
T 179.614 7 1353 2220 44
T 179.614 8 1353 2219 44
T 179.614 1 1353 2220 44
F 179.624 4 45
F 179.887 4 46
P 179.937 8
P 179.937 1
P 179.937 2
P 179.937 3
P 179.937 4
P 179.937 5
P 179.937 6
P 179.937 7
F 180.149 4 47
F 180.407 5 45
F 180.671 5 46
F 180.937 5 47
F 181.201 6 45
F 181.468 6 46
F 181.731 6 47
P 181.939 1
P 181.939 2
P 181.939 3
P 181.939 4
P 181.939 5
P 181.939 6
P 181.939 7
P 181.939 8
F 181.996 7 45
F 182.260 7 46
F 182.527 7 47
F 182.793 8 45
F 183.056 8 46
F 183.320 8 47
F 183.585 1 45
F 183.851 1 46
P 183.940 1
P 183.940 2
P 183.940 3
P 183.940 4
P 183.940 5
P 183.940 6
P 183.940 7
P 183.940 8
F 184.119 1 47
F 184.383 2 45
F 184.646 2 46
F 184.912 2 47
F 185.181 3 45
F 185.442 3 46
F 185.706 3 47
P 185.938 6
P 185.938 7
P 185.938 8
P 185.938 1
P 185.938 2
P 185.938 3
P 185.938 4
P 185.938 5
T 186.011 3 1452 2380 47
T 186.011 2 1452 2380 47
T 186.011 4 1445 2326 47
T 186.011 7 1452 2378 47
T 186.011 8 1452 2378 47
T 186.011 1 1452 2379 47
T 186.011 5 1412 2271 47
T 186.011 6 1378 2221 47
F 186.020 8 48
F 186.283 8 49
F 186.546 8 50
F 186.812 8 51
F 187.089 1 48
F 187.354 1 49
F 187.620 1 50
F 187.887 1 51
P 187.940 6
P 187.940 7
P 187.941 8
P 187.941 1
P 187.941 2
P 187.941 3
P 187.941 4
P 187.941 5
F 188.154 2 48
F 188.421 2 49
F 188.684 2 50
F 188.950 2 51
F 189.217 3 48
F 189.483 3 49
F 189.747 3 50
P 189.941 4
P 189.941 5
P 189.941 6
P 189.941 7
P 189.941 8
P 189.941 1
P 189.941 2
P 189.941 3
F 190.014 3 51
F 190.281 4 48
F 190.547 4 49
F 190.814 4 50
F 191.079 4 51
F 191.348 5 48
F 191.613 5 49
F 191.881 5 50
P 191.943 5
P 191.943 6
P 191.943 7
P 191.943 8
P 191.943 1
P 191.943 2
P 191.943 3
P 191.943 4
F 192.148 5 51
F 192.419 6 48
F 192.704 6 49
F 192.974 6 50
F 193.242 6 51
F 193.514 7 48
F 193.808 7 49
P 193.944 3
P 193.944 4
P 193.944 5
P 193.944 6
P 193.944 7
P 193.944 8
P 193.944 1
P 193.944 2
F 194.107 7 50
F 194.390 7 51
T 194.703 5 1551 2536 51
T 194.703 4 1551 2538 51
T 194.703 6 1551 2539 51
T 194.703 7 1551 2537 51
T 194.703 8 1551 2536 51
T 194.703 1 1541 2485 51
T 194.704 2 1507 2433 51
T 194.704 3 1474 2380 51
F 194.717 6 52
F 194.980 6 53
F 195.236 6 54
F 195.490 6 55
F 195.745 7 52
P 195.941 1
P 195.941 2
P 195.941 3
P 195.941 4
P 195.941 5
P 195.941 6
P 195.941 7
P 195.941 8
F 196.002 7 53
F 196.265 7 54
F 196.520 7 55
F 196.776 8 52
F 197.038 8 53
F 197.291 8 54
F 197.550 8 55
F 197.810 1 52
P 197.943 6
P 197.943 7
P 197.943 8
P 197.943 1
P 197.943 2
P 197.943 3
P 197.943 4
P 197.943 5
F 198.069 1 53
F 198.326 1 54
F 198.587 1 55
F 198.846 2 52
F 199.105 2 53
F 199.362 2 54
F 199.619 2 55
F 199.877 3 52
P 199.945 2
P 199.945 3
P 199.946 4
P 199.946 5
P 199.946 6
P 199.946 7
P 199.946 8
P 199.946 1
F 200.140 3 53
F 200.400 3 54
F 200.661 3 55
F 200.920 4 52
F 201.202 4 53
F 201.463 4 54
F 201.732 4 55
P 201.943 3
P 201.944 4
P 201.944 5
P 201.944 6
P 201.944 7
P 201.944 8
P 201.944 1
P 201.944 2
F 202.015 5 52
F 202.292 5 53
F 202.555 5 54
F 202.828 5 55
T 203.123 1 1683 2750 55
T 203.123 3 1683 2751 55
T 203.123 2 1683 2751 55
T 203.123 8 1683 2748 55
T 203.123 4 1683 2750 55
T 203.123 5 1672 2695 55
T 203.123 6 1628 2645 55
T 203.123 7 1584 2590 55
F 203.136 1 56
F 203.397 1 57
F 203.658 1 58
F 203.920 1 59
P 203.944 6
P 203.944 7
P 203.944 8
P 203.944 1
P 203.944 2
P 203.944 3
P 203.944 4
P 203.945 5
F 204.181 2 56
F 204.439 2 57
F 204.698 2 58
F 204.959 2 59
F 205.223 3 56
F 205.481 3 57
F 205.742 3 58
P 205.945 6
P 205.945 7
P 205.945 8
P 205.945 1
P 205.945 2
P 205.945 3
P 205.945 4
P 205.945 5
F 206.005 3 59
F 206.266 4 56
F 206.528 4 57
F 206.787 4 58
F 207.049 4 59
F 207.313 5 56
F 207.579 5 57
F 207.841 5 58
P 207.946 4
P 207.946 5
P 207.946 6
P 207.946 7
P 207.946 8
P 207.946 1
P 207.946 2
P 207.946 3
F 208.108 5 59
F 208.365 6 56
F 208.626 6 57
F 208.888 6 58
F 209.151 6 59
F 209.418 7 56
F 209.681 7 57
F 209.945 7 58
P 209.949 4
P 209.949 5
P 209.949 6
P 209.950 7
P 209.950 8
P 209.950 1
P 209.950 2
P 209.950 3
F 210.210 7 59
F 210.473 8 56
F 210.752 8 57
F 211.029 8 58
F 211.317 8 59
T 211.652 5 1716 2801 59
T 211.652 6 1815 2963 59
T 211.652 7 1815 2961 59
T 211.652 8 1815 2960 59
T 211.652 1 1815 2962 59
T 211.652 2 1815 2963 59
T 211.652 3 1802 2910 59
T 211.652 4 1759 2856 59
F 211.664 6 60
F 211.927 6 61
P 211.951 8
P 211.951 1
P 211.951 2
P 211.951 3
P 211.951 4
P 211.951 5
P 211.951 6
P 211.951 7
F 212.189 6 62
F 212.451 6 63
F 212.709 7 60
F 212.970 7 61
F 213.228 7 62
F 213.491 7 63
F 213.751 8 60
P 213.948 8
P 213.948 1
P 213.948 2
P 213.948 3
P 213.948 4
P 213.948 5
P 213.948 6
P 213.948 7
F 214.011 8 61
F 214.264 8 62
F 214.518 8 63
F 214.775 1 60
F 215.035 1 61
F 215.296 1 62
F 215.556 1 63
F 215.817 2 60
P 215.951 1
P 215.952 2
P 215.952 3
P 215.952 4
P 215.952 5
P 215.952 6
P 215.952 7
P 215.952 8
F 216.082 2 61
F 216.344 2 62
F 216.605 2 63
F 216.869 3 60
F 217.132 3 61
F 217.391 3 62
F 217.654 3 63
F 217.917 4 60
P 217.950 1
P 217.950 2
P 217.951 3
P 217.951 4
P 217.951 5
P 217.951 6
P 217.951 7
P 217.951 8
F 218.182 4 61
F 218.448 4 62
F 218.722 4 63
F 218.988 5 60
F 219.256 5 61
F 219.521 5 62
F 219.797 5 63
P 219.953 6
P 219.953 7
P 219.953 8
P 219.953 1
P 219.953 2
P 219.953 3
P 219.953 4
P 219.953 5
T 220.109 3 1947 3175 63
T 220.109 4 1947 3174 63
T 220.109 5 1947 3172 63
T 220.109 1 1947 3174 63
T 220.109 2 1947 3175 63
T 220.109 6 1934 3122 63
T 220.109 7 1891 3067 63
T 220.109 8 1848 3013 63
F 220.121 8 64
F 220.382 8 65
F 220.639 8 66
F 220.897 8 67
F 221.157 8 68
F 221.417 1 64
F 221.676 1 65
F 221.933 1 66
P 221.951 6
P 221.951 7
P 221.951 8
P 221.951 1
P 221.951 2
P 221.951 3
P 221.951 4
P 221.951 5
F 222.193 1 67
F 222.452 1 68
F 222.710 2 64
F 222.969 2 65
F 223.229 2 66
F 223.486 2 67
F 223.752 2 68
P 223.953 6
P 223.953 7
P 223.953 8
P 223.953 1
P 223.953 2
P 223.953 3
P 223.953 4
P 223.953 5
F 224.032 3 64
F 224.300 3 65
F 224.562 3 66
F 224.824 3 67
F 225.085 3 68
F 225.347 4 64
F 225.614 4 65
F 225.876 4 66
P 225.954 1
P 225.954 2
P 225.954 3
P 225.954 4
P 225.955 5
P 225.955 6
P 225.955 7
P 225.955 8
F 226.140 4 67
F 226.402 4 68
F 226.661 5 64
F 226.924 5 65
F 227.188 5 66
F 227.450 5 67
F 227.712 5 68
P 227.953 2
P 227.953 3
P 227.953 4
P 227.953 5
P 227.953 6
P 227.953 7
P 227.953 8
P 227.953 1
F 227.983 6 64
F 228.260 6 65
F 228.533 6 66
F 228.811 6 67
F 229.083 6 68
F 229.388 7 64
F 229.701 7 65
P 229.956 7
P 229.956 8
P 229.956 1
P 229.956 2
P 229.957 3
P 229.957 4
P 229.957 5
P 229.957 6
F 229.958 7 66
F 230.243 7 67
F 230.512 7 68
T 230.815 6 2079 3387 68
T 230.816 7 2079 3385 68
T 230.816 8 2079 3384 68
T 230.816 1 2079 3386 68
T 230.816 2 2079 3387 68
T 230.816 3 2063 3334 68
T 230.816 4 2021 3280 68
T 230.816 5 1980 3225 68
F 230.831 6 69
F 231.102 6 70
F 231.368 6 71
F 231.631 6 72
F 231.896 6 73
P 231.956 7
P 231.956 8
P 231.956 1
P 231.956 2
P 231.956 3
P 231.956 4
P 231.956 5
P 231.956 6
F 232.159 7 69
F 232.415 7 70
F 232.671 7 71
F 232.928 7 72
F 233.187 7 73
F 233.444 8 69
F 233.699 8 70
F 233.956 8 71
P 233.958 7
P 233.958 8
P 233.958 1
P 233.958 2
P 233.958 3
P 233.958 4
P 233.958 5
P 233.958 6
F 234.219 8 72
F 234.479 8 73
F 234.741 1 69
F 235.015 1 70
F 235.284 1 71
F 235.546 1 72
F 235.809 1 73
P 235.955 4
P 235.955 5
P 235.955 6
P 235.955 7
P 235.955 8
P 235.956 1
P 235.956 2
P 235.956 3
F 236.075 2 69
F 236.347 2 70
F 236.616 2 71
F 236.887 2 72
F 237.157 2 73
F 237.431 3 69
F 237.696 3 70
P 237.961 4
P 237.961 5
P 237.961 6
P 237.961 7
P 237.961 8
P 237.961 1
P 237.961 2
P 237.961 3
F 237.965 3 71
F 238.235 3 72
F 238.515 3 73
F 238.786 4 69
F 239.083 4 70
F 239.352 4 71
F 239.628 4 72
F 239.901 4 73
P 239.955 2
P 239.956 3
P 239.956 4
P 239.956 5
P 239.956 6
P 239.956 7
P 239.956 8
P 239.956 1
F 240.204 5 69
F 240.502 5 70
F 240.812 5 71
F 241.129 5 72
F 241.423 5 73
T 241.754 3 2244 3652 73
T 241.754 4 2244 3651 73
T 241.754 5 2231 3596 73
T 241.754 8 2244 3649 73
T 241.754 1 2244 3651 73
T 241.754 2 2244 3652 73
T 241.754 6 2178 3546 73
T 241.754 7 2121 3438 73
F 241.770 7 74
P 241.958 6
P 241.958 7
P 241.958 8
P 241.958 1
P 241.958 2
P 241.958 3
P 241.958 4
P 241.958 5
F 242.031 7 75
F 242.292 7 76
F 242.554 7 77
F 242.815 7 78
F 243.077 8 74
F 243.337 8 75
F 243.594 8 76
F 243.854 8 77
P 243.958 7
P 243.958 8
P 243.958 1
P 243.958 2
P 243.958 3
P 243.958 4
P 243.958 5
P 243.958 6
F 244.118 8 78
F 244.379 1 74
F 244.639 1 75
F 244.902 1 76
F 245.166 1 77
F 245.425 1 78
F 245.685 2 74
F 245.944 2 75
P 245.956 6
P 245.956 7
P 245.956 8
P 245.956 1
P 245.956 2
P 245.956 3
P 245.956 4
P 245.956 5
F 246.204 2 76
F 246.466 2 77
F 246.725 2 78
F 246.992 3 74
F 247.249 3 75
F 247.508 3 76
F 247.766 3 77
P 247.961 6
P 247.961 7
P 247.961 8
P 247.961 1
P 247.961 2
P 247.961 3
P 247.962 4
P 247.962 5
F 248.026 3 78
F 248.285 4 74
F 248.553 4 75
F 248.818 4 76
F 249.084 4 77
F 249.360 4 78
F 249.628 5 74
F 249.901 5 75
P 249.957 8
P 249.957 1
P 249.958 2
P 249.958 3
P 249.958 4
P 249.958 5
P 249.958 6
P 249.958 7
F 250.167 5 76
F 250.438 5 77
F 250.702 5 78
F 250.963 6 74
F 251.224 6 75
F 251.485 6 76
F 251.746 6 77
P 251.958 4
P 251.958 5
P 251.959 6
P 251.959 7
P 251.959 8
P 251.959 1
P 251.959 2
P 251.959 3
F 252.012 6 78
T 252.317 5 2290 3702 78
T 252.317 7 2409 3915 78
T 252.317 6 2409 3917 78
T 252.317 8 2409 3914 78
T 252.318 1 2409 3916 78
T 252.318 2 2409 3917 78
T 252.318 3 2396 3864 78
T 252.318 4 2345 3810 78
F 252.332 6 79
F 252.596 6 80
F 252.860 6 81
F 253.122 6 82
F 253.386 6 83
F 253.645 6 84
F 253.907 7 79
P 253.958 6
P 253.958 7
P 253.958 8
P 253.958 1
P 253.958 2
P 253.958 3
P 253.958 4
P 253.958 5
F 254.173 7 80
F 254.437 7 81
F 254.699 7 82
F 254.963 7 83
F 255.233 7 84
F 255.500 8 79
F 255.788 8 80
P 255.957 5
P 255.957 6
P 255.957 7
P 255.957 8
P 255.957 1
P 255.957 2
P 255.957 3
P 255.957 4
F 256.056 8 81
F 256.319 8 82
F 256.578 8 83
F 256.838 8 84
F 257.098 1 79
F 257.358 1 80
F 257.622 1 81
F 257.883 1 82
P 257.959 8
P 257.959 1
P 257.959 2
P 257.959 3
P 257.959 4
P 257.959 5
P 257.959 6
P 257.959 7
F 258.145 1 83
F 258.408 1 84
F 258.669 2 79
F 258.930 2 80
F 259.191 2 81
F 259.453 2 82
F 259.714 2 83
P 259.960 5
P 259.961 6
P 259.961 7
P 259.961 8
P 259.961 1
P 259.961 2
P 259.961 3
P 259.961 4
F 259.977 2 84
F 260.254 3 79
F 260.553 3 80
F 260.837 3 81
F 261.121 3 82
F 261.398 3 83
F 261.685 3 84
P 261.958 7
P 261.959 8
P 261.959 1
P 261.959 2
P 261.959 3
P 261.959 4
P 261.959 5
P 261.959 6
F 261.979 4 79
F 262.279 4 80
F 262.542 4 81
F 262.817 4 82
F 263.123 4 83
F 263.404 4 84
F 263.685 5 79
P 263.960 6
P 263.960 7
P 263.960 8
P 263.961 1
P 263.961 2
P 263.961 3
P 263.961 4
P 263.961 5
F 264.006 5 80
F 264.281 5 81
F 264.575 5 82
F 264.850 5 83
F 265.141 5 84
T 265.441 3 2574 4182 84
T 265.441 5 2502 4020 84
T 265.441 4 2555 4128 84
T 265.441 7 2574 4180 84
T 265.442 8 2574 4179 84
T 265.442 1 2574 4181 84
T 265.442 2 2574 4182 84
T 265.442 6 2451 3970 84
F 265.460 6 85
F 265.718 6 86
P 265.961 7
P 265.961 8
P 265.961 1
P 265.961 2
P 265.961 3
P 265.962 4
P 265.962 5
P 265.962 6
F 265.977 6 87
F 266.239 6 88
F 266.504 6 89
F 266.767 6 90
F 267.028 7 85
F 267.286 7 86
F 267.544 7 87
F 267.806 7 88
P 267.961 4
P 267.962 5
P 267.962 6
P 267.962 7
P 267.962 8
P 267.962 1
P 267.962 2
P 267.962 3
F 268.069 7 89
F 268.332 7 90
F 268.591 8 85
F 268.855 8 86
F 269.468 8 87
F 269.730 8 88
P 269.963 1
P 269.963 2
P 269.963 3
P 269.963 4
P 269.963 5
P 269.963 6
P 269.964 7
P 269.964 8
F 269.995 8 89
F 270.258 8 90
F 270.521 1 85
F 270.781 1 86
F 271.044 1 87
F 271.307 1 88
F 271.566 1 89
F 271.827 1 90
P 271.963 6
P 271.963 7
P 271.963 8
P 271.963 1
P 271.963 2
P 271.963 3
P 271.963 4
P 271.963 5
F 272.085 2 85
F 272.343 2 86
F 272.602 2 87
F 272.859 2 88
F 273.117 2 89
F 273.378 2 90
F 273.639 3 85
F 273.901 3 86
P 273.964 3
P 273.965 4
P 273.965 5
P 273.965 6
P 273.965 7
P 273.965 8
P 273.965 1
P 273.965 2
F 274.165 3 87
F 274.429 3 88
F 274.693 3 89
F 274.955 3 90
F 275.219 4 85
F 275.481 4 86
F 275.744 4 87
P 275.962 6
P 275.963 7
P 275.963 8
P 275.963 1
P 275.963 2
P 275.963 3
P 275.963 4
P 275.963 5
F 276.009 4 88
F 276.272 4 89
F 276.536 4 90
F 276.804 5 85
F 277.074 5 86
F 277.340 5 87
F 277.603 5 88
F 277.869 5 89
P 277.966 2
P 277.966 3
P 277.966 4
P 277.966 5
P 277.966 6
P 277.966 7
P 277.967 8
P 277.967 1
F 278.135 5 90
T 278.436 5 2631 4232 90
T 278.436 4 2697 4339 90
T 278.436 6 2772 4500 90
T 278.436 7 2772 4497 90
T 278.436 8 2772 4497 90
T 278.436 1 2772 4499 90
T 278.436 2 2772 4500 90
T 278.436 3 2764 4447 90
F 278.454 7 91
F 278.715 7 92
F 278.976 7 93
F 279.239 7 94
F 279.496 7 95
F 279.755 7 96
P 279.965 7
P 279.965 8
P 279.965 1
P 279.965 2
P 279.965 3
P 279.965 4
P 279.965 5
P 279.966 6
F 280.017 7 97
F 280.277 8 91
F 280.537 8 92
F 280.802 8 93
F 281.066 8 94
F 281.330 8 95
F 281.593 8 96
F 281.854 8 97
P 281.969 4
P 281.969 5
P 281.969 6
P 281.969 7
P 281.969 8
P 281.969 1
P 281.969 2
P 281.969 3
F 282.119 1 91
F 282.389 1 92
F 282.648 1 93
F 282.911 1 94
F 283.172 1 95
F 283.434 1 96
F 283.700 1 97
F 283.965 2 91
P 283.967 3
P 283.968 4
P 283.968 5
P 283.968 6
P 283.968 7
P 283.968 8
P 283.968 1
P 283.968 2
F 284.232 2 92
F 284.501 2 93
F 284.764 2 94
F 285.029 2 95
F 285.294 2 96
F 285.560 2 97
F 285.823 3 91
P 285.967 7
P 285.967 8
P 285.967 1
P 285.967 2
P 285.967 3
P 285.967 4
P 285.967 5
P 285.967 6
F 286.089 3 92
F 286.351 3 93
F 286.614 3 94
F 286.878 3 95
F 287.144 3 96
F 287.409 3 97
F 287.675 4 91
F 287.942 4 92
P 287.968 7
P 287.968 8
P 287.968 1
P 287.968 2
P 287.968 3
P 287.968 4
P 287.968 5
P 287.968 6
F 288.207 4 93
F 288.468 4 94
F 288.733 4 95
F 288.998 4 96
F 289.260 4 97
F 289.521 5 91
F 289.787 5 92
P 289.969 2
P 289.969 3
P 289.969 4
P 289.970 5
P 289.970 6
P 289.970 7
P 289.970 8
P 289.970 1
F 290.053 5 93
F 290.319 5 94
F 290.583 5 95
F 290.861 5 96
F 291.151 5 97
F 291.429 6 91
F 291.704 6 92
P 291.970 3
P 291.970 4
P 291.970 5
P 291.970 6
P 291.970 7
P 291.970 8
P 291.970 1
P 291.970 2
F 291.973 6 93
F 292.236 6 94
F 292.529 6 95
F 292.846 6 96
F 293.143 6 97
T 293.468 3 2937 4765 97
T 293.468 5 2819 4550 97
T 293.469 4 2877 4657 97
T 293.469 6 2970 4818 97
T 293.469 7 2970 4815 97
T 293.469 8 2970 4814 97
T 293.469 1 2970 4817 97
T 293.469 2 2970 4818 97
F 293.489 7 98
F 293.745 7 99
P 293.970 1
P 293.970 2
P 293.970 3
P 293.971 4
P 293.971 5
P 293.971 6
P 293.971 7
P 293.971 8
F 294.002 7 100
F 294.264 7 101
F 294.521 7 102
F 294.779 7 103
F 295.040 7 104
F 295.299 8 98
F 295.555 8 99
F 295.813 8 100
P 295.969 4
P 295.969 5
P 295.969 6
P 295.969 7
P 295.969 8
P 295.969 1
P 295.969 2
P 295.970 3
F 296.074 8 101
F 296.331 8 102
F 296.590 8 103
F 296.849 8 104
F 297.110 1 98
F 297.367 1 99
F 297.625 1 100
F 297.884 1 101
P 297.970 1
P 297.970 2
P 297.970 3
P 297.970 4
P 297.970 5
P 297.970 6
P 297.970 7
P 297.970 8
F 298.147 1 102
F 298.406 1 103
F 298.664 1 104
F 298.923 2 98
F 299.182 2 99
F 299.445 2 100
F 299.704 2 101
F 299.959 2 102
P 299.970 4
P 299.970 5
P 299.970 6
P 299.970 7
P 299.970 8
P 299.970 1
P 299.970 2
P 299.970 3
F 300.220 2 103
F 300.479 2 104
F 300.737 3 98
F 300.997 3 99
F 301.258 3 100
F 301.518 3 101
F 301.776 3 102
P 301.973 1
P 301.973 2
P 301.973 3
P 301.973 4
P 301.973 5
P 301.973 6
P 301.973 7
P 301.973 8
F 302.034 3 103
F 302.290 3 104
F 302.548 4 98
F 302.805 4 99
F 303.060 4 100
F 303.318 4 101
F 303.577 4 102
F 303.839 4 103
P 303.973 8
P 303.973 1
P 303.974 2
P 303.974 3
P 303.974 4
P 303.974 5
P 303.974 6
P 303.974 7
F 304.101 4 104
F 304.361 5 98
F 304.620 5 99
F 304.882 5 100
F 305.142 5 101
F 305.402 5 102
F 305.664 5 103
F 305.924 5 104
P 305.972 3
P 305.972 4
P 305.972 5
P 305.972 6
P 305.972 7
P 305.972 8
P 305.972 1
P 305.972 2
F 306.188 6 98
F 306.453 6 99
F 306.717 6 100
F 306.982 6 101
F 307.242 6 102
F 307.504 6 103
F 307.763 6 104
P 307.973 7
P 307.974 8
P 307.974 1
P 307.974 2
P 307.974 3
P 307.974 4
P 307.974 5
P 307.974 6
T 308.071 5 3107 5027 104
T 308.071 4 3174 5134 104
T 308.071 3 3201 5189 104
T 308.071 7 3201 5186 104
T 308.071 8 3201 5185 104
T 308.071 1 3201 5188 104
T 308.071 2 3201 5189 104
T 308.071 6 3036 4924 104
F 308.091 1 105
F 308.351 1 106
F 308.613 1 107
F 308.875 1 108
F 309.134 1 109
F 309.392 1 110
F 309.651 1 111
F 309.908 1 112
P 309.972 2
P 309.972 3
P 309.972 4
P 309.972 5
P 309.972 6
P 309.972 7
P 309.972 8
P 309.972 1
F 310.168 2 105
F 310.426 2 106
F 310.685 2 107
F 310.943 2 108
F 311.201 2 109
F 311.459 2 110
F 311.721 2 111
P 311.979 2
P 311.979 3
P 311.979 4
P 311.979 5
P 311.979 6
P 311.979 7
P 311.979 8
P 311.980 1
F 311.983 2 112
F 312.245 3 105
F 312.503 3 106
F 312.765 3 107
F 313.025 3 108
F 313.286 3 109
F 313.548 3 110
F 313.810 3 111
P 313.973 5
P 313.973 6
P 313.973 7
P 313.973 8
P 313.973 1
P 313.973 2
P 313.973 3
P 313.973 4
F 314.117 3 112
F 314.387 4 105
F 314.659 4 106
F 314.930 4 107
F 315.210 4 108
F 315.481 4 109
F 315.751 4 110
P 315.975 1
P 315.976 2
P 315.976 3
P 315.976 4
P 315.976 5
P 315.976 6
P 315.976 7
P 315.976 8
F 316.024 4 111
F 316.292 4 112
F 316.568 5 105
F 316.834 5 106
F 317.117 5 107
F 317.390 5 108
F 317.651 5 109
F 317.933 5 110
P 317.976 4
P 317.976 5
P 317.976 6
P 317.976 7
P 317.976 8
P 317.976 1
P 317.976 2
P 317.976 3
F 318.206 5 111
F 318.460 5 112
F 318.712 6 105
F 318.965 6 106
F 319.233 6 107
F 319.494 6 108
F 319.754 6 109
P 319.977 2
P 319.977 3
P 319.977 4
P 319.977 5
P 319.977 6
P 319.977 7
P 319.977 8
P 319.978 1
F 320.016 6 110
F 320.277 6 111
F 320.541 6 112
F 320.816 7 105
F 321.090 7 106
F 321.364 7 107
F 321.639 7 108
F 321.918 7 109
P 321.978 7
P 321.978 8
P 321.978 1
P 321.978 2
P 321.978 3
P 321.978 4
P 321.978 5
P 321.978 6
F 322.219 7 110
F 322.503 7 111
F 322.806 7 112
F 323.134 8 105
F 323.427 8 106
F 323.729 8 107
P 323.980 3
P 323.980 4
P 323.980 5
P 323.980 6
P 323.980 7
P 323.980 8
P 323.981 1
P 323.981 2
F 324.019 8 108
F 324.304 8 109
F 324.587 8 110
F 324.849 8 111
F 325.134 8 112
T 325.445 4 3399 5505 112
T 325.446 5 3333 5398 112
T 325.446 6 3263 5242 112
T 325.446 7 3432 5557 112
T 325.446 8 3432 5556 112
T 325.446 1 3432 5559 112
T 325.446 2 3432 5560 112
T 325.446 3 3432 5560 112
F 325.503 2 113
F 325.801 2 114
P 325.979 2
P 325.979 3
P 325.979 4
P 325.979 5
P 325.979 6
P 325.979 7
P 325.979 8
P 325.979 1
F 326.093 2 115
F 326.341 2 116
F 326.580 2 117
F 326.832 2 118
F 327.072 2 119
F 327.328 2 120
F 327.586 3 113
F 327.832 3 114
P 327.978 7
P 327.978 8
P 327.978 1
P 327.978 2
P 327.978 3
P 327.978 4
P 327.979 5
P 327.979 6
F 328.090 3 115
F 328.336 3 116
F 328.581 3 117
F 328.827 3 118
F 329.083 3 119
F 329.335 3 120
F 329.581 4 113
F 329.827 4 114
P 329.977 4
P 329.977 5
P 329.977 6
P 329.977 7
P 329.977 8
P 329.977 1
P 329.977 2
P 329.977 3
F 330.066 4 115
F 330.317 4 116
F 330.561 4 117
F 330.809 4 118
F 331.066 4 119
F 331.314 4 120
F 331.564 5 113
F 331.798 5 114
P 331.978 5
P 331.978 6
P 331.978 7
P 331.978 8
P 331.978 1
P 331.978 2
P 331.978 3
P 331.978 4
F 332.031 5 115
F 332.267 5 116
F 332.503 5 117
F 332.740 5 118
F 332.985 5 119
F 333.239 5 120
F 333.470 6 113
F 333.722 6 114
F 333.964 6 115
P 333.977 5
P 333.977 6
P 333.977 7
P 333.977 8
P 333.977 1
P 333.977 2
P 333.977 3
P 333.977 4
F 334.212 6 116
F 334.472 6 117
F 334.721 6 118
F 334.985 6 119
F 335.231 6 120
F 335.483 7 113
F 335.743 7 114
P 335.978 8
P 335.978 1
P 335.979 2
P 335.979 3
P 335.979 4
P 335.979 5
P 335.979 6
P 335.979 7
F 335.994 7 115
F 336.240 7 116
F 336.496 7 117
F 336.747 7 118
F 337.006 7 119
F 337.252 7 120
F 337.496 8 113
F 337.742 8 114
P 337.979 2
P 337.979 3
P 337.979 4
P 337.979 5
P 337.979 6
P 337.979 7
P 337.979 8
P 337.979 1
F 337.994 8 115
F 338.240 8 116
F 338.482 8 117
F 338.727 8 118
F 338.982 8 119
F 339.231 8 120
F 339.483 1 113
F 339.736 1 114
P 339.979 2
P 339.979 3
P 339.979 4
P 339.980 5
P 339.980 6
P 339.980 7
P 339.980 8
P 339.980 1
F 339.984 1 115
F 340.224 1 116
F 340.465 1 117
F 340.719 1 118
F 340.977 1 119
F 341.231 1 120
T 341.539 6 3469 5613 120
T 341.539 5 3564 5769 120
T 341.539 4 3630 5876 120
T 341.539 1 3696 5983 120
T 341.539 2 3696 5984 120
T 341.539 3 3696 5984 120
T 341.539 7 3465 5610 120
T 341.539 8 3465 5609 120
F 341.676 2 121
F 341.928 2 122
P 341.979 4
P 341.979 5
P 341.979 6
P 341.979 7
P 341.979 8
P 341.979 1
P 341.979 2
P 341.979 3
F 342.184 2 123
F 342.424 2 124
F 342.676 2 125
F 342.924 2 126
F 343.174 2 127
F 343.416 2 128
F 343.709 3 121
F 343.966 3 122
P 343.979 7
P 343.980 8
P 343.980 1
P 343.980 2
P 343.980 3
P 343.980 4
P 343.980 5
P 343.980 6
F 344.274 3 123
F 344.540 3 124
F 344.781 3 125
F 345.038 3 126
F 345.284 3 127
F 345.525 3 128
F 345.770 4 121
P 345.981 3
P 345.981 4
P 345.981 5
P 345.981 6
P 345.981 7
P 345.981 8
P 345.981 1
P 345.981 2
F 346.026 4 122
F 346.275 4 123
F 346.528 4 124
F 346.761 4 125
F 347.009 4 126
F 347.245 4 127
F 347.493 4 128
F 347.737 5 121
F 347.980 5 122
P 347.982 1
P 347.982 2
P 347.982 3
P 347.982 4
P 347.982 5
P 347.982 6
P 347.983 7
P 347.983 8
F 348.216 5 123
F 348.457 5 124
F 348.691 5 125
F 348.936 5 126
F 349.176 5 127
F 349.423 5 128
F 349.667 6 121
F 349.908 6 122
P 349.979 4
P 349.979 5
P 349.980 6
P 349.980 7
P 349.980 8
P 349.980 1
P 349.980 2
P 349.980 3
F 350.206 6 123
F 350.445 6 124
F 350.690 6 125
F 350.928 6 126
F 351.169 6 127
F 351.401 6 128
F 351.645 7 121
F 351.896 7 122
P 351.981 5
P 351.981 6
P 351.981 7
P 351.981 8
P 351.981 1
P 351.981 2
P 351.982 3
P 351.982 4
F 352.143 7 123
F 352.391 7 124
F 352.634 7 125
F 352.870 7 126
F 353.111 7 127
F 353.351 7 128
F 353.592 8 121
F 353.847 8 122
P 353.983 8
P 353.983 1
P 353.983 2
P 353.983 3
P 353.983 4
P 353.983 5
P 353.983 6
P 353.983 7
F 354.101 8 123
F 354.344 8 124
F 354.590 8 125
F 354.829 8 126
F 355.066 8 127
F 355.302 8 128
F 355.544 1 121
F 355.782 1 122
P 355.983 1
P 355.984 2
P 355.984 3
P 355.984 4
P 355.984 5
P 355.984 6
P 355.984 7
P 355.984 8
F 356.020 1 123
F 356.261 1 124
F 356.501 1 125
F 356.757 1 126
F 357.001 1 127
F 357.244 1 128
T 357.554 2 3729 6037 128
T 357.554 3 3729 6037 128
T 357.554 1 3729 6036 128
F 357.728 4 129
F 357.969 4 130
P 357.984 5
P 357.984 6
P 357.984 7
P 357.984 8
P 357.984 1
P 357.984 2
P 357.984 3
P 357.984 4
F 358.212 4 131
F 358.472 4 132
F 358.707 4 133
F 358.960 4 134
F 359.205 4 135
F 359.446 4 136
F 359.697 5 129
F 359.955 5 130
P 359.983 5
P 359.983 6
P 359.983 7
P 359.983 8
P 359.983 1
P 359.983 2
P 359.984 3
P 359.984 4
F 360.206 5 131
F 360.433 5 132
F 360.661 5 133
F 360.896 5 134
F 361.132 5 135
F 361.373 5 136
F 361.621 6 129
F 361.852 6 130
P 361.984 7
P 361.985 8
P 361.985 1
P 361.985 2
P 361.985 3
P 361.990 4
P 361.990 5
P 361.990 6
F 362.090 6 131
F 362.314 6 132
F 362.548 6 133
F 362.782 6 134
F 363.015 6 135
F 363.251 6 136
F 363.489 7 129
F 363.730 7 130
F 363.962 7 131
P 363.984 1
P 363.985 2
P 363.985 3
P 363.985 4
P 363.985 5
P 363.985 6
P 363.985 7
P 363.985 8
F 364.198 7 132
F 364.440 7 133
F 364.682 7 134
F 364.936 7 135
F 365.179 7 136
F 365.457 8 129
F 365.731 8 130
F 365.972 8 131
P 365.984 3
P 365.984 4
P 365.984 5
P 365.984 6
P 365.984 7
P 365.984 8
P 365.984 1
P 365.984 2
F 366.244 8 132
F 366.479 8 133
F 366.721 8 134
F 366.959 8 135
F 367.200 8 136
F 367.435 1 129
F 367.671 1 130
F 367.917 1 131
P 367.986 5
P 367.986 6
P 367.986 7
P 367.986 8
P 367.986 1
P 367.986 2
P 367.986 3
P 367.986 4
F 368.157 1 132
F 368.398 1 133
F 368.641 1 134
F 368.884 1 135
F 369.131 1 136
F 369.374 2 129
F 369.619 2 130
F 369.882 2 131
P 369.987 2
P 369.987 3
P 369.987 4
P 369.987 5
P 369.987 6
P 369.988 7
P 369.988 8
P 369.988 1
F 370.117 2 132
F 370.358 2 133
F 370.601 2 134
F 370.855 2 135
F 371.097 2 136
F 371.343 3 129
F 371.590 3 130
F 371.827 3 131
P 371.986 4
P 371.986 5
P 371.986 6
P 371.986 7
P 371.986 8
P 371.986 1
P 371.986 2
P 371.986 3
F 372.070 3 132
F 372.318 3 133
F 372.569 3 134
F 372.822 3 135
F 373.077 3 136
F 373.532 5 137
F 373.785 5 138
P 373.987 7
P 373.987 8
P 373.987 1
P 373.987 2
P 373.987 3
P 373.987 4
P 373.987 5
P 373.987 6
F 374.034 5 139
F 374.283 5 140
F 374.535 5 141
F 374.776 5 142
F 375.016 5 143
F 375.266 5 144
F 375.502 6 137
F 375.740 6 138
F 375.976 6 139
P 375.987 8
P 375.987 1
P 375.987 2
P 375.987 3
P 375.987 4
P 375.988 5
P 375.988 6
P 375.988 7
F 376.217 6 140
F 376.455 6 141
F 376.693 6 142
F 376.933 6 143
F 377.175 6 144
F 377.413 7 137
F 377.661 7 138
F 377.901 7 139
P 377.988 8
P 377.988 1
P 377.988 2
P 377.988 3
P 377.988 4
P 377.988 5
P 377.989 6
P 377.989 7
F 378.139 7 140
F 378.378 7 141
F 378.615 7 142
F 378.862 7 143
F 379.100 7 144
F 379.336 8 137
F 379.571 8 138
F 379.805 8 139
P 379.989 8
P 379.990 1
P 379.990 2
P 379.990 3
P 379.990 4
P 379.990 5
P 379.990 6
P 379.990 7
F 380.037 8 140
F 380.271 8 141
F 380.507 8 142
F 380.745 8 143
F 380.986 8 144
F 381.221 1 137
F 381.463 1 138
F 381.708 1 139
F 381.945 1 140
P 381.989 5
P 381.989 6
P 381.989 7
P 381.989 8
P 381.989 1
P 381.989 2
P 381.989 3
P 381.989 4
F 382.186 1 141
F 382.421 1 142
F 382.663 1 143
F 382.905 1 144
F 383.149 2 137
F 383.389 2 138
F 383.632 2 139
F 383.869 2 140
P 383.990 5
P 383.990 6
P 383.991 7
P 383.991 8
P 383.991 1
P 383.991 2
P 383.991 3
P 383.991 4
F 384.111 2 141
F 384.358 2 142
F 384.591 2 143
F 384.837 2 144
F 385.078 3 137
F 385.324 3 138
F 385.570 3 139
F 385.804 3 140
P 385.992 2
P 385.992 3
P 385.992 4
P 385.992 5
P 385.993 6
P 385.993 7
P 385.993 8
P 385.993 1
F 386.039 3 141
F 386.282 3 142
F 386.522 3 143
F 386.760 3 144
F 386.997 4 137
F 387.234 4 138
F 387.478 4 139
F 387.712 4 140
F 387.947 4 141
P 387.991 7
P 387.991 8
P 387.991 1
P 387.991 2
P 387.991 3
P 387.992 4
P 387.992 5
P 387.992 6
F 388.188 4 142
F 388.432 4 143
F 388.674 4 144
F 389.136 7 145
F 389.376 7 146
F 389.616 7 147
F 389.850 7 148
P 389.993 5
P 389.993 6
P 389.993 7
P 389.993 8
P 389.993 1
P 389.993 2
P 389.993 3
P 389.993 4
F 390.086 7 149
F 390.320 7 150
F 390.555 7 151
F 390.790 7 152
F 391.033 8 145
F 391.279 8 146
F 391.519 8 147
F 391.759 8 148
P 391.991 4
P 391.991 5
P 391.991 6
P 391.991 7
P 391.991 8
P 391.991 1
P 391.991 2
P 391.991 3
F 391.993 8 149
F 392.229 8 150
F 392.464 8 151
F 392.699 8 152
F 392.933 1 145
F 393.170 1 146
F 393.406 1 147
F 393.641 1 148
F 393.877 1 149
P 393.993 2
P 393.993 3
P 393.993 4
P 393.993 5
P 393.993 6
P 393.993 7
P 393.993 8
P 393.993 1
F 394.116 1 150
F 394.354 1 151
F 394.592 1 152
F 394.829 2 145
F 395.067 2 146
F 395.305 2 147
F 395.542 2 148
F 395.779 2 149
P 395.990 8
P 395.991 1
P 395.991 2
P 395.991 3
P 395.991 4
P 395.991 5
P 395.991 6
P 395.991 7
F 396.016 2 150
F 396.261 2 151
F 396.499 2 152
F 396.748 3 145
F 397.001 3 146
F 397.240 3 147
F 397.481 3 148
F 397.718 3 149
F 397.966 3 150
P 397.994 8
P 397.994 1
P 397.994 2
P 397.994 3
P 397.994 4
P 397.994 5
P 397.995 6
P 397.995 7
F 398.222 3 151
F 398.465 3 152
F 398.711 4 145
F 398.957 4 146
F 399.206 4 147
F 399.444 4 148
F 399.691 4 149
F 399.949 4 150
P 399.994 7
P 399.994 8
P 399.994 1
P 399.994 2
P 399.995 3
P 399.995 4
P 399.995 5
P 399.995 6
F 400.198 4 151
F 400.436 4 152
F 400.677 5 145
F 400.921 5 146
F 401.164 5 147
F 401.403 5 148
F 401.666 5 149
F 401.904 5 150
P 401.993 2
P 401.993 3
P 401.993 4
P 401.993 5
P 401.993 6
P 401.994 7
P 401.994 8
P 401.994 1
F 402.143 5 151
F 402.379 5 152
F 402.616 6 145
F 402.852 6 146
F 403.100 6 147
F 403.352 6 148
F 403.597 6 149
F 403.837 6 150
P 403.994 3
P 403.994 4
P 403.994 5
P 403.994 6
P 403.994 7
P 403.994 8
P 403.994 1
P 403.994 2
F 404.076 6 151
F 404.316 6 152
F 405.274 5 153
F 405.518 5 154
F 405.757 5 155
P 405.995 3
P 405.996 4
P 405.996 5
P 405.996 6
P 405.996 7
P 405.996 8
P 405.996 1
P 405.996 2
F 406.000 5 156
F 406.239 5 157
F 406.482 5 158
F 406.719 5 159
F 406.958 5 160
F 407.192 6 153
F 407.434 6 154
F 407.674 6 155
F 407.906 6 156
P 407.996 3
P 407.997 4
P 407.997 5
P 407.997 6
P 407.997 7
P 407.997 8
P 407.997 1
P 407.997 2
F 408.149 6 157
F 408.384 6 158
F 408.625 6 159
F 408.869 6 160
F 409.102 7 153
F 409.345 7 154
F 409.585 7 155
F 409.826 7 156
P 409.994 5
P 409.994 6
P 409.994 7
P 409.995 8
P 409.995 1
P 409.995 2
P 409.995 3
P 409.995 4
F 410.071 7 157
F 410.311 7 158
F 410.563 7 159
F 410.800 7 160
F 411.053 8 153
F 411.301 8 154
F 411.541 8 155
F 411.773 8 156
P 411.998 8
P 411.998 1
P 411.998 2
P 411.998 3
P 411.998 4
P 411.998 5
P 411.998 6
P 411.998 7
F 412.012 8 157
F 412.251 8 158
F 412.497 8 159
F 412.742 8 160
F 412.994 1 153
F 413.229 1 154
F 413.477 1 155
F 413.715 1 156
F 413.962 1 157
P 413.996 3
P 413.996 4
P 413.996 5
P 413.996 6
P 413.996 7
P 413.996 8
P 413.996 1
P 413.996 2
F 414.211 1 158
F 414.456 1 159
F 414.700 1 160
F 414.955 2 153
F 415.194 2 154
F 415.438 2 155
F 415.691 2 156
F 415.928 2 157
P 415.996 4
P 415.996 5
P 415.996 6
P 415.996 7
P 415.996 8
P 415.996 1
P 415.996 2
P 415.996 3
F 416.166 2 158
F 416.403 2 159
F 416.640 2 160
F 416.876 3 153
F 417.112 3 154
F 417.354 3 155
F 417.594 3 156
F 417.828 3 157
P 417.996 2
P 417.996 3
P 417.996 4
P 417.996 5
P 417.996 6
P 417.996 7
P 417.996 8
P 417.996 1
F 418.067 3 158
F 418.309 3 159
F 418.549 3 160
F 418.789 4 153
F 419.029 4 154
F 419.262 4 155
F 419.497 4 156
F 419.741 4 157
F 419.978 4 158
P 419.996 5
P 419.996 6
P 419.997 7
P 419.997 8
P 419.997 1
P 419.997 2
P 419.997 3
P 419.997 4
F 420.214 4 159
F 420.451 4 160
F 420.911 3 161
F 421.157 3 162
F 421.416 3 163
F 421.661 3 164
F 421.899 3 165
P 421.995 5
P 421.995 6
P 421.995 7
P 421.995 8
P 421.995 1
P 421.995 2
P 421.996 3
P 421.996 4
F 422.147 3 166
F 422.385 3 167
F 422.627 3 168
F 422.869 4 161
F 423.110 4 162
F 423.350 4 163
F 423.589 4 164
F 423.829 4 165
P 423.995 6
P 423.995 7
P 423.995 8
P 423.995 1
P 423.995 2
P 423.995 3
P 423.995 4
P 423.995 5
F 424.069 4 166
F 424.319 4 167
F 424.563 4 168
F 424.818 5 161
F 425.090 5 162
F 425.327 5 163
F 425.569 5 164
F 425.803 5 165
P 425.996 7
P 425.997 8
P 425.997 1
P 425.997 2
P 425.997 3
P 425.997 4
P 425.997 5
P 425.997 6
F 426.039 5 166
F 426.277 5 167
F 426.514 5 168
F 426.752 6 161
F 426.998 6 162
F 427.236 6 163
F 427.479 6 164
F 427.719 6 165
F 427.968 6 166
P 427.995 4
P 427.995 5
P 427.995 6
P 427.995 7
P 427.995 8
P 427.995 1
P 427.995 2
P 427.995 3
F 428.212 6 167
F 428.449 6 168
F 428.689 7 161
F 428.931 7 162
F 429.172 7 163
F 429.408 7 164
F 429.647 7 165
F 429.881 7 166
P 429.996 6
P 429.996 7
P 429.996 8
P 429.996 1
P 429.996 2
P 429.996 3
P 429.996 4
P 429.996 5
F 430.118 7 167
F 430.354 7 168
F 430.590 8 161
F 430.827 8 162
F 431.065 8 163
F 431.304 8 164
F 431.551 8 165
F 431.785 8 166
P 431.997 8
P 431.997 1
P 431.997 2
P 431.997 3
P 431.997 4
P 431.997 5
P 431.997 6
P 431.998 7
F 432.034 8 167
F 432.283 8 168
F 432.543 1 161
F 432.787 1 162
F 433.030 1 163
F 433.266 1 164
F 433.508 1 165
F 433.766 1 166
P 433.996 8
P 433.996 1
P 433.996 2
P 433.996 3
P 433.996 4
P 433.996 5
P 433.996 6
P 433.996 7
F 434.000 1 167
F 434.243 1 168
F 434.486 2 161
F 434.728 2 162
F 434.964 2 163
F 435.211 2 164
F 435.474 2 165
F 435.720 2 166
F 435.962 2 167
P 435.996 3
P 435.996 4
P 435.996 5
P 435.996 6
P 435.996 7
P 435.996 8
P 435.996 1
P 435.996 2
F 436.207 2 168
F 436.722 5 169
F 436.964 5 170
F 437.201 5 171
F 437.438 5 172
F 437.672 5 173
F 437.907 5 174
P 437.998 3
P 437.998 4
P 437.998 5
P 437.999 6
P 437.999 7
P 437.999 8
P 437.999 1
P 437.999 2
F 438.146 5 175
F 438.388 5 176
F 438.624 6 169
F 438.859 6 170
F 439.096 6 171
F 439.331 6 172
F 439.568 6 173
F 439.808 6 174
P 439.997 1
P 439.998 2
P 439.998 3
P 439.998 4
P 439.998 5
P 439.998 6
P 439.998 7
P 439.998 8
F 440.045 6 175
F 440.280 6 176
F 440.522 7 169
F 440.759 7 170
F 440.995 7 171
F 441.229 7 172
F 441.459 7 173
F 441.692 7 174
F 441.930 7 175
P 441.999 8
P 441.999 1
P 441.999 2
P 441.999 3
P 441.999 4
P 441.999 5
P 442.000 6
P 442.000 7
F 442.161 7 176
F 442.406 8 169
F 442.649 8 170
F 442.884 8 171
F 443.116 8 172
F 443.359 8 173
F 443.601 8 174
F 443.834 8 175
P 443.997 4
P 443.997 5
P 443.997 6
P 443.997 7
P 443.997 8
P 443.997 1
P 443.997 2
P 443.997 3
F 444.063 8 176
F 444.297 1 169
F 444.530 1 170
F 444.763 1 171
F 444.997 1 172
F 445.231 1 173
F 445.464 1 174
F 445.696 1 175
F 445.928 1 176
P 445.998 3
P 445.998 4
P 445.998 5
P 445.998 6
P 445.999 7
P 445.999 8
P 445.999 1
P 445.999 2
F 446.159 2 169
F 446.396 2 170
F 446.628 2 171
F 446.860 2 172
F 447.093 2 173
F 447.326 2 174
F 447.558 2 175
F 447.788 2 176
P 448.000 7
P 448.000 8
P 448.000 1
P 448.000 2
P 448.000 3
P 448.000 4
P 448.000 5
P 448.000 6
F 448.018 3 169
F 448.252 3 170
F 448.490 3 171
F 448.722 3 172
F 448.958 3 173
F 449.195 3 174
F 449.430 3 175
F 449.662 3 176
F 449.894 4 169
P 449.998 4
P 449.998 5
P 449.998 6
P 449.998 7
P 449.998 8
P 449.998 1
P 449.998 2
P 449.998 3
F 450.130 4 170
F 450.369 4 171
F 450.605 4 172
F 450.841 4 173
F 451.081 4 174
F 451.318 4 175
F 451.556 4 176
F 451.997 3 177
P 452.002 5
P 452.002 6
P 452.002 7
P 452.002 8
P 452.003 1
P 452.003 2
P 452.003 3
P 452.003 4
F 452.233 3 178
F 452.467 3 179
F 452.699 3 180
F 452.934 3 181
F 453.172 3 182
F 453.407 3 183
F 453.643 4 177
F 453.876 4 178
P 454.000 8
P 454.000 1
P 454.000 2
P 454.001 3
P 454.001 4
P 454.001 5
P 454.001 6
P 454.001 7
F 454.110 4 179
F 454.345 4 180
F 454.576 4 181
F 454.809 4 182
F 455.043 4 183
F 455.277 5 177
F 455.513 5 178
F 455.747 5 179
F 455.982 5 180
P 456.001 2
P 456.002 3
P 456.002 4
P 456.002 5
P 456.002 6
P 456.002 7
P 456.002 8
P 456.002 1
F 456.220 5 181
F 456.459 5 182
F 456.698 5 183
F 456.937 6 177
F 457.173 6 178
F 457.409 6 179
F 457.649 6 180
F 457.884 6 181
P 458.002 5
P 458.003 6
P 458.003 7
P 458.003 8
P 458.003 1
P 458.003 2
P 458.003 3
P 458.003 4
F 458.120 6 182
F 458.356 6 183
F 458.591 7 177
F 458.828 7 178
F 459.066 7 179
F 459.303 7 180
F 459.540 7 181
F 459.774 7 182
P 460.007 5
P 460.007 6
P 460.007 7
P 460.007 8
P 460.007 1
P 460.007 2
P 460.007 3
P 460.007 4
F 460.011 7 183
F 460.250 8 177
F 460.485 8 178
F 460.722 8 179
F 460.957 8 180
F 461.194 8 181
F 461.430 8 182
F 461.667 8 183
F 461.903 1 177
P 462.004 5
P 462.004 6
P 462.004 7
P 462.004 8
P 462.004 1
P 462.004 2
P 462.004 3
P 462.004 4
F 462.139 1 178
F 462.375 1 179
F 462.613 1 180
F 462.851 1 181
F 463.089 1 182
F 463.327 1 183
F 463.563 2 177
F 463.796 2 178
P 464.004 8
P 464.004 1
P 464.004 2
P 464.004 3
P 464.004 4
P 464.004 5
P 464.004 6
P 464.004 7
F 464.033 2 179
F 464.278 2 180
F 464.521 2 181
F 464.774 2 182
F 465.027 2 183
F 465.441 5 184
F 465.673 5 185
F 465.909 5 186
P 466.005 3
P 466.005 4
P 466.005 5
P 466.005 6
P 466.005 7
P 466.005 8
P 466.005 1
P 466.005 2
F 466.151 5 187
F 466.391 5 188
F 466.635 5 189
F 466.872 5 190
F 467.109 6 184
F 467.345 6 185
F 467.580 6 186
F 467.814 6 187
P 468.004 6
P 468.004 7
P 468.005 8
P 468.005 1
P 468.005 2
P 468.005 3
P 468.005 4
P 468.005 5
F 468.050 6 188
F 468.289 6 189
F 468.526 6 190
F 468.762 7 184
F 468.999 7 185
F 469.236 7 186
F 469.475 7 187
F 469.712 7 188
F 469.949 7 189
P 470.005 5
P 470.005 6
P 470.005 7
P 470.005 8
P 470.005 1
P 470.005 2
P 470.006 3
P 470.006 4
F 470.185 7 190
F 470.418 8 184
F 470.654 8 185
F 470.889 8 186
F 471.122 8 187
F 471.358 8 188
F 471.595 8 189
F 471.836 8 190
P 472.012 4
P 472.012 5
P 472.012 6
P 472.012 7
P 472.012 8
P 472.012 1
P 472.012 2
P 472.012 3
F 472.075 1 184
F 472.313 1 185
F 472.547 1 186
F 472.783 1 187
F 473.017 1 188
F 473.252 1 189
F 473.489 1 190
F 473.725 2 184
F 473.969 2 185
P 474.006 6
P 474.006 7
P 474.006 8
P 474.006 1
P 474.006 2
P 474.006 3
P 474.007 4
P 474.007 5
F 474.210 2 186
F 474.446 2 187
F 474.686 2 188
F 474.924 2 189
F 475.165 2 190
F 475.402 3 184
F 475.638 3 185
F 475.873 3 186
P 476.007 3
P 476.007 4
P 476.007 5
P 476.007 6
P 476.007 7
P 476.007 8
P 476.007 1
P 476.007 2
F 476.110 3 187
F 476.347 3 188
F 476.584 3 189
F 476.824 3 190
F 477.061 4 184
F 477.311 4 185
F 477.538 4 186
F 477.764 4 187
F 477.988 4 188
P 478.008 8
P 478.008 1
P 478.008 2
P 478.008 3
P 478.008 4
P 478.008 5
P 478.009 6
P 478.009 7
F 478.243 4 189
F 478.481 4 190
F 478.882 3 191
F 479.107 3 192
F 479.339 3 193
F 479.562 3 194
F 479.788 3 195
P 480.010 3
P 480.010 4
P 480.010 5
P 480.010 6
P 480.010 7
P 480.010 8
P 480.010 1
P 480.010 2
F 480.022 3 196
F 480.257 3 197
F 480.485 4 191
F 480.711 4 192
F 480.945 4 193
F 481.184 4 194
F 481.419 4 195
F 481.653 4 196
F 481.878 4 197
P 482.008 2
P 482.008 3
P 482.008 4
P 482.008 5
P 482.008 6
P 482.008 7
P 482.008 8
P 482.008 1
F 482.105 5 191
F 482.334 5 192
F 482.560 5 193
F 482.788 5 194
F 483.019 5 195
F 483.248 5 196
F 483.475 5 197
F 483.700 6 191
F 483.928 6 192
P 484.009 3
P 484.009 4
P 484.009 5
P 484.009 6
P 484.009 7
P 484.009 8
P 484.009 1
P 484.009 2
F 484.157 6 193
F 484.394 6 194
F 484.630 6 195
F 484.870 6 196
F 485.109 6 197
F 485.350 7 191
F 485.587 7 192
F 485.822 7 193
P 486.010 3
P 486.010 4
P 486.011 5
P 486.011 6
P 486.011 7
P 486.011 8
P 486.011 1
P 486.011 2
F 486.057 7 194
F 486.298 7 195
F 486.534 7 196
F 486.777 7 197
F 487.016 8 191
F 487.255 8 192
F 487.491 8 193
F 487.729 8 194
F 487.966 8 195
P 488.013 1
P 488.013 2
P 488.013 3
P 488.013 4
P 488.013 5
P 488.013 6
P 488.013 7
P 488.013 8
F 488.204 8 196
F 488.443 8 197
F 488.685 1 191
F 488.924 1 192
F 489.163 1 193
F 489.403 1 194
F 489.643 1 195
F 489.882 1 196
P 490.013 7
P 490.013 8
P 490.013 1
P 490.013 2
P 490.013 3
P 490.013 4
P 490.013 5
P 490.013 6
F 490.126 1 197
F 490.367 2 191
F 490.610 2 192
F 490.852 2 193
F 491.093 2 194
F 491.334 2 195
F 491.575 2 196
F 491.811 2 197
P 492.010 5
P 492.010 6
P 492.010 7
P 492.010 8
P 492.010 1
P 492.010 2
P 492.011 3
P 492.011 4
F 492.233 3 198
F 492.473 3 199
F 492.712 3 200
F 492.949 3 201
F 493.198 3 202
F 493.437 3 203
F 493.675 3 204
F 493.909 4 198
P 494.013 8
P 494.013 1
P 494.013 2
P 494.013 3
P 494.014 4
P 494.014 5
P 494.014 6
P 494.014 7
F 494.153 4 199
F 494.393 4 200
F 494.629 4 201
F 494.867 4 202
F 495.100 4 203
F 495.332 4 204
F 495.569 5 198
F 495.808 5 199
P 496.011 1
P 496.011 2
P 496.011 3
P 496.011 4
P 496.011 5
P 496.011 6
P 496.012 7
P 496.012 8
F 496.055 5 200
F 496.297 5 201
F 496.541 5 202
F 496.786 5 203
F 497.028 5 204
F 497.271 6 198
F 497.519 6 199
F 497.765 6 200
F 498.003 6 201
P 498.013 6
P 498.013 7
P 498.013 8
P 498.013 1
P 498.013 2
P 498.013 3
P 498.013 4
P 498.013 5
F 498.245 6 202
F 498.485 6 203
F 498.725 6 204
F 498.964 7 198
F 499.206 7 199
F 499.446 7 200
F 499.684 7 201
F 499.921 7 202
P 500.014 5
P 500.014 6
P 500.014 7
P 500.014 8
P 500.014 1
P 500.014 2
P 500.014 3
P 500.014 4
F 500.163 7 203
F 500.405 7 204
F 500.647 8 198
F 500.888 8 199
F 501.130 8 200
F 501.372 8 201
F 501.617 8 202
F 501.867 8 203
P 502.014 4
P 502.014 5
P 502.014 6
P 502.014 7
P 502.014 8
P 502.014 1
P 502.014 2
P 502.014 3
F 502.109 8 204
F 502.349 1 198
F 502.592 1 199
F 502.834 1 200
F 503.078 1 201
F 503.318 1 202
F 503.569 1 203
F 503.807 1 204
P 504.013 6
P 504.014 7
P 504.014 8
P 504.014 1
P 504.014 2
P 504.014 3
P 504.014 4
P 504.014 5
F 504.058 2 198
F 504.313 2 199
F 504.551 2 200
F 504.793 2 201
F 505.047 2 202
F 505.289 2 203
F 505.549 2 204
F 505.976 8 205
P 506.015 2
P 506.016 3
P 506.016 4
P 506.016 5
P 506.016 6
P 506.016 7
P 506.016 8
P 506.016 1
F 506.232 8 206
F 506.474 8 207
F 506.710 8 208
F 506.949 8 209
F 507.191 8 210
F 507.440 1 205
F 507.679 1 206
F 507.915 1 207
P 508.014 6
P 508.014 7
P 508.014 8
P 508.015 1
P 508.015 2
P 508.015 3
P 508.015 4
P 508.015 5
F 508.152 1 208
F 508.386 1 209
F 508.617 1 210
F 508.855 2 205
F 509.105 2 206
F 509.344 2 207
F 509.580 2 208
F 509.820 2 209
P 510.016 7
P 510.016 8
P 510.016 1
P 510.017 2
P 510.017 3
P 510.017 4
P 510.017 5
P 510.017 6
F 510.056 2 210
F 510.303 3 205
F 510.539 3 206
F 510.774 3 207
F 511.039 3 208
F 511.280 3 209
F 511.519 3 210
F 511.758 4 205
F 511.993 4 206
P 512.016 1
P 512.016 2
P 512.016 3
P 512.016 4
P 512.016 5
P 512.016 6
P 512.016 7
P 512.016 8
F 512.228 4 207
F 512.462 4 208
F 512.695 4 209
F 512.931 4 210
F 513.168 5 205
F 513.410 5 206
F 513.652 5 207
F 513.892 5 208
P 514.015 8
P 514.015 1
P 514.015 2
P 514.015 3
P 514.015 4
P 514.015 5
P 514.015 6
P 514.015 7
F 514.135 5 209
F 514.372 5 210
F 514.610 6 205
F 514.850 6 206
F 515.093 6 207
F 515.344 6 208
F 515.579 6 209
F 515.818 6 210
P 516.016 4
P 516.016 5
P 516.017 6
P 516.017 7
P 516.017 8
P 516.017 1
P 516.017 2
P 516.017 3
F 516.068 7 205
F 516.312 7 206
F 516.553 7 207
F 516.788 7 208
F 517.044 7 209
F 517.291 7 210
F 517.690 2 211
F 517.923 2 212
P 518.017 2
P 518.017 3
P 518.017 4
P 518.017 5
P 518.017 6
P 518.017 7
P 518.017 8
P 518.017 1
F 518.169 2 213
F 518.405 2 214
F 518.644 2 215
F 518.880 2 216
F 519.118 3 211
F 519.354 3 212
F 519.588 3 213
F 519.827 3 214
P 520.018 5
P 520.018 6
P 520.018 7
P 520.018 8
P 520.018 1
P 520.018 2
P 520.018 3
P 520.018 4
F 520.062 3 215
F 520.302 3 216
F 520.539 4 211
F 520.777 4 212
F 521.013 4 213
F 521.250 4 214
F 521.486 4 215
F 521.720 4 216
F 521.955 5 211
P 522.015 6
P 522.015 7
P 522.015 8
P 522.015 1
P 522.016 2
P 522.016 3
P 522.016 4
P 522.017 5
F 522.192 5 212
F 522.429 5 213
F 522.663 5 214
F 522.900 5 215
F 523.138 5 216
F 523.375 6 211
F 523.607 6 212
F 523.842 6 213
P 524.018 4
P 524.018 5
P 524.018 6
P 524.019 7
P 524.019 8
P 524.019 1
P 524.019 2
P 524.019 3
F 524.079 6 214
F 524.696 6 215
F 524.932 6 216
F 525.167 7 211
F 525.403 7 212
F 525.636 7 213
F 525.877 7 214
P 526.014 3
P 526.014 4
P 526.014 5
P 526.014 6
P 526.014 7
P 526.014 8
P 526.014 1
P 526.014 2
F 526.126 7 215
F 526.370 7 216
F 526.616 8 211
F 526.863 8 212
F 527.098 8 213
F 527.332 8 214
F 527.571 8 215
F 527.806 8 216
P 528.019 5
P 528.019 6
P 528.019 7
P 528.019 8
P 528.019 1
P 528.019 2
P 528.019 3
P 528.019 4
F 528.057 1 211
F 528.305 1 212
F 528.542 1 213
F 528.776 1 214
F 529.013 1 215
F 529.249 1 216
F 529.662 2 217
F 529.897 2 218
P 530.019 4
P 530.019 5
P 530.019 6
P 530.019 7
P 530.019 8
P 530.019 1
P 530.019 2
P 530.019 3
F 530.138 2 219
F 530.376 2 220
F 530.616 2 221
F 530.854 2 222
F 531.094 3 217
F 531.362 3 218
F 531.601 3 219
F 531.840 3 220
P 532.018 8
P 532.018 1
P 532.018 2
P 532.018 3
P 532.018 4
P 532.019 5
P 532.019 6
P 532.019 7
F 532.081 3 221
F 532.321 3 222
F 532.562 4 217
F 532.803 4 218
F 533.050 4 219
F 533.292 4 220
F 533.532 4 221
F 533.772 4 222
F 534.012 5 217
P 534.019 5
P 534.019 6
P 534.019 7
P 534.020 8
P 534.020 1
P 534.020 2
P 534.020 3
P 534.020 4
F 534.252 5 218
F 534.492 5 219
F 534.730 5 220
F 534.971 5 221
F 535.212 5 222
F 535.454 6 217
F 535.694 6 218
F 535.932 6 219
P 536.020 2
P 536.020 3
P 536.020 4
P 536.020 5
P 536.020 6
P 536.020 7
P 536.020 8
P 536.020 1
F 536.171 6 220
F 536.411 6 221
F 536.651 6 222
F 536.890 7 217
F 537.129 7 218
F 537.368 7 219
F 537.606 7 220
F 537.843 7 221
P 538.020 8
P 538.020 1
P 538.020 2
P 538.020 3
P 538.020 4
P 538.020 5
P 538.020 6
P 538.020 7
F 538.082 7 222
F 538.326 8 217
F 538.583 8 218
F 538.823 8 219
F 539.063 8 220
F 539.334 8 221
F 539.575 8 222
F 539.832 1 217
P 540.020 3
P 540.020 4
P 540.020 5
P 540.020 6
P 540.020 7
P 540.020 8
P 540.020 1
P 540.020 2
F 540.074 1 218
F 540.322 1 219
F 540.569 1 220
F 540.825 1 221
F 541.074 1 222
F 541.480 4 223
F 541.728 4 224
F 541.965 4 225
P 542.021 3
P 542.021 4
P 542.021 5
P 542.021 6
P 542.021 7
P 542.021 8
P 542.021 1
P 542.021 2
F 542.202 4 226
F 542.446 4 227
F 542.687 4 228
F 542.929 5 223
F 543.168 5 224
F 543.406 5 225
F 543.641 5 226
F 543.874 5 227
P 544.023 6
P 544.023 7
P 544.023 8
P 544.023 1
P 544.023 2
P 544.023 3
P 544.023 4
P 544.023 5
F 544.112 5 228
F 544.350 6 223
F 544.587 6 224
F 544.822 6 225
F 545.058 6 226
F 545.295 6 227
F 545.530 6 228
F 545.766 7 223
F 546.002 7 224
P 546.021 2
P 546.021 3
P 546.021 4
P 546.021 5
P 546.021 6
P 546.021 7
P 546.021 8
P 546.021 1
F 546.240 7 225
F 546.476 7 226
F 546.713 7 227
F 546.950 7 228
F 547.191 8 223
F 547.442 8 224
F 547.676 8 225
F 547.910 8 226
P 548.022 8
P 548.023 1
P 548.023 2
P 548.023 3
P 548.023 4
P 548.023 5
P 548.023 6
P 548.023 7
F 548.151 8 227
F 548.397 8 228
F 548.639 1 223
F 548.878 1 224
F 549.113 1 225
F 549.350 1 226
F 549.589 1 227
F 549.821 1 228
P 550.025 4
P 550.025 5
P 550.025 6
P 550.025 7
P 550.025 8
P 550.025 1
P 550.025 2
P 550.025 3
F 550.059 2 223
F 550.302 2 224
F 550.540 2 225
F 550.774 2 226
F 551.011 2 227
F 551.248 2 228
F 551.486 3 223
F 551.721 3 224
F 551.961 3 225
P 552.024 4
P 552.024 5
P 552.024 6
P 552.025 7
P 552.025 8
P 552.025 1
P 552.025 2
P 552.025 3
F 552.200 3 226
F 552.440 3 227
F 552.675 3 228
F 553.076 3 229
F 553.310 3 230
F 553.544 3 231
F 553.779 3 232
F 554.015 3 233
P 554.025 6
P 554.026 7
P 554.026 8
P 554.026 1
P 554.026 2
P 554.026 3
P 554.026 4
P 554.026 5
F 554.255 3 234
F 554.502 4 229
F 554.748 4 230
F 555.004 4 231
F 555.247 4 232
F 555.493 4 233
F 555.734 4 234
F 555.977 5 229
P 556.023 3
P 556.023 4
P 556.023 5
P 556.023 6
P 556.023 7
P 556.023 8
P 556.023 1
P 556.023 2
F 556.243 5 230
F 556.484 5 231
F 556.727 5 232
F 556.965 5 233
F 557.206 5 234
F 557.450 6 229
F 557.691 6 230
F 557.928 6 231
P 558.028 2
P 558.028 3
P 558.028 4
P 558.028 5
P 558.028 6
P 558.028 7
P 558.028 8
P 558.028 1
F 558.169 6 232
F 558.404 6 233
F 558.644 6 234
F 558.886 7 229
F 559.135 7 230
F 559.388 7 231
F 559.633 7 232
F 559.875 7 233
P 560.027 4
P 560.027 5
P 560.028 6
P 560.028 7
P 560.028 8
P 560.028 1
P 560.028 2
P 560.028 3
F 560.144 7 234
F 560.414 8 229
F 560.694 8 230
F 560.940 8 231
F 561.205 8 232
F 561.457 8 233
F 561.705 8 234
F 561.956 1 229
P 562.027 6
P 562.028 7
P 562.028 8
P 562.028 1
P 562.028 2
P 562.028 3
P 562.028 4
P 562.028 5
F 562.216 1 230
F 562.463 1 231
F 562.703 1 232
F 562.956 1 233
F 563.212 1 234
F 563.467 2 229
F 563.713 2 230
F 563.963 2 231
P 564.027 5
P 564.027 6
P 564.027 7
P 564.027 8
P 564.027 1
P 564.027 2
P 564.028 3
P 564.028 4
F 564.213 2 232
F 564.485 2 233
F 564.747 2 234
F 565.203 6 235
F 565.439 6 236
F 565.673 6 237
F 565.906 6 238
P 566.028 8
P 566.028 1
P 566.028 2
P 566.029 3
P 566.029 4
P 566.029 5
P 566.029 6
P 566.029 7
F 566.142 6 239
F 566.379 6 240
F 566.614 7 235
F 566.850 7 236
F 567.087 7 237
F 567.322 7 238
F 567.556 7 239
F 567.790 7 240
F 568.027 8 235
P 568.031 6
P 568.031 7
P 568.031 8
P 568.031 1
P 568.031 2
P 568.031 3
P 568.031 4
P 568.031 5
F 568.265 8 236
F 568.502 8 237
F 568.737 8 238
F 568.977 8 239
F 569.216 8 240
F 569.452 1 235
F 569.688 1 236
F 569.919 1 237
P 570.029 1
P 570.029 2
P 570.029 3
P 570.030 4
P 570.030 5
P 570.030 6
P 570.030 7
P 570.030 8
F 570.156 1 238
F 570.393 1 239
F 570.628 1 240
F 570.866 2 235
F 571.107 2 236
F 571.348 2 237
F 571.590 2 238
F 571.824 2 239
P 572.031 6
P 572.031 7
P 572.031 8
P 572.031 1
P 572.031 2
P 572.031 3
P 572.033 4
P 572.033 5
F 572.059 2 240
F 572.296 3 235
F 572.535 3 236
F 572.772 3 237
F 573.009 3 238
F 573.245 3 239
F 573.483 3 240
F 573.720 4 235
F 573.955 4 236
P 574.032 4
P 574.032 5
P 574.032 6
P 574.032 7
P 574.033 8
P 574.033 1
P 574.033 2
P 574.033 3
F 574.194 4 237
F 574.431 4 238
F 574.669 4 239
F 574.907 4 240
F 575.147 5 235
F 575.385 5 236
F 575.622 5 237
F 575.856 5 238
P 576.031 1
P 576.031 2
P 576.031 3
P 576.031 4
P 576.031 5
P 576.031 6
P 576.031 7
P 576.031 8
F 576.094 5 239
F 576.337 5 240
F 576.750 8 241
F 576.989 8 242
F 577.226 8 243
F 577.464 8 244
F 577.701 8 245
F 577.937 8 246
P 578.032 4
P 578.032 5
P 578.032 6
P 578.032 7
P 578.032 8
P 578.032 1
P 578.032 2
P 578.032 3
F 578.174 1 241
F 578.414 1 242
F 578.651 1 243
F 578.889 1 244
F 579.128 1 245
F 579.366 1 246
F 579.602 2 241
F 579.838 2 242
P 580.033 5
P 580.033 6
P 580.033 7
P 580.033 8
P 580.033 1
P 580.033 2
P 580.033 3
P 580.033 4
F 580.075 2 243
F 580.313 2 244
F 580.551 2 245
F 580.788 2 246
F 581.026 3 241
F 581.266 3 242
F 581.504 3 243
F 581.739 3 244
F 581.975 3 245
P 582.035 6
P 582.035 7
P 582.035 8
P 582.035 1
P 582.035 2
P 582.035 3
P 582.035 4
P 582.036 5
F 582.214 3 246
F 582.451 4 241
F 582.689 4 242
F 582.925 4 243
F 583.165 4 244
F 583.402 4 245
F 583.640 4 246
F 583.875 5 241
P 584.036 3
P 584.036 4
P 584.036 5
P 584.036 6
P 584.036 7
P 584.036 8
P 584.036 1
P 584.037 2
F 584.116 5 242
F 584.366 5 243
F 584.606 5 244
F 584.844 5 245
F 585.082 5 246
F 585.322 6 241
F 585.559 6 242
F 585.795 6 243
P 586.036 6
P 586.037 7
P 586.037 8
P 586.037 1
P 586.037 2
P 586.037 3
P 586.037 4
P 586.037 5
F 586.039 6 244
F 586.283 6 245
F 586.531 6 246
F 586.774 7 241
F 587.012 7 242
F 587.246 7 243
F 587.484 7 244
F 587.728 7 245
F 587.983 7 246
P 588.035 3
P 588.035 4
P 588.035 5
P 588.035 6
P 588.035 7
P 588.035 8
P 588.036 1
P 588.036 2
F 588.366 4 247
F 588.602 4 248
F 588.839 4 249
F 589.073 4 250
F 589.306 4 251
F 589.545 4 252
F 589.778 5 247
F 590.012 5 248
P 590.035 7
P 590.035 8
P 590.035 1
P 590.035 2
P 590.035 3
P 590.035 4
P 590.035 5
P 590.035 6
F 590.249 5 249
F 590.486 5 250
F 590.723 5 251
F 590.959 5 252
F 591.195 6 247
F 591.432 6 248
F 591.671 6 249
F 591.905 6 250
P 592.036 3
P 592.036 4
P 592.036 5
P 592.036 6
P 592.036 7
P 592.036 8
P 592.036 1
P 592.036 2
F 592.140 6 251
F 592.376 6 252
F 592.611 7 247
F 592.859 7 248
F 593.094 7 249
F 593.329 7 250
F 593.567 7 251
F 593.801 7 252
F 594.034 8 247
P 594.039 4
P 594.039 5
P 594.039 6
P 594.039 7
P 594.039 8
P 594.039 1
P 594.039 2
P 594.039 3
F 594.269 8 248
F 594.505 8 249
F 594.738 8 250
F 594.973 8 251
F 595.208 8 252
F 595.441 1 247
F 595.675 1 248
F 595.907 1 249
P 596.038 5
P 596.038 6
P 596.038 7
P 596.038 8
P 596.038 1
P 596.038 2
P 596.038 3
P 596.038 4
F 596.139 1 250
F 596.375 1 251
F 596.609 1 252
F 596.847 2 247
F 597.082 2 248
F 597.316 2 249
F 597.550 2 250
F 597.789 2 251
F 598.026 2 252
P 598.035 8
P 598.035 1
P 598.035 2
P 598.035 3
P 598.035 4
P 598.035 5
P 598.035 6
P 598.035 7
F 598.262 3 247
F 598.515 3 248
F 598.753 3 249
F 598.998 3 250
F 599.255 3 251
F 599.512 3 252
F 599.912 7 253
P 600.036 8
P 600.036 1
P 600.036 2
P 600.036 3
P 600.036 4
P 600.036 5
P 600.036 6
P 600.036 7
F 600.145 7 254
F 600.378 7 255
F 600.611 7 256
F 600.845 7 257
F 601.084 8 253
F 601.322 8 254
F 601.560 8 255
F 601.794 8 256
F 602.025 8 257
P 602.036 1
P 602.036 2
P 602.036 3
P 602.036 4
P 602.036 5
P 602.036 6
P 602.036 7
P 602.036 8
F 602.259 1 253
F 602.492 1 254
F 602.724 1 255
F 602.957 1 256
F 603.191 1 257
F 603.427 2 253
F 603.663 2 254
F 603.892 2 255
P 604.037 5
P 604.037 6
P 604.037 7
P 604.037 8
P 604.037 1
P 604.037 2
P 604.037 3
P 604.037 4
F 604.125 2 256
F 604.357 2 257
F 604.591 3 253
F 604.822 3 254
F 605.052 3 255
F 605.282 3 256
F 605.512 3 257
F 605.741 4 253
F 605.968 4 254
P 606.036 4
P 606.036 5
P 606.036 6
P 606.036 7
P 606.036 8
P 606.036 1
P 606.036 2
P 606.037 3
F 606.201 4 255
F 606.435 4 256
F 606.670 4 257
F 606.904 5 253
F 607.136 5 254
F 607.369 5 255
F 607.603 5 256
F 607.833 5 257
P 608.038 5
P 608.038 6
P 608.038 7
P 608.038 8
P 608.038 1
P 608.038 2
P 608.038 3
P 608.038 4
F 608.062 6 253
F 608.297 6 254
F 608.530 6 255
F 608.765 6 256
F 608.999 6 257
F 609.359 8 258
F 609.592 8 259
F 609.824 8 260
P 610.038 6
P 610.038 7
P 610.038 8
P 610.038 1
P 610.039 2
P 610.039 3
P 610.039 4
P 610.039 5
F 610.053 8 261
F 610.283 8 262
F 610.514 1 258
F 610.744 1 259
F 610.975 1 260
F 611.205 1 261
F 611.438 1 262
F 611.669 2 258
F 611.896 2 259
P 612.041 1
P 612.041 2
P 612.041 3
P 612.041 4
P 612.041 5
P 612.041 6
P 612.041 7
P 612.041 8
F 612.124 2 260
F 612.356 2 261
F 612.587 2 262
F 612.818 3 258
F 613.048 3 259
F 613.281 3 260
F 613.515 3 261
F 613.748 3 262
F 613.982 4 258
P 614.041 3
P 614.042 4
P 614.042 5
P 614.042 6
P 614.042 7
P 614.042 8
P 614.042 1
P 614.042 2
F 614.217 4 259
F 614.449 4 260
F 614.684 4 261
F 614.919 4 262
F 615.153 5 258
F 615.387 5 259
F 615.622 5 260
F 615.855 5 261
P 616.043 8
P 616.043 1
P 616.043 2
P 616.044 3
P 616.044 4
P 616.044 5
P 616.044 6
P 616.044 7
F 616.096 5 262
F 616.339 6 258
F 616.581 6 259
F 616.816 6 260
F 617.050 6 261
F 617.284 6 262
F 617.518 7 258
F 617.752 7 259
F 617.985 7 260
P 618.041 6
P 618.041 7
P 618.041 8
P 618.042 1
P 618.042 2
P 618.042 3
P 618.042 4
P 618.042 5
F 618.220 7 261
F 618.456 7 262
F 618.818 6 263
F 619.055 6 264
F 619.289 6 265
F 619.526 6 266
F 619.761 6 267
F 619.995 7 263
P 620.043 7
P 620.043 8
P 620.043 1
P 620.043 2
P 620.043 3
P 620.043 4
P 620.043 5
P 620.043 6
F 620.233 7 264
F 620.468 7 265
F 620.705 7 266
F 620.940 7 267
F 621.176 8 263
F 621.415 8 264
F 621.654 8 265
F 621.884 8 266
P 622.043 1
P 622.044 2
P 622.044 3
P 622.044 4
P 622.044 5
P 622.044 6
P 622.044 7
P 622.044 8
F 622.116 8 267
F 622.348 1 263
F 622.580 1 264
F 622.830 1 265
F 623.064 1 266
F 623.293 1 267
F 623.520 2 263
F 623.747 2 264
F 623.975 2 265
P 624.045 2
P 624.045 3
P 624.045 4
P 624.045 5
P 624.045 6
P 624.045 7
P 624.045 8
P 624.045 1
F 624.204 2 266
F 624.433 2 267
F 624.663 3 263
F 624.891 3 264
F 625.120 3 265
F 625.347 3 266
F 625.576 3 267
F 625.811 4 263
F 626.044 4 264
P 626.047 2
P 626.047 3
P 626.047 4
P 626.047 5
P 626.047 6
P 626.047 7
P 626.047 8
P 626.047 1
F 626.279 4 265
F 626.515 4 266
F 626.753 4 267
F 627.003 5 263
F 627.246 5 264
F 627.481 5 265
F 627.722 5 266
F 627.961 5 267
P 628.045 8
P 628.045 1
P 628.045 2
P 628.045 3
P 628.047 4
P 628.047 5
P 628.047 6
P 628.047 7
F 628.345 7 268
F 628.580 7 269
F 628.815 7 270
F 629.053 7 271
F 629.290 7 272
F 629.526 8 268
F 629.761 8 269
F 629.994 8 270
P 630.046 4
P 630.046 5
P 630.046 6
P 630.046 7
P 630.046 8
P 630.046 1
P 630.046 2
P 630.046 3
F 630.230 8 271
F 630.468 8 272
F 630.706 1 268
F 630.947 1 269
F 631.188 1 270
F 631.429 1 271
F 631.669 1 272
F 631.898 2 268
P 632.047 4
P 632.047 5
P 632.047 6
P 632.047 7
P 632.047 8
P 632.047 1
P 632.047 2
P 632.047 3
F 632.130 2 269
F 632.362 2 270
F 632.597 2 271
F 632.830 2 272
F 633.064 3 268
F 633.297 3 269
F 633.530 3 270
F 633.762 3 271
F 633.992 3 272
P 634.048 4
P 634.048 5
P 634.048 6
P 634.048 7
P 634.048 8
P 634.048 1
P 634.048 2
P 634.048 3
F 634.226 4 268
F 634.461 4 269
F 634.695 4 270
F 634.929 4 271
F 635.165 4 272
F 635.402 5 268
F 635.636 5 269
F 635.870 5 270
P 636.045 5
P 636.046 6
P 636.046 7
P 636.046 8
P 636.046 1
P 636.046 2
P 636.046 3
P 636.046 4
F 636.103 5 271
F 636.339 5 272
F 636.577 6 268
F 636.812 6 269
F 637.048 6 270
F 637.282 6 271
F 637.515 6 272
F 638.255 4 273
P 638.257 4
P 638.257 5
P 638.257 6
P 638.257 7
P 638.257 8
P 638.258 1
P 638.258 2
P 638.258 3
F 638.491 4 274
F 638.725 4 275
F 638.961 4 276
F 639.195 5 273
F 639.430 5 274
F 639.668 5 275
F 639.905 5 276
P 640.047 8
P 640.047 1
P 640.047 2
P 640.047 3
P 640.047 4
P 640.047 5
P 640.048 6
P 640.048 7
F 640.143 6 273
F 640.380 6 274
F 640.617 6 275
F 640.853 6 276
F 641.092 7 273
F 641.329 7 274
F 641.564 7 275
F 641.795 7 276
F 642.030 8 273
P 642.048 1
P 642.048 2
P 642.048 3
P 642.048 4
P 642.048 5
P 642.048 6
P 642.048 7
P 642.048 8
F 642.267 8 274
F 642.502 8 275
F 642.736 8 276
F 642.970 1 273
F 643.203 1 274
F 643.451 1 275
F 643.685 1 276
F 643.918 2 273
P 644.048 8
P 644.048 1
P 644.048 2
P 644.048 3
P 644.048 4
P 644.048 5
P 644.048 6
P 644.048 7
F 644.160 2 274
F 644.394 2 275
F 644.630 2 276
F 644.863 3 273
F 645.096 3 274
F 645.328 3 275
F 645.563 3 276
F 645.895 4 277
P 646.048 1
P 646.049 2
P 646.049 3
P 646.049 4
P 646.049 5
P 646.049 6
P 646.049 7
P 646.049 8
F 646.139 4 278
F 646.383 4 279
F 646.627 4 280
F 646.866 5 277
F 647.102 5 278
F 647.343 5 279
F 647.579 5 280
F 647.811 6 277
F 648.041 6 278
P 648.048 8
P 648.048 1
P 648.048 2
P 648.048 3
P 648.049 4
P 648.049 5
P 648.049 6
P 648.049 7
F 648.278 6 279
F 648.523 6 280
F 648.760 7 277
F 648.996 7 278
F 649.230 7 279
F 649.468 7 280
F 649.708 8 277
F 649.939 8 278
P 650.048 6
P 650.048 7
P 650.048 8
P 650.048 1
P 650.048 2
P 650.048 3
P 650.048 4
P 650.048 5
F 650.171 8 279
F 650.404 8 280
F 650.637 1 277
F 650.872 1 278
F 651.106 1 279
F 651.356 1 280
F 651.604 2 277
F 651.849 2 278
P 652.051 4
P 652.052 5
P 652.052 6
P 652.052 7
P 652.052 8
P 652.052 1
P 652.052 2
P 652.052 3
F 652.088 2 279
F 652.325 2 280
F 652.559 3 277
F 652.824 3 278
F 653.070 3 279
F 653.317 3 280
F 653.672 1 281
F 653.911 1 282
P 654.050 1
P 654.050 2
P 654.050 3
P 654.050 4
P 654.050 5
P 654.050 6
P 654.050 7
P 654.050 8
F 654.145 1 283
F 654.378 1 284
F 654.611 2 281
F 654.846 2 282
F 655.080 2 283
F 655.315 2 284
F 655.550 3 281
F 655.784 3 282
F 656.025 3 283
P 656.052 1
P 656.052 2
P 656.052 3
P 656.052 4
P 656.053 5
P 656.053 6
P 656.053 7
P 656.053 8
F 656.264 3 284
F 656.511 4 281
F 656.766 4 282
F 657.012 4 283
F 657.256 4 284
F 657.496 5 281
F 657.742 5 282
F 657.977 5 283
P 658.052 2
P 658.052 3
P 658.052 4
P 658.052 5
P 658.052 6
P 658.052 7
P 658.052 8
P 658.052 1
F 658.214 5 284
F 658.450 6 281
F 658.686 6 282
F 658.928 6 283
F 659.172 6 284
F 659.410 7 281
F 659.648 7 282
F 659.905 7 283
P 660.054 2
P 660.054 3
P 660.054 4
P 660.054 5
P 660.054 6
P 660.054 7
P 660.054 8
P 660.054 1
F 660.153 7 284
F 660.410 8 281
F 660.662 8 282
F 660.915 8 283
F 661.184 8 284
F 661.567 1 285
F 661.805 1 286
F 662.042 1 287
P 662.053 4
P 662.053 5
P 662.053 6
P 662.053 7
P 662.053 8
P 662.053 1
P 662.053 2
P 662.053 3
F 662.276 1 288
F 662.507 2 285
F 662.740 2 286
F 662.973 2 287
F 663.205 2 288
F 663.437 3 285
F 663.669 3 286
F 663.908 3 287
P 664.055 4
P 664.056 5
P 664.056 6
P 664.056 7
P 664.056 8
P 664.056 1
P 664.056 2
P 664.056 3
F 664.144 3 288
F 664.380 4 285
F 664.615 4 286
F 664.849 4 287
F 665.084 4 288
F 665.321 5 285
F 665.556 5 286
F 665.791 5 287
F 666.025 5 288
P 666.056 8
P 666.056 1
P 666.056 2
P 666.056 3
P 666.056 4
P 666.056 5
P 666.057 6
P 666.057 7
F 666.272 6 285
F 666.513 6 286
F 666.752 6 287
F 666.992 6 288
F 667.233 7 285
F 667.471 7 286
F 667.708 7 287
F 667.942 7 288
P 668.053 3
P 668.053 4
P 668.053 5
P 668.054 6
P 668.054 7
P 668.054 8
P 668.054 1
P 668.054 2
F 668.190 8 285
F 668.422 8 286
F 668.660 8 287
F 668.901 8 288
F 669.247 4 289
F 669.488 4 290
F 669.725 4 291
F 669.962 4 292
P 670.055 6
P 670.055 7
P 670.055 8
P 670.055 1
P 670.055 2
P 670.055 3
P 670.055 4
P 670.055 5
F 670.200 5 289
F 670.430 5 290
F 670.662 5 291
F 670.895 5 292
F 671.126 6 289
F 671.361 6 290
F 671.604 6 291
F 671.840 6 292
P 672.056 3
P 672.056 4
P 672.056 5
P 672.056 6
P 672.056 7
P 672.056 8
P 672.056 1
P 672.056 2
F 672.077 7 289
F 672.312 7 290
F 672.546 7 291
F 672.779 7 292
F 673.011 8 289
F 673.246 8 290
F 673.484 8 291
F 673.722 8 292
F 673.959 1 289
P 674.059 1
P 674.059 2
P 674.059 3
P 674.059 4
P 674.059 5
P 674.059 6
P 674.060 7
P 674.060 8
F 674.199 1 290
F 674.430 1 291
F 674.662 1 292
F 674.895 2 289
F 675.129 2 290
F 675.362 2 291
F 675.603 2 292
F 675.838 3 289
P 676.057 1
P 676.057 2
P 676.057 3
P 676.057 4
P 676.057 5
P 676.057 6
P 676.057 7
P 676.057 8
F 676.086 3 290
F 676.334 3 291
F 676.602 3 292
F 676.963 6 293
F 677.200 6 294
F 677.437 6 295
F 677.674 6 296
F 677.908 7 293
P 678.056 7
P 678.056 8
P 678.056 1
P 678.056 2
P 678.056 3
P 678.056 4
P 678.056 5
P 678.056 6
F 678.146 7 294
F 678.384 7 295
F 678.623 7 296
F 678.860 8 293
F 679.100 8 294
F 679.336 8 295
F 679.574 8 296
F 679.810 1 293
F 680.044 1 294
P 680.056 6
P 680.056 7
P 680.056 8
P 680.056 1
P 680.056 2
P 680.056 3
P 680.056 4
P 680.056 5
F 680.284 1 295
F 680.524 1 296
F 680.761 2 293
F 680.999 2 294
F 681.235 2 295
F 681.475 2 296
F 681.714 3 293
F 681.950 3 294
P 682.056 4
P 682.056 5
P 682.057 6
P 682.057 7
P 682.057 8
P 682.057 1
P 682.057 2
P 682.057 3
F 682.194 3 295
F 682.437 3 296
F 682.675 4 293
F 682.928 4 294
F 683.172 4 295
F 683.426 4 296
F 683.709 5 293
F 683.986 5 294
P 684.056 8
P 684.056 1
P 684.056 2
P 684.056 3
P 684.056 4
P 684.056 5
P 684.056 6
P 684.056 7
F 684.228 5 295
F 684.492 5 296
F 684.836 7 297
F 685.074 7 298
F 685.311 7 299
F 685.546 7 300
F 685.781 8 297
F 686.015 8 298
F 686.252 8 299
F 686.494 8 300
