0 %, 21968 MiB
0 %, 21968 MiB
0 %, 21968 MiB
100 %, 21970 MiB
100 %, 21972 MiB
100 %, 21976 MiB
100 %, 21982 MiB
100 %, 21984 MiB
100 %, 21990 MiB
100 %, 21992 MiB
100 %, 21998 MiB
100 %, 22000 MiB
91 %, 22006 MiB
100 %, 22008 MiB
100 %, 22014 MiB
100 %, 22016 MiB
100 %, 22022 MiB
100 %, 22024 MiB
98 %, 22030 MiB
100 %, 22032 MiB
75 %, 22038 MiB
100 %, 22040 MiB
84 %, 22046 MiB
100 %, 22048 MiB
100 %, 22054 MiB
100 %, 22056 MiB
100 %, 22062 MiB
100 %, 22064 MiB
100 %, 22070 MiB
100 %, 22072 MiB
100 %, 22078 MiB
100 %, 22080 MiB
100 %, 22086 MiB
100 %, 22088 MiB
100 %, 22094 MiB
100 %, 22096 MiB
100 %, 22102 MiB
100 %, 22104 MiB
100 %, 22110 MiB
100 %, 22112 MiB
100 %, 22120 MiB
100 %, 22122 MiB
100 %, 22126 MiB
100 %, 22128 MiB
100 %, 22130 MiB
100 %, 22134 MiB
100 %, 22138 MiB
100 %, 22142 MiB
100 %, 22146 MiB
100 %, 22150 MiB
83 %, 22154 MiB
100 %, 22158 MiB
68 %, 22162 MiB
100 %, 22164 MiB
100 %, 22172 MiB
100 %, 22172 MiB
55 %, 22176 MiB
100 %, 22178 MiB
84 %, 22182 MiB
100 %, 22184 MiB
39 %, 22188 MiB
100 %, 22192 MiB
57 %, 22198 MiB
