0 %, 21968 MiB
0 %, 21968 MiB
0 %, 21968 MiB
100 %, 21970 MiB
84 %, 21978 MiB
85 %, 21986 MiB
74 %, 21996 MiB
90 %, 22002 MiB
84 %, 22010 MiB
100 %, 22016 MiB
85 %, 22024 MiB
100 %, 22032 MiB
85 %, 22038 MiB
100 %, 22046 MiB
85 %, 22054 MiB
99 %, 22060 MiB
100 %, 22068 MiB
100 %, 22076 MiB
56 %, 22086 MiB
56 %, 22094 MiB
100 %, 22102 MiB
100 %, 22110 MiB
100 %, 22120 MiB
100 %, 22122 MiB
77 %, 22130 MiB
85 %, 22138 MiB
100 %, 22146 MiB
100 %, 22152 MiB
85 %, 22160 MiB
100 %, 22168 MiB
95 %, 22174 MiB
95 %, 22182 MiB
100 %, 22188 MiB
100 %, 22198 MiB
90 %, 22204 MiB
100 %, 22212 MiB
100 %, 22218 MiB
100 %, 22226 MiB
100 %, 22236 MiB
84 %, 22236 MiB
86 %, 22236 MiB
80 %, 22236 MiB
100 %, 22236 MiB
80 %, 22236 MiB
100 %, 22236 MiB
100 %, 22236 MiB
100 %, 22236 MiB
85 %, 22236 MiB
100 %, 22236 MiB
74 %, 22236 MiB
100 %, 22236 MiB
0 %, 22236 MiB
0 %, 22236 MiB
0 %, 22236 MiB
0 %, 22236 MiB
0 %, 22236 MiB
0 %, 22236 MiB
0 %, 22236 MiB
0 %, 22236 MiB
0 %, 22236 MiB
0 %, 22236 MiB
0 %, 22236 MiB
0 %, 22236 MiB
0 %, 22236 MiB
0 %, 22236 MiB
0 %, 22236 MiB
0 %, 22236 MiB
0 %, 22236 MiB
0 %, 22236 MiB
0 %, 22236 MiB
0 %, 22236 MiB
0 %, 22236 MiB
0 %, 22236 MiB
0 %, 22236 MiB
0 %, 22236 MiB
0 %, 22236 MiB
0 %, 22236 MiB
0 %, 22236 MiB
0 %, 22236 MiB
0 %, 22236 MiB
0 %, 22236 MiB
0 %, 22236 MiB
0 %, 22236 MiB
0 %, 22236 MiB
0 %, 22236 MiB
0 %, 22236 MiB
0 %, 22236 MiB
0 %, 22236 MiB
0 %, 22236 MiB
0 %, 22236 MiB
0 %, 22236 MiB
0 %, 22236 MiB
0 %, 22236 MiB
0 %, 22236 MiB
0 %, 22236 MiB
0 %, 22236 MiB
0 %, 22236 MiB
0 %, 22236 MiB
0 %, 22236 MiB
0 %, 22236 MiB
0 %, 22236 MiB
0 %, 22236 MiB
0 %, 22236 MiB
0 %, 22236 MiB
0 %, 22236 MiB
0 %, 22236 MiB
0 %, 22236 MiB
0 %, 22236 MiB
0 %, 22236 MiB
0 %, 22236 MiB
0 %, 22236 MiB
0 %, 22236 MiB
0 %, 22236 MiB
0 %, 22236 MiB
0 %, 22236 MiB
0 %, 22236 MiB
0 %, 22236 MiB
0 %, 22236 MiB
0 %, 22236 MiB
0 %, 22236 MiB
0 %, 22236 MiB
0 %, 22236 MiB
0 %, 22236 MiB
