0 %, 21974 MiB
0 %, 21974 MiB
0 %, 21974 MiB
0 %, 22008 MiB
48 %, 22012 MiB
0 %, 22014 MiB
71 %, 22016 MiB
0 %, 22016 MiB
77 %, 22018 MiB
0 %, 22020 MiB
76 %, 22020 MiB
0 %, 22022 MiB
61 %, 22024 MiB
0 %, 22024 MiB
79 %, 22042 MiB
0 %, 22044 MiB
71 %, 22044 MiB
0 %, 22048 MiB
59 %, 22050 MiB
0 %, 22064 MiB
41 %, 22068 MiB
0 %, 22070 MiB
77 %, 22072 MiB
0 %, 22072 MiB
50 %, 22074 MiB
0 %, 22076 MiB
72 %, 22080 MiB
18 %, 22080 MiB
59 %, 22094 MiB
0 %, 22098 MiB
47 %, 22100 MiB
0 %, 22102 MiB
53 %, 22102 MiB
11 %, 22104 MiB
50 %, 22106 MiB
26 %, 22106 MiB
73 %, 22122 MiB
24 %, 22124 MiB
55 %, 22124 MiB
61 %, 22124 MiB
82 %, 22124 MiB
97 %, 22124 MiB
87 %, 22124 MiB
7 %, 22124 MiB
66 %, 22124 MiB
0 %, 22124 MiB
100 %, 22124 MiB
7 %, 22124 MiB
45 %, 22124 MiB
64 %, 22124 MiB
39 %, 22124 MiB
94 %, 22124 MiB
36 %, 22124 MiB
36 %, 22124 MiB
42 %, 22124 MiB
69 %, 22124 MiB
53 %, 22124 MiB
90 %, 22124 MiB
39 %, 22124 MiB
100 %, 22124 MiB
40 %, 22144 MiB
79 %, 22144 MiB
41 %, 22144 MiB
69 %, 22144 MiB
41 %, 22144 MiB
46 %, 22144 MiB
48 %, 22144 MiB
69 %, 22144 MiB
41 %, 22144 MiB
100 %, 22144 MiB
5 %, 22144 MiB
100 %, 22144 MiB
3 %, 22144 MiB
51 %, 22144 MiB
48 %, 22144 MiB
63 %, 22144 MiB
44 %, 22144 MiB
49 %, 22144 MiB
5 %, 22144 MiB
94 %, 22144 MiB
21 %, 22144 MiB
41 %, 22144 MiB
27 %, 22144 MiB
100 %, 22144 MiB
11 %, 22146 MiB
100 %, 22148 MiB
0 %, 22148 MiB
61 %, 22148 MiB
5 %, 22150 MiB
100 %, 22150 MiB
4 %, 22150 MiB
100 %, 22152 MiB
0 %, 22156 MiB
91 %, 22158 MiB
4 %, 22160 MiB
100 %, 22162 MiB
0 %, 22166 MiB
100 %, 22168 MiB
1 %, 22170 MiB
25 %, 22172 MiB
60 %, 22176 MiB
30 %, 22178 MiB
58 %, 22180 MiB
48 %, 22182 MiB
19 %, 22186 MiB
87 %, 22188 MiB
23 %, 22190 MiB
54 %, 22192 MiB
45 %, 22194 MiB
75 %, 22196 MiB
1 %, 22200 MiB
34 %, 22202 MiB
29 %, 22204 MiB
96 %, 22206 MiB
26 %, 22210 MiB
100 %, 22212 MiB
5 %, 22214 MiB
100 %, 22214 MiB
53 %, 22218 MiB
0 %, 22218 MiB
26 %, 22218 MiB
0 %, 22220 MiB
17 %, 22222 MiB
