0 %, 22034 MiB
0 %, 22034 MiB
0 %, 22034 MiB
100 %, 22036 MiB
100 %, 22044 MiB
85 %, 22054 MiB
96 %, 22060 MiB
85 %, 22070 MiB
100 %, 22076 MiB
85 %, 22086 MiB
100 %, 22092 MiB
85 %, 22102 MiB
100 %, 22108 MiB
79 %, 22118 MiB
100 %, 22124 MiB
80 %, 22134 MiB
100 %, 22140 MiB
79 %, 22148 MiB
100 %, 22156 MiB
80 %, 22162 MiB
100 %, 22162 MiB
87 %, 22162 MiB
100 %, 22162 MiB
85 %, 22162 MiB
100 %, 22162 MiB
79 %, 22162 MiB
100 %, 22162 MiB
89 %, 22162 MiB
100 %, 22162 MiB
87 %, 22162 MiB
100 %, 22162 MiB
85 %, 22162 MiB
85 %, 22162 MiB
85 %, 22162 MiB
92 %, 22162 MiB
80 %, 22162 MiB
100 %, 22168 MiB
85 %, 22168 MiB
100 %, 22168 MiB
80 %, 22168 MiB
100 %, 22168 MiB
85 %, 22168 MiB
100 %, 22168 MiB
100 %, 22168 MiB
100 %, 22168 MiB
100 %, 22168 MiB
100 %, 22168 MiB
100 %, 22168 MiB
100 %, 22168 MiB
0 %, 22168 MiB
100 %, 22168 MiB
100 %, 22168 MiB
0 %, 22168 MiB
0 %, 22168 MiB
0 %, 22168 MiB
100 %, 22168 MiB
0 %, 22168 MiB
0 %, 22168 MiB
0 %, 22168 MiB
0 %, 22168 MiB
0 %, 22168 MiB
0 %, 22168 MiB
0 %, 22168 MiB
0 %, 22168 MiB
0 %, 22168 MiB
0 %, 22168 MiB
0 %, 22168 MiB
0 %, 22168 MiB
0 %, 22168 MiB
0 %, 22168 MiB
0 %, 22168 MiB
0 %, 22168 MiB
0 %, 22168 MiB
0 %, 22168 MiB
0 %, 22168 MiB
0 %, 22168 MiB
0 %, 22168 MiB
0 %, 22168 MiB
0 %, 22168 MiB
0 %, 22168 MiB
0 %, 22168 MiB
0 %, 22168 MiB
0 %, 22168 MiB
0 %, 22168 MiB
0 %, 22168 MiB
0 %, 22168 MiB
0 %, 22168 MiB
0 %, 22168 MiB
0 %, 22168 MiB
0 %, 22168 MiB
0 %, 22168 MiB
0 %, 22168 MiB
0 %, 22168 MiB
0 %, 22168 MiB
0 %, 22168 MiB
0 %, 22168 MiB
0 %, 22168 MiB
0 %, 22168 MiB
0 %, 22168 MiB
0 %, 22168 MiB
0 %, 22168 MiB
0 %, 22168 MiB
0 %, 22168 MiB
0 %, 22168 MiB
0 %, 22168 MiB
0 %, 22168 MiB
0 %, 22168 MiB
0 %, 22168 MiB
0 %, 22168 MiB
0 %, 22168 MiB
0 %, 22168 MiB
0 %, 22168 MiB
0 %, 22168 MiB
0 %, 22168 MiB
0 %, 22168 MiB
0 %, 22168 MiB
0 %, 22168 MiB
0 %, 22168 MiB
0 %, 22168 MiB
0 %, 22168 MiB
0 %, 22168 MiB
0 %, 22168 MiB
0 %, 22168 MiB
