0 %, 22034 MiB
0 %, 22034 MiB
0 %, 22034 MiB
100 %, 22034 MiB
84 %, 22040 MiB
100 %, 22042 MiB
100 %, 22048 MiB
100 %, 22050 MiB
100 %, 22056 MiB
100 %, 22058 MiB
83 %, 22064 MiB
100 %, 22066 MiB
100 %, 22072 MiB
100 %, 22074 MiB
100 %, 22080 MiB
100 %, 22082 MiB
100 %, 22088 MiB
100 %, 22090 MiB
100 %, 22094 MiB
100 %, 22098 MiB
100 %, 22104 MiB
100 %, 22106 MiB
100 %, 22112 MiB
100 %, 22114 MiB
84 %, 22120 MiB
100 %, 22122 MiB
100 %, 22126 MiB
100 %, 22130 MiB
100 %, 22136 MiB
100 %, 22138 MiB
100 %, 22144 MiB
100 %, 22146 MiB
100 %, 22152 MiB
100 %, 22154 MiB
100 %, 22160 MiB
100 %, 22162 MiB
100 %, 22162 MiB
100 %, 22162 MiB
90 %, 22162 MiB
100 %, 22162 MiB
100 %, 22162 MiB
100 %, 22166 MiB
100 %, 22166 MiB
100 %, 22166 MiB
100 %, 22166 MiB
100 %, 22166 MiB
100 %, 22166 MiB
100 %, 22166 MiB
72 %, 22166 MiB
100 %, 22166 MiB
96 %, 22166 MiB
100 %, 22166 MiB
100 %, 22168 MiB
100 %, 22168 MiB
87 %, 22168 MiB
100 %, 22168 MiB
92 %, 22168 MiB
100 %, 22168 MiB
95 %, 22168 MiB
100 %, 22168 MiB
100 %, 22168 MiB
100 %, 22168 MiB
74 %, 22168 MiB
