0 %, 22034 MiB
0 %, 22034 MiB
0 %, 22034 MiB
0 %, 22034 MiB
0 %, 22034 MiB
100 %, 22036 MiB
65 %, 22044 MiB
90 %, 22052 MiB
98 %, 22060 MiB
100 %, 22068 MiB
100 %, 22076 MiB
100 %, 22084 MiB
100 %, 22092 MiB
85 %, 22100 MiB
100 %, 22108 MiB
100 %, 22116 MiB
100 %, 22124 MiB
100 %, 22132 MiB
100 %, 22140 MiB
84 %, 22148 MiB
100 %, 22156 MiB
84 %, 22162 MiB
96 %, 22162 MiB
84 %, 22162 MiB
100 %, 22162 MiB
100 %, 22162 MiB
100 %, 22164 MiB
88 %, 22164 MiB
100 %, 22164 MiB
85 %, 22164 MiB
100 %, 22164 MiB
84 %, 22164 MiB
100 %, 22164 MiB
100 %, 22164 MiB
88 %, 22164 MiB
84 %, 22164 MiB
89 %, 22164 MiB
84 %, 22164 MiB
98 %, 22164 MiB
100 %, 22164 MiB
100 %, 22164 MiB
100 %, 22164 MiB
97 %, 22168 MiB
84 %, 22168 MiB
93 %, 22168 MiB
98 %, 22168 MiB
84 %, 22168 MiB
86 %, 22168 MiB
100 %, 22168 MiB
100 %, 22168 MiB
100 %, 22168 MiB
100 %, 22168 MiB
100 %, 22168 MiB
100 %, 22168 MiB
100 %, 22168 MiB
100 %, 22168 MiB
0 %, 22168 MiB
100 %, 22168 MiB
100 %, 22168 MiB
76 %, 22168 MiB
82 %, 22168 MiB
0 %, 22168 MiB
100 %, 22168 MiB
10 %, 22168 MiB
0 %, 22168 MiB
