0 %, 22034 MiB
0 %, 22034 MiB
0 %, 22034 MiB
88 %, 22036 MiB
100 %, 22042 MiB
100 %, 22048 MiB
73 %, 22054 MiB
100 %, 22060 MiB
93 %, 22066 MiB
80 %, 22072 MiB
100 %, 22078 MiB
100 %, 22084 MiB
99 %, 22090 MiB
80 %, 22096 MiB
99 %, 22102 MiB
79 %, 22108 MiB
89 %, 22114 MiB
85 %, 22120 MiB
100 %, 22126 MiB
100 %, 22132 MiB
100 %, 22138 MiB
84 %, 22144 MiB
100 %, 22150 MiB
85 %, 22156 MiB
95 %, 22162 MiB
84 %, 22162 MiB
80 %, 22162 MiB
100 %, 22162 MiB
79 %, 22162 MiB
91 %, 22162 MiB
73 %, 22162 MiB
82 %, 22162 MiB
80 %, 22162 MiB
80 %, 22162 MiB
73 %, 22162 MiB
79 %, 22162 MiB
100 %, 22162 MiB
100 %, 22162 MiB
100 %, 22162 MiB
79 %, 22162 MiB
100 %, 22162 MiB
60 %, 22166 MiB
81 %, 22166 MiB
100 %, 22166 MiB
100 %, 22168 MiB
90 %, 22168 MiB
100 %, 22168 MiB
100 %, 22168 MiB
90 %, 22168 MiB
100 %, 22168 MiB
80 %, 22168 MiB
79 %, 22168 MiB
100 %, 22168 MiB
97 %, 22168 MiB
81 %, 22168 MiB
97 %, 22168 MiB
88 %, 22168 MiB
100 %, 22168 MiB
69 %, 22168 MiB
79 %, 22168 MiB
100 %, 22168 MiB
100 %, 22168 MiB
83 %, 22168 MiB
