0 %, 22034 MiB
0 %, 22034 MiB
0 %, 22034 MiB
1 %, 22034 MiB
98 %, 22036 MiB
53 %, 22038 MiB
97 %, 22040 MiB
60 %, 22042 MiB
33 %, 22044 MiB
0 %, 22046 MiB
36 %, 22048 MiB
7 %, 22048 MiB
39 %, 22052 MiB
66 %, 22054 MiB
90 %, 22056 MiB
58 %, 22058 MiB
22 %, 22060 MiB
33 %, 22062 MiB
4 %, 22064 MiB
79 %, 22066 MiB
73 %, 22068 MiB
100 %, 22070 MiB
32 %, 22072 MiB
100 %, 22074 MiB
0 %, 22076 MiB
100 %, 22076 MiB
0 %, 22080 MiB
100 %, 22082 MiB
0 %, 22084 MiB
100 %, 22086 MiB
0 %, 22088 MiB
100 %, 22090 MiB
0 %, 22092 MiB
100 %, 22094 MiB
0 %, 22096 MiB
100 %, 22098 MiB
0 %, 22100 MiB
100 %, 22102 MiB
0 %, 22104 MiB
100 %, 22106 MiB
0 %, 22108 MiB
100 %, 22110 MiB
0 %, 22112 MiB
100 %, 22114 MiB
0 %, 22116 MiB
100 %, 22118 MiB
0 %, 22120 MiB
100 %, 22122 MiB
0 %, 22124 MiB
98 %, 22124 MiB
0 %, 22128 MiB
100 %, 22130 MiB
0 %, 22132 MiB
100 %, 22134 MiB
0 %, 22136 MiB
100 %, 22138 MiB
0 %, 22140 MiB
100 %, 22142 MiB
0 %, 22144 MiB
100 %, 22146 MiB
0 %, 22148 MiB
100 %, 22150 MiB
0 %, 22152 MiB
