0 %, 22034 MiB
0 %, 22034 MiB
0 %, 22034 MiB
85 %, 22036 MiB
100 %, 22040 MiB
73 %, 22048 MiB
79 %, 22054 MiB
80 %, 22060 MiB
100 %, 22066 MiB
86 %, 22072 MiB
100 %, 22078 MiB
90 %, 22084 MiB
100 %, 22088 MiB
86 %, 22096 MiB
100 %, 22102 MiB
86 %, 22108 MiB
100 %, 22114 MiB
98 %, 22120 MiB
100 %, 22126 MiB
100 %, 22132 MiB
100 %, 22138 MiB
100 %, 22144 MiB
100 %, 22150 MiB
100 %, 22156 MiB
100 %, 22162 MiB
86 %, 22162 MiB
100 %, 22162 MiB
100 %, 22162 MiB
100 %, 22162 MiB
81 %, 22162 MiB
100 %, 22162 MiB
81 %, 22162 MiB
100 %, 22162 MiB
81 %, 22162 MiB
100 %, 22162 MiB
85 %, 22162 MiB
100 %, 22162 MiB
100 %, 22162 MiB
100 %, 22162 MiB
100 %, 22162 MiB
100 %, 22162 MiB
85 %, 22162 MiB
100 %, 22162 MiB
100 %, 22162 MiB
100 %, 22162 MiB
100 %, 22162 MiB
100 %, 22168 MiB
100 %, 22168 MiB
100 %, 22168 MiB
100 %, 22168 MiB
100 %, 22168 MiB
86 %, 22168 MiB
100 %, 22168 MiB
100 %, 22168 MiB
88 %, 22168 MiB
100 %, 22168 MiB
85 %, 22168 MiB
100 %, 22168 MiB
85 %, 22168 MiB
100 %, 22168 MiB
100 %, 22168 MiB
100 %, 22168 MiB
4 %, 22168 MiB
100 %, 22168 MiB
85 %, 22168 MiB
100 %, 22168 MiB
0 %, 22168 MiB
100 %, 22168 MiB
100 %, 22168 MiB
87 %, 22168 MiB
100 %, 22168 MiB
100 %, 22168 MiB
0 %, 22168 MiB
100 %, 22168 MiB
100 %, 22168 MiB
100 %, 22168 MiB
100 %, 22168 MiB
100 %, 22168 MiB
100 %, 22168 MiB
86 %, 22168 MiB
0 %, 1 MiB
0 %, 1 MiB
0 %, 1 MiB
0 %, 1 MiB
0 %, 1 MiB
0 %, 1 MiB
0 %, 1 MiB
0 %, 1 MiB
0 %, 1 MiB
0 %, 1 MiB
0 %, 1 MiB
0 %, 1 MiB
0 %, 1 MiB
0 %, 1 MiB
0 %, 1 MiB
0 %, 1 MiB
0 %, 1 MiB
0 %, 1 MiB
0 %, 1 MiB
0 %, 1 MiB
0 %, 1 MiB
0 %, 1 MiB
0 %, 1 MiB
0 %, 1 MiB
0 %, 1 MiB
0 %, 1 MiB
0 %, 1 MiB
0 %, 1 MiB
0 %, 1 MiB
0 %, 1 MiB
0 %, 1 MiB
0 %, 1 MiB
0 %, 1 MiB
0 %, 1 MiB
0 %, 1 MiB
0 %, 1 MiB
0 %, 1 MiB
0 %, 1 MiB
0 %, 1 MiB
0 %, 1 MiB
0 %, 1 MiB
0 %, 1 MiB
0 %, 1 MiB
